[0.008s] Invoking command in '/home/simonzhang/g1-mujoco-ros2-nav-sim-G1-MuJoCo-ROS2-/build/unitree_mujoco': CMAKE_PREFIX_PATH=/home/simonzhang/g1-mujoco-ros2-nav-sim-G1-MuJoCo-ROS2-/install/unitree_sdk2 LD_LIBRARY_PATH=/home/simonzhang/g1-mujoco-ros2-nav-sim-G1-MuJoCo-ROS2-/install/unitree_sdk2/lib:${LD_LIBRARY_PATH} /usr/bin/cmake /home/simonzhang/g1-mujoco-ros2-nav-sim-G1-MuJoCo-ROS2-/src/unitree_mujoco/simulate -DPython3_EXECUTABLE=/usr/bin/python3 -DCMAKE_INSTALL_PREFIX=/home/simonzhang/g1-mujoco-ros2-nav-sim-G1-MuJoCo-ROS2-/install/unitree_mujoco
[0.043s] -- The C compiler identification is GNU 11.4.0
[0.105s] -- The CXX compiler identification is GNU 11.4.0
[0.114s] -- Detecting C compiler ABI info
[0.176s] -- Detecting C compiler ABI info - done
[0.182s] -- Check for working C compiler: /usr/bin/cc - skipped
[0.182s] -- Detecting C compile features
[0.182s] -- Detecting C compile features - done
[0.184s] -- Detecting CXX compiler ABI info
[0.278s] -- Detecting CXX compiler ABI info - done
[0.285s] -- Check for working CXX compiler: /usr/bin/c++ - skipped
[0.285s] -- Detecting CXX compile features
[0.285s] -- Detecting CXX compile features - done
[0.285s] [0mRelease mode[0m
[0.289s] -- Looking for pthread.h
[0.400s] -- Looking for pthread.h - found
[0.400s] -- Performing Test CMAKE_HAVE_LIBC_PTHREAD
[0.508s] -- Performing Test CMAKE_HAVE_LIBC_PTHREAD - Success
[0.508s] -- Found Threads: TRUE  
[0.514s] -- Found Boost: /usr/lib/x86_64-linux-gnu/cmake/Boost-1.74.0/BoostConfig.cmake (found version "1.74.0") found components: program_options 
[0.520s] -- Configuring done
[0.520s] -- Generating done
[0.520s] -- Build files have been written to: /home/simonzhang/g1-mujoco-ros2-nav-sim-G1-MuJoCo-ROS2-/build/unitree_mujoco
[0.521s] [33mCMake Warning:
[0.521s]   Manually-specified variables were not used by the project:
[0.521s] 
[0.521s]     Python3_EXECUTABLE
[0.521s] 
[0.521s] [0m
[0.527s] Invoked command in '/home/simonzhang/g1-mujoco-ros2-nav-sim-G1-MuJoCo-ROS2-/build/unitree_mujoco' returned '0': CMAKE_PREFIX_PATH=/home/simonzhang/g1-mujoco-ros2-nav-sim-G1-MuJoCo-ROS2-/install/unitree_sdk2 LD_LIBRARY_PATH=/home/simonzhang/g1-mujoco-ros2-nav-sim-G1-MuJoCo-ROS2-/install/unitree_sdk2/lib:${LD_LIBRARY_PATH} /usr/bin/cmake /home/simonzhang/g1-mujoco-ros2-nav-sim-G1-MuJoCo-ROS2-/src/unitree_mujoco/simulate -DPython3_EXECUTABLE=/usr/bin/python3 -DCMAKE_INSTALL_PREFIX=/home/simonzhang/g1-mujoco-ros2-nav-sim-G1-MuJoCo-ROS2-/install/unitree_mujoco
[0.530s] Invoking command in '/home/simonzhang/g1-mujoco-ros2-nav-sim-G1-MuJoCo-ROS2-/build/unitree_mujoco': CMAKE_PREFIX_PATH=/home/simonzhang/g1-mujoco-ros2-nav-sim-G1-MuJoCo-ROS2-/install/unitree_sdk2 LD_LIBRARY_PATH=/home/simonzhang/g1-mujoco-ros2-nav-sim-G1-MuJoCo-ROS2-/install/unitree_sdk2/lib:${LD_LIBRARY_PATH} /usr/bin/cmake --build /home/simonzhang/g1-mujoco-ros2-nav-sim-G1-MuJoCo-ROS2-/build/unitree_mujoco -- -j24 -l24
[0.602s] [ 12%] [32mBuilding CXX object CMakeFiles/unitree_mujoco.dir/src/joystick/joystick.cc.o[0m
[0.603s] [ 25%] [32mBuilding CXX object CMakeFiles/jstest.dir/src/joystick/jstest.cc.o[0m
[0.609s] [ 37%] [32mBuilding CXX object CMakeFiles/jstest.dir/src/joystick/joystick.cc.o[0m
[0.610s] [ 62%] [32mBuilding CXX object CMakeFiles/unitree_mujoco.dir/src/main.cc.o[0m
[0.610s] [ 50%] [32mBuilding CXX object CMakeFiles/unitree_mujoco.dir/src/lodepng/lodepng.cpp.o[0m
[0.613s] [ 75%] [32mBuilding CXX object CMakeFiles/unitree_mujoco.dir/src/shm_nav_bridge.cc.o[0m
[0.625s] [01m[K/home/simonzhang/g1-mujoco-ros2-nav-sim-G1-MuJoCo-ROS2-/src/unitree_mujoco/simulate/src/main.cc:17:10:[m[K [01;31m[Kfatal error: [m[Kglfw_adapter.h: No such file or directory
[0.625s]    17 | #include [01;31m[K"glfw_adapter.h"[m[K
[0.625s]       |          [01;31m[K^~~~~~~~~~~~~~~~[m[K
[0.625s] compilation terminated.
[0.630s] gmake[2]: *** [CMakeFiles/unitree_mujoco.dir/build.make:104: CMakeFiles/unitree_mujoco.dir/src/main.cc.o] Error 1
[0.630s] gmake[2]: *** Waiting for unfinished jobs....
[1.732s] [ 87%] [32m[1mLinking CXX executable jstest[0m
[1.920s] [ 87%] Built target jstest
[3.184s] gmake[1]: *** [CMakeFiles/Makefile2:85: CMakeFiles/unitree_mujoco.dir/all] Error 2
[3.185s] gmake: *** [Makefile:91: all] Error 2
