[0.019s] Invoking command in '/home/simonzhang/g1-mujoco-ros2-nav-sim-G1-MuJoCo-ROS2-/build/livox_sdk2': /usr/bin/cmake /home/simonzhang/g1-mujoco-ros2-nav-sim-G1-MuJoCo-ROS2-/src/Livox-SDK2 -DPython3_EXECUTABLE=/usr/bin/python3 -DCMAKE_INSTALL_PREFIX=/home/simonzhang/g1-mujoco-ros2-nav-sim-G1-MuJoCo-ROS2-/install/livox_sdk2
[0.241s] -- main project dir: /home/simonzhang/g1-mujoco-ros2-nav-sim-G1-MuJoCo-ROS2-/src/Livox-SDK2
[0.241s] -- main project dir: /home/simonzhang/g1-mujoco-ros2-nav-sim-G1-MuJoCo-ROS2-/src/Livox-SDK2/samples
[0.241s] -- Configuring done
[0.242s] -- Generating done
[0.242s] -- Build files have been written to: /home/simonzhang/g1-mujoco-ros2-nav-sim-G1-MuJoCo-ROS2-/build/livox_sdk2
[0.245s] Invoked command in '/home/simonzhang/g1-mujoco-ros2-nav-sim-G1-MuJoCo-ROS2-/build/livox_sdk2' returned '0': /usr/bin/cmake /home/simonzhang/g1-mujoco-ros2-nav-sim-G1-MuJoCo-ROS2-/src/Livox-SDK2 -DPython3_EXECUTABLE=/usr/bin/python3 -DCMAKE_INSTALL_PREFIX=/home/simonzhang/g1-mujoco-ros2-nav-sim-G1-MuJoCo-ROS2-/install/livox_sdk2
[0.245s] Invoking command in '/home/simonzhang/g1-mujoco-ros2-nav-sim-G1-MuJoCo-ROS2-/build/livox_sdk2': /usr/bin/cmake --build /home/simonzhang/g1-mujoco-ros2-nav-sim-G1-MuJoCo-ROS2-/build/livox_sdk2 -- -j24 -l24
[0.271s] [35m[1mConsolidate compiler generated dependencies of target livox_lidar_sdk_static[0m
[0.271s] [35m[1mConsolidate compiler generated dependencies of target livox_lidar_sdk_shared[0m
[0.290s] [ 47%] Built target livox_lidar_sdk_shared
[0.290s] [ 84%] Built target livox_lidar_sdk_static
[0.309s] [35m[1mConsolidate compiler generated dependencies of target multi_lidars_upgrade[0m
[0.309s] [35m[1mConsolidate compiler generated dependencies of target logger[0m
[0.309s] [35m[1mConsolidate compiler generated dependencies of target livox_lidar_quick_start[0m
[0.309s] [35m[1mConsolidate compiler generated dependencies of target debug_point_cloud[0m
[0.309s] [35m[1mConsolidate compiler generated dependencies of target livox_lidar_rmc_time_sync[0m
[0.309s] [35m[1mConsolidate compiler generated dependencies of target lidar_cmd_observer[0m
[0.329s] [ 90%] Built target livox_lidar_quick_start
[0.329s] [ 90%] Built target livox_lidar_rmc_time_sync
[0.329s] [ 95%] Built target logger
[0.329s] [ 94%] Built target multi_lidars_upgrade
[0.329s] [100%] Built target debug_point_cloud
[0.329s] [100%] Built target lidar_cmd_observer
[0.330s] Invoked command in '/home/simonzhang/g1-mujoco-ros2-nav-sim-G1-MuJoCo-ROS2-/build/livox_sdk2' returned '0': /usr/bin/cmake --build /home/simonzhang/g1-mujoco-ros2-nav-sim-G1-MuJoCo-ROS2-/build/livox_sdk2 -- -j24 -l24
[0.330s] Invoking command in '/home/simonzhang/g1-mujoco-ros2-nav-sim-G1-MuJoCo-ROS2-/build/livox_sdk2': /usr/bin/cmake --install /home/simonzhang/g1-mujoco-ros2-nav-sim-G1-MuJoCo-ROS2-/build/livox_sdk2
[0.330s] -- Install configuration: ""
[0.330s] -- Up-to-date: /home/simonzhang/g1-mujoco-ros2-nav-sim-G1-MuJoCo-ROS2-/install/livox_sdk2/lib/liblivox_lidar_sdk_static.a
[0.330s] -- Up-to-date: /home/simonzhang/g1-mujoco-ros2-nav-sim-G1-MuJoCo-ROS2-/install/livox_sdk2/include/livox_lidar_def.h
[0.330s] -- Up-to-date: /home/simonzhang/g1-mujoco-ros2-nav-sim-G1-MuJoCo-ROS2-/install/livox_sdk2/include/livox_lidar_api.h
[0.330s] -- Up-to-date: /home/simonzhang/g1-mujoco-ros2-nav-sim-G1-MuJoCo-ROS2-/install/livox_sdk2/include/livox_lidar_cfg.h
[0.330s] -- Up-to-date: /home/simonzhang/g1-mujoco-ros2-nav-sim-G1-MuJoCo-ROS2-/install/livox_sdk2/lib/liblivox_lidar_sdk_shared.so
[0.333s] Invoked command in '/home/simonzhang/g1-mujoco-ros2-nav-sim-G1-MuJoCo-ROS2-/build/livox_sdk2' returned '0': /usr/bin/cmake --install /home/simonzhang/g1-mujoco-ros2-nav-sim-G1-MuJoCo-ROS2-/build/livox_sdk2
