running egg_info
creating ../../build/unitree_rl_mjlab/unitree_rl_mjlab.egg-info
writing ../../build/unitree_rl_mjlab/unitree_rl_mjlab.egg-info/PKG-INFO
writing dependency_links to ../../build/unitree_rl_mjlab/unitree_rl_mjlab.egg-info/dependency_links.txt
writing requirements to ../../build/unitree_rl_mjlab/unitree_rl_mjlab.egg-info/requires.txt
writing top-level names to ../../build/unitree_rl_mjlab/unitree_rl_mjlab.egg-info/top_level.txt
writing manifest file '../../build/unitree_rl_mjlab/unitree_rl_mjlab.egg-info/SOURCES.txt'
reading manifest file '../../build/unitree_rl_mjlab/unitree_rl_mjlab.egg-info/SOURCES.txt'
adding license file 'LICENCE'
writing manifest file '../../build/unitree_rl_mjlab/unitree_rl_mjlab.egg-info/SOURCES.txt'
running build
running build_py
creating /home/simonzhang/g1-mujoco-ros2-nav-sim-G1-MuJoCo-ROS2-/build/unitree_rl_mjlab/build
creating /home/simonzhang/g1-mujoco-ros2-nav-sim-G1-MuJoCo-ROS2-/build/unitree_rl_mjlab/build/lib
creating /home/simonzhang/g1-mujoco-ros2-nav-sim-G1-MuJoCo-ROS2-/build/unitree_rl_mjlab/build/lib/src
copying src/__init__.py -> /home/simonzhang/g1-mujoco-ros2-nav-sim-G1-MuJoCo-ROS2-/build/unitree_rl_mjlab/build/lib/src
running install
running install_lib
creating /home/simonzhang/g1-mujoco-ros2-nav-sim-G1-MuJoCo-ROS2-/install/unitree_rl_mjlab/lib/python3.10/site-packages/src
copying /home/simonzhang/g1-mujoco-ros2-nav-sim-G1-MuJoCo-ROS2-/build/unitree_rl_mjlab/build/lib/src/__init__.py -> /home/simonzhang/g1-mujoco-ros2-nav-sim-G1-MuJoCo-ROS2-/install/unitree_rl_mjlab/lib/python3.10/site-packages/src
byte-compiling /home/simonzhang/g1-mujoco-ros2-nav-sim-G1-MuJoCo-ROS2-/install/unitree_rl_mjlab/lib/python3.10/site-packages/src/__init__.py to __init__.cpython-310.pyc
running install_egg_info
Copying ../../build/unitree_rl_mjlab/unitree_rl_mjlab.egg-info to /home/simonzhang/g1-mujoco-ros2-nav-sim-G1-MuJoCo-ROS2-/install/unitree_rl_mjlab/lib/python3.10/site-packages/unitree_rl_mjlab-0.0.1-py3.10.egg-info
running install_scripts
writing list of installed files to '/home/simonzhang/g1-mujoco-ros2-nav-sim-G1-MuJoCo-ROS2-/build/unitree_rl_mjlab/install.log'
