[0.470s] Invoking command in '/home/simonzhang/g1-mujoco-ros2-nav-sim-G1-MuJoCo-ROS2-/src/unitree_rl_mjlab': PYTHONPATH=/home/simonzhang/g1-mujoco-ros2-nav-sim-G1-MuJoCo-ROS2-/build/unitree_rl_mjlab/prefix_override:/usr/lib/python3/dist-packages/colcon_core/task/python/colcon_distutils_commands:/home/simonzhang/g1-mujoco-ros2-nav-sim-G1-MuJoCo-ROS2-/install/unitree_rl_mjlab/lib/python3.10/site-packages:${PYTHONPATH} /usr/bin/python3 -W ignore:setup.py install is deprecated -W ignore:easy_install command is deprecated setup.py egg_info --egg-base ../../build/unitree_rl_mjlab build --build-base /home/simonzhang/g1-mujoco-ros2-nav-sim-G1-MuJoCo-ROS2-/build/unitree_rl_mjlab/build install --record /home/simonzhang/g1-mujoco-ros2-nav-sim-G1-MuJoCo-ROS2-/build/unitree_rl_mjlab/install.log --single-version-externally-managed
[0.700s] running egg_info
[0.700s] creating ../../build/unitree_rl_mjlab/unitree_rl_mjlab.egg-info
[0.700s] writing ../../build/unitree_rl_mjlab/unitree_rl_mjlab.egg-info/PKG-INFO
[0.700s] writing dependency_links to ../../build/unitree_rl_mjlab/unitree_rl_mjlab.egg-info/dependency_links.txt
[0.700s] writing requirements to ../../build/unitree_rl_mjlab/unitree_rl_mjlab.egg-info/requires.txt
[0.700s] writing top-level names to ../../build/unitree_rl_mjlab/unitree_rl_mjlab.egg-info/top_level.txt
[0.700s] writing manifest file '../../build/unitree_rl_mjlab/unitree_rl_mjlab.egg-info/SOURCES.txt'
[0.700s] reading manifest file '../../build/unitree_rl_mjlab/unitree_rl_mjlab.egg-info/SOURCES.txt'
[0.701s] adding license file 'LICENCE'
[0.701s] writing manifest file '../../build/unitree_rl_mjlab/unitree_rl_mjlab.egg-info/SOURCES.txt'
[0.701s] running build
[0.701s] running build_py
[0.701s] creating /home/simonzhang/g1-mujoco-ros2-nav-sim-G1-MuJoCo-ROS2-/build/unitree_rl_mjlab/build
[0.701s] creating /home/simonzhang/g1-mujoco-ros2-nav-sim-G1-MuJoCo-ROS2-/build/unitree_rl_mjlab/build/lib
[0.701s] creating /home/simonzhang/g1-mujoco-ros2-nav-sim-G1-MuJoCo-ROS2-/build/unitree_rl_mjlab/build/lib/src
[0.701s] copying src/__init__.py -> /home/simonzhang/g1-mujoco-ros2-nav-sim-G1-MuJoCo-ROS2-/build/unitree_rl_mjlab/build/lib/src
[0.701s] running install
[0.701s] running install_lib
[0.705s] creating /home/simonzhang/g1-mujoco-ros2-nav-sim-G1-MuJoCo-ROS2-/install/unitree_rl_mjlab/lib/python3.10/site-packages/src
[0.705s] copying /home/simonzhang/g1-mujoco-ros2-nav-sim-G1-MuJoCo-ROS2-/build/unitree_rl_mjlab/build/lib/src/__init__.py -> /home/simonzhang/g1-mujoco-ros2-nav-sim-G1-MuJoCo-ROS2-/install/unitree_rl_mjlab/lib/python3.10/site-packages/src
[0.706s] byte-compiling /home/simonzhang/g1-mujoco-ros2-nav-sim-G1-MuJoCo-ROS2-/install/unitree_rl_mjlab/lib/python3.10/site-packages/src/__init__.py to __init__.cpython-310.pyc
[0.706s] running install_egg_info
[0.707s] Copying ../../build/unitree_rl_mjlab/unitree_rl_mjlab.egg-info to /home/simonzhang/g1-mujoco-ros2-nav-sim-G1-MuJoCo-ROS2-/install/unitree_rl_mjlab/lib/python3.10/site-packages/unitree_rl_mjlab-0.0.1-py3.10.egg-info
[0.707s] running install_scripts
[0.732s] writing list of installed files to '/home/simonzhang/g1-mujoco-ros2-nav-sim-G1-MuJoCo-ROS2-/build/unitree_rl_mjlab/install.log'
