[35m[1mConsolidate compiler generated dependencies of target advanced_gamepad[0m
[35m[1mConsolidate compiler generated dependencies of target go2_low_level[0m
[35m[1mConsolidate compiler generated dependencies of target state_machine_example[0m
[35m[1mConsolidate compiler generated dependencies of target h1_2_ankle_track[0m
[35m[1mConsolidate compiler generated dependencies of target h1_27dof_example[0m
[  1%] [32mBuilding CXX object example/wireless_controller/CMakeFiles/advanced_gamepad.dir/main.cpp.o[0m
[  2%] [32mBuilding CXX object example/go2/CMakeFiles/go2_low_level.dir/go2_low_level.cpp.o[0m
[  3%] [32mBuilding CXX object example/state_machine/CMakeFiles/state_machine_example.dir/main.cpp.o[0m
[  6%] Built target test_publisher
[  7%] [32mBuilding CXX object example/h1/CMakeFiles/h1_2_ankle_track.dir/low_level/h1_2_ankle_track.cpp.o[0m
[ 11%] Built target test_subscriber
[ 13%] Built target test_jsonize
[ 14%] [32mBuilding CXX object example/h1/CMakeFiles/h1_27dof_example.dir/low_level/h1_27dof_example.cpp.o[0m
[ 17%] Built target go2_sport_client
[ 19%] Built target go2_stand_example
[ 21%] Built target go2_robot_state_client
[ 23%] Built target b2_sport_client
[ 26%] Built target go2_vui_client
[ 28%] Built target h1_loco_client
[ 30%] Built target go2_video_client
[ 32%] Built target b2_stand_example
[ 35%] Built target h1_low_level_example
[ 37%] Built target h1_2_arm_sdk_dds_example
[35m[1mConsolidate compiler generated dependencies of target g1_userctrl_dds_example[0m
[35m[1mConsolidate compiler generated dependencies of target g1_termination[0m
[ 39%] Built target g1_ankle_swing_example
[ 42%] Built target g1_loco_client
[ 44%] Built target h1_arm_sdk_dds_example
[ 46%] Built target g1_arm5_sdk_dds_example
[ 48%] Built target g1_arm7_sdk_dds_example
[ 51%] Built target g1_dex3_example
[35m[1mConsolidate compiler generated dependencies of target g1_arm_action_example[0m
[35m[1mConsolidate compiler generated dependencies of target g1_agv_client_example[0m
[35m[1mConsolidate compiler generated dependencies of target g1_hand_sdk_example[0m
[35m[1mConsolidate compiler generated dependencies of target g1d_arm_example[0m
[35m[1mConsolidate compiler generated dependencies of target g1_dual_arm_example[0m
[ 53%] Built target g1_userctrl_dds_example
[ 55%] Built target g1_audio_client_example
[ 57%] Built target g1_arm_action_example
[35m[1mConsolidate compiler generated dependencies of target b2w_stand_example[0m
[ 60%] Built target g1_termination
[35m[1mConsolidate compiler generated dependencies of target b2w_sport_client[0m
[ 62%] Built target g1_hand_sdk_example
[35m[1mConsolidate compiler generated dependencies of target a2_sport_state[0m
[35m[1mConsolidate compiler generated dependencies of target go2w_stand_example[0m
[ 64%] Built target g1_agv_client_example
[35m[1mConsolidate compiler generated dependencies of target a2_sport_client[0m
[ 67%] Built target g1_dual_arm_example
[35m[1mConsolidate compiler generated dependencies of target go2w_sport_client[0m
[ 69%] Built target b2w_sport_client
[ 71%] Built target g1d_arm_example
[35m[1mConsolidate compiler generated dependencies of target a2_audio_client_example[0m
[35m[1mConsolidate compiler generated dependencies of target r1_loco_client[0m
[ 73%] Built target b2w_stand_example
[35m[1mConsolidate compiler generated dependencies of target r1_ankle_swing_example[0m
[ 76%] Built target a2_sport_state
[ 78%] Built target a2_sport_client
[ 80%] Built target go2w_sport_client
[35m[1mConsolidate compiler generated dependencies of target h2_loco_client[0m
[ 82%] Built target a2_audio_client_example
[ 85%] Built target r1_ankle_swing_example
[ 87%] Built target r1_loco_client
[ 89%] Built target go2w_stand_example
[35m[1mConsolidate compiler generated dependencies of target h2_ankle_swing_example[0m
[ 92%] Built target h2_loco_client
[ 94%] Built target h2_ankle_swing_example
