[0.260s] Invoking command in '/home/simonzhang/g1-mujoco-ros2-nav-sim-G1-MuJoCo-ROS2-/build/mujuco_sim': PYTHONPATH=/home/simonzhang/g1-mujoco-ros2-nav-sim-G1-MuJoCo-ROS2-/build/mujuco_sim/prefix_override:/usr/lib/python3/dist-packages/colcon_core/task/python/colcon_distutils_commands:/home/simonzhang/g1-mujoco-ros2-nav-sim-G1-MuJoCo-ROS2-/install/mujuco_sim/lib/python3.10/site-packages:${PYTHONPATH} /usr/bin/python3 -W ignore:setup.py install is deprecated -W ignore:easy_install command is deprecated setup.py develop --editable --build-directory /home/simonzhang/g1-mujoco-ros2-nav-sim-G1-MuJoCo-ROS2-/build/mujuco_sim/build --no-deps symlink_data
[0.370s] running develop
[0.430s] running egg_info
[0.430s] writing mujuco_sim.egg-info/PKG-INFO
[0.430s] writing dependency_links to mujuco_sim.egg-info/dependency_links.txt
[0.430s] writing entry points to mujuco_sim.egg-info/entry_points.txt
[0.430s] writing requirements to mujuco_sim.egg-info/requires.txt
[0.430s] writing top-level names to mujuco_sim.egg-info/top_level.txt
[0.431s] reading manifest file 'mujuco_sim.egg-info/SOURCES.txt'
[0.432s] writing manifest file 'mujuco_sim.egg-info/SOURCES.txt'
[0.432s] running build_ext
[0.432s] Creating /home/simonzhang/g1-mujoco-ros2-nav-sim-G1-MuJoCo-ROS2-/install/mujuco_sim/lib/python3.10/site-packages/mujuco-sim.egg-link (link to .)
[0.433s] Installing fastlio_tf_bridge script to /home/simonzhang/g1-mujoco-ros2-nav-sim-G1-MuJoCo-ROS2-/install/mujuco_sim/lib/mujuco_sim
[0.433s] Installing mujoco_camera_bridge script to /home/simonzhang/g1-mujoco-ros2-nav-sim-G1-MuJoCo-ROS2-/install/mujuco_sim/lib/mujuco_sim
[0.433s] Installing unitree_mujoco_shm_bridge script to /home/simonzhang/g1-mujoco-ros2-nav-sim-G1-MuJoCo-ROS2-/install/mujuco_sim/lib/mujuco_sim
[0.433s] 
[0.433s] Installed /home/simonzhang/g1-mujoco-ros2-nav-sim-G1-MuJoCo-ROS2-/build/mujuco_sim
[0.433s] running symlink_data
[0.433s] symbolically linking /home/simonzhang/g1-mujoco-ros2-nav-sim-G1-MuJoCo-ROS2-/build/mujuco_sim/launch/g1_nav_full.launch.py -> /home/simonzhang/g1-mujoco-ros2-nav-sim-G1-MuJoCo-ROS2-/install/mujuco_sim/share/mujuco_sim/launch
[0.447s] Invoked command in '/home/simonzhang/g1-mujoco-ros2-nav-sim-G1-MuJoCo-ROS2-/build/mujuco_sim' returned '0': PYTHONPATH=/home/simonzhang/g1-mujoco-ros2-nav-sim-G1-MuJoCo-ROS2-/build/mujuco_sim/prefix_override:/usr/lib/python3/dist-packages/colcon_core/task/python/colcon_distutils_commands:/home/simonzhang/g1-mujoco-ros2-nav-sim-G1-MuJoCo-ROS2-/install/mujuco_sim/lib/python3.10/site-packages:${PYTHONPATH} /usr/bin/python3 -W ignore:setup.py install is deprecated -W ignore:easy_install command is deprecated setup.py develop --editable --build-directory /home/simonzhang/g1-mujoco-ros2-nav-sim-G1-MuJoCo-ROS2-/build/mujuco_sim/build --no-deps symlink_data
