[33mCMake Warning:
  Manually-specified variables were not used by the project:

    Python3_EXECUTABLE

[0m
[01m[K/home/simonzhang/g1-mujoco-ros2-nav-sim-G1-MuJoCo-ROS2-/src/unitree_sdk2/example/go2/go2_low_level.cpp:[m[K In member function ‘[01m[Kvoid Custom::Init()[m[K’:
[01m[K/home/simonzhang/g1-mujoco-ros2-nav-sim-G1-MuJoCo-ROS2-/src/unitree_sdk2/example/go2/go2_low_level.cpp:106:28:[m[K [01;31m[Kerror: [m[K‘[01m[KCreateRecurrentThreadEx[m[K’ was not declared in this scope
  106 |     lowCmdWriteThreadPtr = [01;31m[KCreateRecurrentThreadEx[m[K("writebasiccmd", UT_CPU_ID_NONE, 2000, &Custom::LowCmdWrite, this);
      |                            [01;31m[K^~~~~~~~~~~~~~~~~~~~~~~[m[K
[01m[K/home/simonzhang/g1-mujoco-ros2-nav-sim-G1-MuJoCo-ROS2-/src/unitree_sdk2/example/h1/low_level/h1_2_ankle_track.cpp:[m[K In constructor ‘[01m[KH1Example::H1Example(std::string)[m[K’:
[01m[K/home/simonzhang/g1-mujoco-ros2-nav-sim-G1-MuJoCo-ROS2-/src/unitree_sdk2/example/h1/low_level/h1_2_ankle_track.cpp:74:27:[m[K [01;31m[Kerror: [m[K‘[01m[KCreateRecurrentThreadEx[m[K’ was not declared in this scope
   74 |     control_thread_ptr_ = [01;31m[KCreateRecurrentThreadEx[m[K(
      |                           [01;31m[K^~~~~~~~~~~~~~~~~~~~~~~[m[K
[01m[K/home/simonzhang/g1-mujoco-ros2-nav-sim-G1-MuJoCo-ROS2-/src/unitree_sdk2/example/h1/low_level/h1_27dof_example.cpp:[m[K In constructor ‘[01m[KH1Example::H1Example(std::string)[m[K’:
[01m[K/home/simonzhang/g1-mujoco-ros2-nav-sim-G1-MuJoCo-ROS2-/src/unitree_sdk2/example/h1/low_level/h1_27dof_example.cpp:205:9:[m[K [01;31m[Kerror: [m[K‘[01m[KCreateRecurrentThreadEx[m[K’ was not declared in this scope
  205 |         [01;31m[KCreateRecurrentThreadEx[m[K("command_writer", UT_CPU_ID_NONE, 2000,
      |         [01;31m[K^~~~~~~~~~~~~~~~~~~~~~~[m[K
In file included from [01m[K/home/simonzhang/g1-mujoco-ros2-nav-sim-G1-MuJoCo-ROS2-/src/unitree_sdk2/example/state_machine/main.cpp:12[m[K:
/home/simonzhang/g1-mujoco-ros2-nav-sim-G1-MuJoCo-ROS2-/src/unitree_sdk2/example/state_machine/robot_controller.hpp: In instantiation of ‘[01m[Kvoid RobotController<USER_CTRL>::StartControl() [with USER_CTRL = unitree::common::ExampleUserController][m[K’:
[01m[K/home/simonzhang/g1-mujoco-ros2-nav-sim-G1-MuJoCo-ROS2-/src/unitree_sdk2/example/state_machine/main.cpp:57:34:[m[K   required from here
[01m[K/home/simonzhang/g1-mujoco-ros2-nav-sim-G1-MuJoCo-ROS2-/src/unitree_sdk2/example/state_machine/robot_controller.hpp:87:53:[m[K [01;31m[Kerror: [m[K‘[01m[KCreateRecurrentThreadEx[m[K’ was not declared in this scope
   87 |         control_thread_ptr = [01;31m[KCreateRecurrentThreadEx("ctrl", UT_CPU_ID_NONE, ctrl_dt_micro_sec, &RobotController::ControlStep, this)[m[K;
      |                              [01;31m[K~~~~~~~~~~~~~~~~~~~~~~~^~~~~~~~~~~~~~~~~~~~~~~~~~~~~~~~~~~~~~~~~~~~~~~~~~~~~~~~~~~~~~~~~~~~~~~~~~~~~~~~[m[K
gmake[2]: *** [example/h1/CMakeFiles/h1_2_ankle_track.dir/build.make:76: example/h1/CMakeFiles/h1_2_ankle_track.dir/low_level/h1_2_ankle_track.cpp.o] Error 1
gmake[1]: *** [CMakeFiles/Makefile2:823: example/h1/CMakeFiles/h1_2_ankle_track.dir/all] Error 2
gmake[1]: *** Waiting for unfinished jobs....
gmake[2]: *** [example/go2/CMakeFiles/go2_low_level.dir/build.make:76: example/go2/CMakeFiles/go2_low_level.dir/go2_low_level.cpp.o] Error 1
gmake[1]: *** [CMakeFiles/Makefile2:563: example/go2/CMakeFiles/go2_low_level.dir/all] Error 2
[01m[K/home/simonzhang/g1-mujoco-ros2-nav-sim-G1-MuJoCo-ROS2-/src/unitree_sdk2/example/wireless_controller/main.cpp:[m[K In member function ‘[01m[Kvoid GamepadExample::Start()[m[K’:
[01m[K/home/simonzhang/g1-mujoco-ros2-nav-sim-G1-MuJoCo-ROS2-/src/unitree_sdk2/example/wireless_controller/main.cpp:74:30:[m[K [01;31m[Kerror: [m[K‘[01m[KCreateRecurrentThreadEx[m[K’ was not declared in this scope
   74 |         control_thread_ptr = [01;31m[KCreateRecurrentThreadEx[m[K("nn_ctrl", UT_CPU_ID_NONE, 40000, &GamepadExample::Step, this);
      |                              [01;31m[K^~~~~~~~~~~~~~~~~~~~~~~[m[K
gmake[2]: *** [example/h1/CMakeFiles/h1_27dof_example.dir/build.make:76: example/h1/CMakeFiles/h1_27dof_example.dir/low_level/h1_27dof_example.cpp.o] Error 1
gmake[1]: *** [CMakeFiles/Makefile2:797: example/h1/CMakeFiles/h1_27dof_example.dir/all] Error 2
gmake[2]: *** [example/wireless_controller/CMakeFiles/advanced_gamepad.dir/build.make:76: example/wireless_controller/CMakeFiles/advanced_gamepad.dir/main.cpp.o] Error 1
gmake[1]: *** [CMakeFiles/Makefile2:459: example/wireless_controller/CMakeFiles/advanced_gamepad.dir/all] Error 2
gmake[2]: *** [example/state_machine/CMakeFiles/state_machine_example.dir/build.make:76: example/state_machine/CMakeFiles/state_machine_example.dir/main.cpp.o] Error 1
gmake[1]: *** [CMakeFiles/Makefile2:511: example/state_machine/CMakeFiles/state_machine_example.dir/all] Error 2
gmake: *** [Makefile:136: all] Error 2
