[0.021s] Invoking command in '/home/simonzhang/g1-mujoco-ros2-nav-sim-G1-MuJoCo-ROS2-/build/unitree_sdk2': /usr/bin/cmake /home/simonzhang/g1-mujoco-ros2-nav-sim-G1-MuJoCo-ROS2-/src/unitree_sdk2 -DPython3_EXECUTABLE=/usr/bin/python3 -DCMAKE_INSTALL_PREFIX=/home/simonzhang/g1-mujoco-ros2-nav-sim-G1-MuJoCo-ROS2-/install/unitree_sdk2
[0.148s] -- The C compiler identification is GNU 11.4.0
[0.148s] -- The CXX compiler identification is GNU 11.4.0
[0.148s] -- Detecting C compiler ABI info
[0.148s] -- Detecting C compiler ABI info - done
[0.148s] -- Check for working C compiler: /usr/bin/cc - skipped
[0.148s] -- Detecting C compile features
[0.148s] -- Detecting C compile features - done
[0.148s] -- Detecting CXX compiler ABI info
[0.167s] -- Detecting CXX compiler ABI info - done
[0.170s] -- Check for working CXX compiler: /usr/bin/c++ - skipped
[0.171s] -- Detecting CXX compile features
[0.171s] -- Detecting CXX compile features - done
[0.171s] -- Setting build type to 'Release' as none was specified.
[0.171s] -- Current system architecture: x86_64
[0.172s] -- Looking for pthread.h
[0.215s] -- Looking for pthread.h - found
[0.216s] -- Performing Test CMAKE_HAVE_LIBC_PTHREAD
[0.258s] -- Performing Test CMAKE_HAVE_LIBC_PTHREAD - Success
[0.258s] -- Found Threads: TRUE  
[0.258s] -- Importing: /home/simonzhang/g1-mujoco-ros2-nav-sim-G1-MuJoCo-ROS2-/src/unitree_sdk2/thirdparty/lib/x86_64/libddsc.so
[0.262s] -- Importing: /home/simonzhang/g1-mujoco-ros2-nav-sim-G1-MuJoCo-ROS2-/src/unitree_sdk2/thirdparty/lib/x86_64/libddscxx.so
[0.262s] -- Unitree SDK library found at: /home/simonzhang/g1-mujoco-ros2-nav-sim-G1-MuJoCo-ROS2-/src/unitree_sdk2/lib/x86_64/libunitree_sdk2.a
[0.262s] -- Importing: /home/simonzhang/g1-mujoco-ros2-nav-sim-G1-MuJoCo-ROS2-/src/unitree_sdk2/lib/x86_64/libunitree_sdk2.a
[0.264s] -- Found Boost: /usr/lib/x86_64-linux-gnu/cmake/Boost-1.74.0/BoostConfig.cmake (found version "1.74.0") found components: program_options 
[0.265s] -- Found yaml-cpp version 0.7.0
[0.267s] -- Configuring done
[0.289s] -- Generating done
[0.296s] [33mCMake Warning:
[0.296s]   Manually-specified variables were not used by the project:
[0.296s] 
[0.296s]     Python3_EXECUTABLE
[0.296s] 
[0.296s] [0m
[0.296s] -- Build files have been written to: /home/simonzhang/g1-mujoco-ros2-nav-sim-G1-MuJoCo-ROS2-/build/unitree_sdk2
[0.306s] Invoked command in '/home/simonzhang/g1-mujoco-ros2-nav-sim-G1-MuJoCo-ROS2-/build/unitree_sdk2' returned '0': /usr/bin/cmake /home/simonzhang/g1-mujoco-ros2-nav-sim-G1-MuJoCo-ROS2-/src/unitree_sdk2 -DPython3_EXECUTABLE=/usr/bin/python3 -DCMAKE_INSTALL_PREFIX=/home/simonzhang/g1-mujoco-ros2-nav-sim-G1-MuJoCo-ROS2-/install/unitree_sdk2
[0.307s] Invoking command in '/home/simonzhang/g1-mujoco-ros2-nav-sim-G1-MuJoCo-ROS2-/build/unitree_sdk2': /usr/bin/cmake --build /home/simonzhang/g1-mujoco-ros2-nav-sim-G1-MuJoCo-ROS2-/build/unitree_sdk2 -- -j24 -l24
[0.375s] [  1%] [32mBuilding CXX object example/helloworld/CMakeFiles/test_publisher.dir/publisher.cpp.o[0m
[0.377s] [  2%] [32mBuilding CXX object example/helloworld/CMakeFiles/test_publisher.dir/HelloWorldData.cpp.o[0m
[0.377s] [  3%] [32mBuilding CXX object example/helloworld/CMakeFiles/test_subscriber.dir/subscriber.cpp.o[0m
[0.378s] [  4%] [32mBuilding CXX object example/jsonize/CMakeFiles/test_jsonize.dir/test_jsonize.cpp.o[0m
[0.379s] [  5%] [32mBuilding CXX object example/helloworld/CMakeFiles/test_subscriber.dir/HelloWorldData.cpp.o[0m
[0.379s] [  6%] [32mBuilding CXX object example/wireless_controller/CMakeFiles/advanced_gamepad.dir/main.cpp.o[0m
[0.391s] [  7%] [32mBuilding CXX object example/state_machine/CMakeFiles/state_machine_example.dir/main.cpp.o[0m
[0.392s] [  9%] [32mBuilding CXX object example/go2/CMakeFiles/go2_sport_client.dir/go2_sport_client.cpp.o[0m
[0.392s] [ 10%] [32mBuilding CXX object example/go2/CMakeFiles/go2_low_level.dir/go2_low_level.cpp.o[0m
[0.404s] [ 11%] [32mBuilding CXX object example/go2/CMakeFiles/go2_stand_example.dir/go2_stand_example.cpp.o[0m
[0.412s] [ 12%] [32mBuilding CXX object example/go2/CMakeFiles/go2_robot_state_client.dir/go2_robot_state_client.cpp.o[0m
[0.413s] [ 13%] [32mBuilding CXX object example/go2/CMakeFiles/go2_video_client.dir/go2_video_client.cpp.o[0m
[0.430s] [ 14%] [32mBuilding CXX object example/go2/CMakeFiles/go2_vui_client.dir/go2_vui_client.cpp.o[0m
[0.438s] [ 15%] [32mBuilding CXX object example/h1/CMakeFiles/h1_2_arm_sdk_dds_example.dir/high_level/h1_2_arm_sdk_dds_example.cpp.o[0m
[0.439s] [ 17%] [32mBuilding CXX object example/b2/CMakeFiles/b2_stand_example.dir/b2_stand_example.cpp.o[0m
[0.440s] [ 18%] [32mBuilding CXX object example/h1/CMakeFiles/h1_loco_client.dir/high_level/h1_loco_client_example.cpp.o[0m
[0.445s] [ 19%] [32mBuilding CXX object example/h1/CMakeFiles/h1_low_level_example.dir/low_level/humanoid.cpp.o[0m
[0.445s] [ 20%] [32mBuilding CXX object example/h1/CMakeFiles/h1_27dof_example.dir/low_level/h1_27dof_example.cpp.o[0m
[0.448s] [ 21%] [32mBuilding CXX object example/h1/CMakeFiles/h1_2_ankle_track.dir/low_level/h1_2_ankle_track.cpp.o[0m
[0.449s] [ 22%] [32mBuilding CXX object example/b2/CMakeFiles/b2_sport_client.dir/b2_sport_client.cpp.o[0m
[0.453s] [ 23%] [32mBuilding CXX object example/h1/CMakeFiles/h1_arm_sdk_dds_example.dir/high_level/h1_arm_sdk_dds_example.cpp.o[0m
[0.459s] [ 25%] [32mBuilding CXX object example/g1/CMakeFiles/g1_arm5_sdk_dds_example.dir/high_level/g1_arm5_sdk_dds_example.cpp.o[0m
[0.463s] [ 26%] [32mBuilding CXX object example/g1/CMakeFiles/g1_arm7_sdk_dds_example.dir/high_level/g1_arm7_sdk_dds_example.cpp.o[0m
[0.463s] [ 27%] [32mBuilding CXX object example/g1/CMakeFiles/g1_loco_client.dir/high_level/g1_loco_client_example.cpp.o[0m
[1.152s] [ 28%] [32mBuilding CXX object example/g1/CMakeFiles/g1_ankle_swing_example.dir/low_level/g1_ankle_swing_example.cpp.o[0m
[1.466s] [ 29%] [32mBuilding CXX object example/g1/CMakeFiles/g1_audio_client_example.dir/audio/g1_audio_client_example.cpp.o[0m
[1.697s] [01m[K/home/simonzhang/g1-mujoco-ros2-nav-sim-G1-MuJoCo-ROS2-/src/unitree_sdk2/example/go2/go2_low_level.cpp:[m[K In member function ‘[01m[Kvoid Custom::Init()[m[K’:
[1.697s] [01m[K/home/simonzhang/g1-mujoco-ros2-nav-sim-G1-MuJoCo-ROS2-/src/unitree_sdk2/example/go2/go2_low_level.cpp:106:28:[m[K [01;31m[Kerror: [m[K‘[01m[KCreateRecurrentThreadEx[m[K’ was not declared in this scope
[1.704s]   106 |     lowCmdWriteThreadPtr = [01;31m[KCreateRecurrentThreadEx[m[K("writebasiccmd", UT_CPU_ID_NONE, 2000, &Custom::LowCmdWrite, this);
[1.704s]       |                            [01;31m[K^~~~~~~~~~~~~~~~~~~~~~~[m[K
[1.891s] [ 30%] [32m[1mLinking CXX executable ../../bin/go2_video_client[0m
[1.900s] [01m[K/home/simonzhang/g1-mujoco-ros2-nav-sim-G1-MuJoCo-ROS2-/src/unitree_sdk2/example/h1/low_level/h1_2_ankle_track.cpp:[m[K In constructor ‘[01m[KH1Example::H1Example(std::string)[m[K’:
[1.900s] [01m[K/home/simonzhang/g1-mujoco-ros2-nav-sim-G1-MuJoCo-ROS2-/src/unitree_sdk2/example/h1/low_level/h1_2_ankle_track.cpp:74:27:[m[K [01;31m[Kerror: [m[K‘[01m[KCreateRecurrentThreadEx[m[K’ was not declared in this scope
[1.900s]    74 |     control_thread_ptr_ = [01;31m[KCreateRecurrentThreadEx[m[K(
[1.900s]       |                           [01;31m[K^~~~~~~~~~~~~~~~~~~~~~~[m[K
[1.951s] [ 31%] [32m[1mLinking CXX executable ../../bin/go2_robot_state_client[0m
[2.168s] [ 32%] [32m[1mLinking CXX executable ../../bin/b2_sport_client[0m
[2.273s] [ 32%] Built target go2_video_client
[2.303s] [ 34%] [32mBuilding CXX object example/g1/CMakeFiles/g1_dex3_example.dir/dex3/g1_dex3_example.cpp.o[0m
[2.353s] [01m[K/home/simonzhang/g1-mujoco-ros2-nav-sim-G1-MuJoCo-ROS2-/src/unitree_sdk2/example/h1/low_level/h1_27dof_example.cpp:[m[K In constructor ‘[01m[KH1Example::H1Example(std::string)[m[K’:
[2.354s] [01m[K/home/simonzhang/g1-mujoco-ros2-nav-sim-G1-MuJoCo-ROS2-/src/unitree_sdk2/example/h1/low_level/h1_27dof_example.cpp:205:9:[m[K [01;31m[Kerror: [m[K‘[01m[KCreateRecurrentThreadEx[m[K’ was not declared in this scope
[2.354s]   205 |         [01;31m[KCreateRecurrentThreadEx[m[K("command_writer", UT_CPU_ID_NONE, 2000,
[2.354s]       |         [01;31m[K^~~~~~~~~~~~~~~~~~~~~~~[m[K
[2.362s] In file included from [01m[K/home/simonzhang/g1-mujoco-ros2-nav-sim-G1-MuJoCo-ROS2-/src/unitree_sdk2/example/state_machine/main.cpp:12[m[K:
[2.362s] /home/simonzhang/g1-mujoco-ros2-nav-sim-G1-MuJoCo-ROS2-/src/unitree_sdk2/example/state_machine/robot_controller.hpp: In instantiation of ‘[01m[Kvoid RobotController<USER_CTRL>::StartControl() [with USER_CTRL = unitree::common::ExampleUserController][m[K’:
[2.362s] [01m[K/home/simonzhang/g1-mujoco-ros2-nav-sim-G1-MuJoCo-ROS2-/src/unitree_sdk2/example/state_machine/main.cpp:57:34:[m[K   required from here
[2.362s] [01m[K/home/simonzhang/g1-mujoco-ros2-nav-sim-G1-MuJoCo-ROS2-/src/unitree_sdk2/example/state_machine/robot_controller.hpp:87:53:[m[K [01;31m[Kerror: [m[K‘[01m[KCreateRecurrentThreadEx[m[K’ was not declared in this scope
[2.362s]    87 |         control_thread_ptr = [01;31m[KCreateRecurrentThreadEx("ctrl", UT_CPU_ID_NONE, ctrl_dt_micro_sec, &RobotController::ControlStep, this)[m[K;
[2.362s]       |                              [01;31m[K~~~~~~~~~~~~~~~~~~~~~~~^~~~~~~~~~~~~~~~~~~~~~~~~~~~~~~~~~~~~~~~~~~~~~~~~~~~~~~~~~~~~~~~~~~~~~~~~~~~~~~~[m[K
[2.424s] gmake[2]: *** [example/h1/CMakeFiles/h1_2_ankle_track.dir/build.make:76: example/h1/CMakeFiles/h1_2_ankle_track.dir/low_level/h1_2_ankle_track.cpp.o] Error 1
[2.424s] gmake[1]: *** [CMakeFiles/Makefile2:823: example/h1/CMakeFiles/h1_2_ankle_track.dir/all] Error 2
[2.424s] gmake[1]: *** Waiting for unfinished jobs....
[2.531s] [ 35%] [32m[1mLinking CXX executable ../../bin/test_jsonize[0m
[2.666s] [ 35%] Built target go2_robot_state_client
[2.704s] gmake[2]: *** [example/go2/CMakeFiles/go2_low_level.dir/build.make:76: example/go2/CMakeFiles/go2_low_level.dir/go2_low_level.cpp.o] Error 1
[2.710s] gmake[1]: *** [CMakeFiles/Makefile2:563: example/go2/CMakeFiles/go2_low_level.dir/all] Error 2
[2.749s] [ 35%] Built target test_jsonize
[2.753s] [01m[K/home/simonzhang/g1-mujoco-ros2-nav-sim-G1-MuJoCo-ROS2-/src/unitree_sdk2/example/wireless_controller/main.cpp:[m[K In member function ‘[01m[Kvoid GamepadExample::Start()[m[K’:
[2.753s] [01m[K/home/simonzhang/g1-mujoco-ros2-nav-sim-G1-MuJoCo-ROS2-/src/unitree_sdk2/example/wireless_controller/main.cpp:74:30:[m[K [01;31m[Kerror: [m[K‘[01m[KCreateRecurrentThreadEx[m[K’ was not declared in this scope
[2.753s]    74 |         control_thread_ptr = [01;31m[KCreateRecurrentThreadEx[m[K("nn_ctrl", UT_CPU_ID_NONE, 40000, &GamepadExample::Step, this);
[2.753s]       |                              [01;31m[K^~~~~~~~~~~~~~~~~~~~~~~[m[K
[2.910s] [ 36%] [32m[1mLinking CXX executable ../../bin/go2_vui_client[0m
[2.998s] [ 36%] Built target b2_sport_client
[3.453s] gmake[2]: *** [example/h1/CMakeFiles/h1_27dof_example.dir/build.make:76: example/h1/CMakeFiles/h1_27dof_example.dir/low_level/h1_27dof_example.cpp.o] Error 1
[3.453s] gmake[1]: *** [CMakeFiles/Makefile2:797: example/h1/CMakeFiles/h1_27dof_example.dir/all] Error 2
[3.510s] gmake[2]: *** [example/wireless_controller/CMakeFiles/advanced_gamepad.dir/build.make:76: example/wireless_controller/CMakeFiles/advanced_gamepad.dir/main.cpp.o] Error 1
[3.510s] gmake[1]: *** [CMakeFiles/Makefile2:459: example/wireless_controller/CMakeFiles/advanced_gamepad.dir/all] Error 2
[3.661s] gmake[2]: *** [example/state_machine/CMakeFiles/state_machine_example.dir/build.make:76: example/state_machine/CMakeFiles/state_machine_example.dir/main.cpp.o] Error 1
[3.666s] gmake[1]: *** [CMakeFiles/Makefile2:511: example/state_machine/CMakeFiles/state_machine_example.dir/all] Error 2
[3.823s] [ 36%] Built target go2_vui_client
[4.230s] [ 37%] [32m[1mLinking CXX executable ../../bin/test_publisher[0m
[4.312s] [ 38%] [32m[1mLinking CXX executable ../../bin/test_subscriber[0m
[4.441s] [ 38%] Built target test_publisher
[4.637s] [ 39%] [32m[1mLinking CXX executable ../../bin/g1_loco_client[0m
[4.891s] [ 39%] Built target test_subscriber
[5.204s] [ 40%] [32m[1mLinking CXX executable ../../bin/h1_loco_client[0m
[5.341s] [ 40%] Built target g1_loco_client
[5.490s] [ 42%] [32m[1mLinking CXX executable ../../bin/go2_sport_client[0m
[5.547s] [ 42%] Built target h1_loco_client
[5.862s] [ 42%] Built target go2_sport_client
[6.184s] [ 43%] [32m[1mLinking CXX executable ../../bin/h1_2_arm_sdk_dds_example[0m
[6.416s] [ 43%] Built target h1_2_arm_sdk_dds_example
[6.665s] [ 44%] [32m[1mLinking CXX executable ../../bin/g1_audio_client_example[0m
[6.724s] [ 45%] [32m[1mLinking CXX executable ../../bin/g1_arm5_sdk_dds_example[0m
[6.931s] [ 45%] Built target g1_arm5_sdk_dds_example
[6.974s] [ 46%] [32m[1mLinking CXX executable ../../bin/h1_arm_sdk_dds_example[0m
[6.979s] [ 46%] Built target g1_audio_client_example
[6.986s] [ 47%] [32m[1mLinking CXX executable ../../bin/b2_stand_example[0m
[7.141s] [ 47%] Built target h1_arm_sdk_dds_example
[7.195s] [ 48%] [32m[1mLinking CXX executable ../../bin/g1_arm7_sdk_dds_example[0m
[7.224s] [ 48%] Built target b2_stand_example
[7.359s] [ 48%] Built target g1_arm7_sdk_dds_example
[7.849s] [ 50%] [32m[1mLinking CXX executable ../../bin/h1_low_level_example[0m
[8.045s] [ 50%] Built target h1_low_level_example
[8.394s] [ 51%] [32m[1mLinking CXX executable ../../bin/g1_dex3_example[0m
[8.475s] [ 52%] [32m[1mLinking CXX executable ../../bin/go2_stand_example[0m
[8.552s] [ 52%] Built target g1_dex3_example
[8.667s] [ 52%] Built target go2_stand_example
[9.038s] [ 53%] [32m[1mLinking CXX executable ../../bin/g1_ankle_swing_example[0m
[9.218s] [ 53%] Built target g1_ankle_swing_example
[9.219s] gmake: *** [Makefile:136: all] Error 2
