[0.252s] Invoking command in '/home/simonzhang/g1-mujoco-ros2-nav-sim-G1-MuJoCo-ROS2-/src/mujuco_sim': CONDA_PROMPT_MODIFIER=(base) PYTHONPATH=/home/simonzhang/g1-mujoco-ros2-nav-sim-G1-MuJoCo-ROS2-/build/mujuco_sim/prefix_override:/usr/lib/python3/dist-packages/colcon_core/task/python/colcon_distutils_commands:/home/simonzhang/g1-mujoco-ros2-nav-sim-G1-MuJoCo-ROS2-/install/mujuco_sim/lib/python3.10/site-packages:${PYTHONPATH} /usr/bin/python3 -W ignore:setup.py install is deprecated -W ignore:easy_install command is deprecated setup.py egg_info --egg-base ../../build/mujuco_sim build --build-base /home/simonzhang/g1-mujoco-ros2-nav-sim-G1-MuJoCo-ROS2-/build/mujuco_sim/build install --record /home/simonzhang/g1-mujoco-ros2-nav-sim-G1-MuJoCo-ROS2-/build/mujuco_sim/install.log --single-version-externally-managed install_data
[0.352s] running egg_info
[0.352s] writing ../../build/mujuco_sim/mujuco_sim.egg-info/PKG-INFO
[0.352s] writing dependency_links to ../../build/mujuco_sim/mujuco_sim.egg-info/dependency_links.txt
[0.352s] writing entry points to ../../build/mujuco_sim/mujuco_sim.egg-info/entry_points.txt
[0.352s] writing requirements to ../../build/mujuco_sim/mujuco_sim.egg-info/requires.txt
[0.353s] writing top-level names to ../../build/mujuco_sim/mujuco_sim.egg-info/top_level.txt
[0.353s] reading manifest file '../../build/mujuco_sim/mujuco_sim.egg-info/SOURCES.txt'
[0.353s] writing manifest file '../../build/mujuco_sim/mujuco_sim.egg-info/SOURCES.txt'
[0.353s] running build
[0.353s] running build_py
[0.354s] copying mujuco_sim/follower_sim.py -> /home/simonzhang/g1-mujoco-ros2-nav-sim-G1-MuJoCo-ROS2-/build/mujuco_sim/build/lib/mujuco_sim
[0.354s] copying mujuco_sim/leader_follower_controller.py -> /home/simonzhang/g1-mujoco-ros2-nav-sim-G1-MuJoCo-ROS2-/build/mujuco_sim/build/lib/mujuco_sim
[0.354s] copying mujuco_sim/virtual_follower_odom.py -> /home/simonzhang/g1-mujoco-ros2-nav-sim-G1-MuJoCo-ROS2-/build/mujuco_sim/build/lib/mujuco_sim
[0.354s] running install
[0.354s] running install_lib
[0.354s] copying /home/simonzhang/g1-mujoco-ros2-nav-sim-G1-MuJoCo-ROS2-/build/mujuco_sim/build/lib/mujuco_sim/follower_sim.py -> /home/simonzhang/g1-mujoco-ros2-nav-sim-G1-MuJoCo-ROS2-/install/mujuco_sim/lib/python3.10/site-packages/mujuco_sim
[0.354s] copying /home/simonzhang/g1-mujoco-ros2-nav-sim-G1-MuJoCo-ROS2-/build/mujuco_sim/build/lib/mujuco_sim/leader_follower_controller.py -> /home/simonzhang/g1-mujoco-ros2-nav-sim-G1-MuJoCo-ROS2-/install/mujuco_sim/lib/python3.10/site-packages/mujuco_sim
[0.355s] copying /home/simonzhang/g1-mujoco-ros2-nav-sim-G1-MuJoCo-ROS2-/build/mujuco_sim/build/lib/mujuco_sim/virtual_follower_odom.py -> /home/simonzhang/g1-mujoco-ros2-nav-sim-G1-MuJoCo-ROS2-/install/mujuco_sim/lib/python3.10/site-packages/mujuco_sim
[0.355s] byte-compiling /home/simonzhang/g1-mujoco-ros2-nav-sim-G1-MuJoCo-ROS2-/install/mujuco_sim/lib/python3.10/site-packages/mujuco_sim/follower_sim.py to follower_sim.cpython-310.pyc
[0.356s] byte-compiling /home/simonzhang/g1-mujoco-ros2-nav-sim-G1-MuJoCo-ROS2-/install/mujuco_sim/lib/python3.10/site-packages/mujuco_sim/leader_follower_controller.py to leader_follower_controller.cpython-310.pyc
[0.356s] byte-compiling /home/simonzhang/g1-mujoco-ros2-nav-sim-G1-MuJoCo-ROS2-/install/mujuco_sim/lib/python3.10/site-packages/mujuco_sim/virtual_follower_odom.py to virtual_follower_odom.cpython-310.pyc
[0.356s] running install_data
[0.357s] copying launch/g1_nav_full.launch.py -> /home/simonzhang/g1-mujoco-ros2-nav-sim-G1-MuJoCo-ROS2-/install/mujuco_sim/share/mujuco_sim/launch
[0.357s] running install_egg_info
[0.357s] removing '/home/simonzhang/g1-mujoco-ros2-nav-sim-G1-MuJoCo-ROS2-/install/mujuco_sim/lib/python3.10/site-packages/mujuco_sim-0.0.1-py3.10.egg-info' (and everything under it)
[0.361s] Copying ../../build/mujuco_sim/mujuco_sim.egg-info to /home/simonzhang/g1-mujoco-ros2-nav-sim-G1-MuJoCo-ROS2-/install/mujuco_sim/lib/python3.10/site-packages/mujuco_sim-0.0.1-py3.10.egg-info
[0.361s] running install_scripts
[0.369s] Installing fastlio_tf_bridge script to /home/simonzhang/g1-mujoco-ros2-nav-sim-G1-MuJoCo-ROS2-/install/mujuco_sim/lib/mujuco_sim
[0.369s] Installing follower_path_tracker script to /home/simonzhang/g1-mujoco-ros2-nav-sim-G1-MuJoCo-ROS2-/install/mujuco_sim/lib/mujuco_sim
[0.369s] Installing follower_sim script to /home/simonzhang/g1-mujoco-ros2-nav-sim-G1-MuJoCo-ROS2-/install/mujuco_sim/lib/mujuco_sim
[0.369s] Installing formation_sync_controller script to /home/simonzhang/g1-mujoco-ros2-nav-sim-G1-MuJoCo-ROS2-/install/mujuco_sim/lib/mujuco_sim
[0.369s] Installing leader_follower_controller script to /home/simonzhang/g1-mujoco-ros2-nav-sim-G1-MuJoCo-ROS2-/install/mujuco_sim/lib/mujuco_sim
[0.369s] Installing mpc_path_tracker script to /home/simonzhang/g1-mujoco-ros2-nav-sim-G1-MuJoCo-ROS2-/install/mujuco_sim/lib/mujuco_sim
[0.369s] Installing mujoco_camera_bridge script to /home/simonzhang/g1-mujoco-ros2-nav-sim-G1-MuJoCo-ROS2-/install/mujuco_sim/lib/mujuco_sim
[0.369s] Installing unitree_mujoco_shm_bridge script to /home/simonzhang/g1-mujoco-ros2-nav-sim-G1-MuJoCo-ROS2-/install/mujuco_sim/lib/mujuco_sim
[0.369s] Installing virtual_follower_odom script to /home/simonzhang/g1-mujoco-ros2-nav-sim-G1-MuJoCo-ROS2-/install/mujuco_sim/lib/mujuco_sim
[0.369s] writing list of installed files to '/home/simonzhang/g1-mujoco-ros2-nav-sim-G1-MuJoCo-ROS2-/build/mujuco_sim/install.log'
[0.379s] Invoked command in '/home/simonzhang/g1-mujoco-ros2-nav-sim-G1-MuJoCo-ROS2-/src/mujuco_sim' returned '0': CONDA_PROMPT_MODIFIER=(base) PYTHONPATH=/home/simonzhang/g1-mujoco-ros2-nav-sim-G1-MuJoCo-ROS2-/build/mujuco_sim/prefix_override:/usr/lib/python3/dist-packages/colcon_core/task/python/colcon_distutils_commands:/home/simonzhang/g1-mujoco-ros2-nav-sim-G1-MuJoCo-ROS2-/install/mujuco_sim/lib/python3.10/site-packages:${PYTHONPATH} /usr/bin/python3 -W ignore:setup.py install is deprecated -W ignore:easy_install command is deprecated setup.py egg_info --egg-base ../../build/mujuco_sim build --build-base /home/simonzhang/g1-mujoco-ros2-nav-sim-G1-MuJoCo-ROS2-/build/mujuco_sim/build install --record /home/simonzhang/g1-mujoco-ros2-nav-sim-G1-MuJoCo-ROS2-/build/mujuco_sim/install.log --single-version-externally-managed install_data
