[0.015s] Invoking command in '/home/simonzhang/g1-mujoco-ros2-nav-sim-G1-MuJoCo-ROS2-/build/livox_ros_driver2': /usr/bin/cmake /home/simonzhang/g1-mujoco-ros2-nav-sim-G1-MuJoCo-ROS2-/src/livox_ros_driver2 -DPython3_EXECUTABLE=/usr/bin/python3 -DCMAKE_INSTALL_PREFIX=/home/simonzhang/g1-mujoco-ros2-nav-sim-G1-MuJoCo-ROS2-/install/livox_ros_driver2
[0.194s] -- livox_ros_driver2 version: 1.2.6
[0.194s] -- Found ament_cmake_auto: 1.3.14 (/opt/ros/humble/share/ament_cmake_auto/cmake)
[0.194s] -- Eigen found (include: /usr/include/eigen3, version: 3.4.0)
[0.194s] -- FLANN found (include: /usr/include, lib: /usr/lib/x86_64-linux-gnu/libflann_cpp.so)
[0.198s] [0mCMake Error: File /home/simonzhang/g1-mujoco-ros2-nav-sim-G1-MuJoCo-ROS2-/src/livox_ros_driver2/package.xml does not exist.[0m
[0.198s] [31mCMake Error at /opt/ros/humble/share/ament_cmake_core/cmake/core/stamp.cmake:24 (configure_file):
[0.198s]   configure_file Problem configuring file
[0.198s] Call Stack (most recent call first):
[0.198s]   /opt/ros/humble/share/ament_cmake_core/cmake/core/ament_package_xml.cmake:73 (stamp)
[0.198s]   /opt/ros/humble/share/ament_cmake_core/cmake/core/ament_package_xml.cmake:49 (_ament_package_xml)
[0.198s]   /opt/ros/humble/share/ament_cmake_auto/cmake/ament_auto_find_build_dependencies.cmake:42 (ament_package_xml)
[0.198s]   CMakeLists.txt:225 (ament_auto_find_build_dependencies)
[0.198s] 
[0.198s] [0m
[0.430s] -- OpenNI found (version: 1.5.4.0, include: /usr/include/ni, lib: /usr/lib/libOpenNI.so;libusb::libusb)
[0.434s] -- OpenNI2 found (version: 2.2.0.33, include: /usr/include/openni2, lib: /usr/lib/x86_64-linux-gnu/libOpenNI2.so;libusb::libusb)
[0.434s] [0m** WARNING ** io features related to pcap will be disabled[0m
[0.598s] -- Eigen found (include: /usr/include/eigen3, version: 3.4.0)
[0.600s] -- OpenNI found (version: 1.5.4.0, include: /usr/include/ni, lib: /usr/lib/libOpenNI.so;libusb::libusb)
[0.606s] -- OpenNI2 found (version: 2.2.0.33, include: /usr/include/openni2, lib: /usr/lib/x86_64-linux-gnu/libOpenNI2.so;libusb::libusb)
[0.736s] -- Found Qhull version 8.0.2
[0.888s] -- OpenNI found (version: 1.5.4.0, include: /usr/include/ni, lib: /usr/lib/libOpenNI.so;libusb::libusb)
[1.070s] -- looking for PCL_COMMON
[1.073s] -- looking for PCL_KDTREE
[1.073s] -- looking for PCL_OCTREE
[1.073s] -- looking for PCL_SEARCH
[1.073s] -- looking for PCL_SAMPLE_CONSENSUS
[1.073s] -- looking for PCL_FILTERS
[1.074s] -- looking for PCL_2D
[1.074s] -- looking for PCL_GEOMETRY
[1.074s] -- looking for PCL_IO
[1.075s] -- looking for PCL_FEATURES
[1.075s] -- looking for PCL_ML
[1.075s] -- looking for PCL_SEGMENTATION
[1.076s] -- looking for PCL_VISUALIZATION
[1.077s] -- looking for PCL_SURFACE
[1.077s] -- looking for PCL_REGISTRATION
[1.080s] -- looking for PCL_KEYPOINTS
[1.080s] -- looking for PCL_TRACKING
[1.081s] -- looking for PCL_RECOGNITION
[1.081s] -- looking for PCL_STEREO
[1.081s] -- looking for PCL_APPS
[1.082s] -- looking for PCL_IN_HAND_SCANNER
[1.086s] -- looking for PCL_MODELER
[1.086s] -- looking for PCL_POINT_CLOUD_EDITOR
[1.086s] -- looking for PCL_OUTOFCORE
[1.086s] -- looking for PCL_PEOPLE
[1.086s] -- Found std_msgs: 4.9.1 (/opt/ros/humble/share/std_msgs/cmake)
[1.100s] -- Found rosidl_generator_c: 3.1.8 (/opt/ros/humble/share/rosidl_generator_c/cmake)
[1.101s] -- Found rosidl_adapter: 3.1.8 (/opt/ros/humble/share/rosidl_adapter/cmake)
[1.108s] -- Found rosidl_generator_cpp: 3.1.8 (/opt/ros/humble/share/rosidl_generator_cpp/cmake)
[1.110s] -- Using all available rosidl_typesupport_c: rosidl_typesupport_fastrtps_c;rosidl_typesupport_introspection_c
[1.117s] -- Using all available rosidl_typesupport_cpp: rosidl_typesupport_fastrtps_cpp;rosidl_typesupport_introspection_cpp
[1.130s] -- Found rosidl_default_generators: 1.2.1 (/opt/ros/humble/share/rosidl_default_generators/cmake)
[1.144s] -- Checking for module 'apr-1'
[1.146s] --   No package 'apr-1' found
[1.245s] -- Configuring incomplete, errors occurred!
[1.245s] See also "/home/simonzhang/g1-mujoco-ros2-nav-sim-G1-MuJoCo-ROS2-/build/livox_ros_driver2/CMakeFiles/CMakeOutput.log".
[1.245s] [0mCMake Error: File /home/simonzhang/g1-mujoco-ros2-nav-sim-G1-MuJoCo-ROS2-/src/livox_ros_driver2/package.xml does not exist.[0m
[1.245s] [31mCMake Error at /opt/ros/humble/share/ament_cmake_core/cmake/core/stamp.cmake:24 (configure_file):
[1.245s]   configure_file Problem configuring file
[1.245s] Call Stack (most recent call first):
[1.245s]   /opt/ros/humble/share/ament_cmake_core/cmake/core/ament_package_xml.cmake:73 (stamp)
[1.245s]   /opt/ros/humble/share/ament_cmake_core/cmake/core/ament_package_xml.cmake:49 (_ament_package_xml)
[1.245s]   /opt/ros/humble/share/rosidl_cmake/cmake/rosidl_generate_interfaces.cmake:226 (ament_package_xml)
[1.245s]   CMakeLists.txt:241 (rosidl_generate_interfaces)
[1.245s] 
[1.245s] [0m
[1.245s] [31mCMake Error at /opt/ros/humble/share/rosidl_cmake/cmake/rosidl_generate_interfaces.cmake:229 (message):
[1.245s]   Packages installing interfaces must include
[1.245s]   '<member_of_group>rosidl_interface_packages</member_of_group>' in their
[1.245s]   package.xml
[1.245s] Call Stack (most recent call first):
[1.245s]   CMakeLists.txt:241 (rosidl_generate_interfaces)
[1.245s] 
[1.245s] [0m
[1.260s] Invoked command in '/home/simonzhang/g1-mujoco-ros2-nav-sim-G1-MuJoCo-ROS2-/build/livox_ros_driver2' returned '1': /usr/bin/cmake /home/simonzhang/g1-mujoco-ros2-nav-sim-G1-MuJoCo-ROS2-/src/livox_ros_driver2 -DPython3_EXECUTABLE=/usr/bin/python3 -DCMAKE_INSTALL_PREFIX=/home/simonzhang/g1-mujoco-ros2-nav-sim-G1-MuJoCo-ROS2-/install/livox_ros_driver2
