[0.017s] Invoking command in '/home/simonzhang/g1-mujoco-ros2-nav-sim-G1-MuJoCo-ROS2-/build/unitree_api': CMAKE_PREFIX_PATH=/opt/ros/humble /usr/bin/cmake /home/simonzhang/g1-mujoco-ros2-nav-sim-G1-MuJoCo-ROS2-/src/unitree_ros2/cyclonedds_ws/src/unitree/unitree_api -DPython3_EXECUTABLE=/usr/bin/python3 -DMUJOCO_DIR=/home/simonzhang/.mujoco/mujoco-3.2.7 -DCMAKE_PREFIX_PATH=/home/simonzhang/.mujoco/mujoco-3.2.7 -DCMAKE_INSTALL_PREFIX=/home/simonzhang/g1-mujoco-ros2-nav-sim-G1-MuJoCo-ROS2-/install/unitree_api
[0.144s] -- Found ament_cmake: 1.3.14 (/opt/ros/humble/share/ament_cmake/cmake)
[0.144s] -- Found geometry_msgs: 4.9.1 (/opt/ros/humble/share/geometry_msgs/cmake)
[0.144s] -- Found rosidl_generator_c: 3.1.8 (/opt/ros/humble/share/rosidl_generator_c/cmake)
[0.144s] -- Found rosidl_adapter: 3.1.8 (/opt/ros/humble/share/rosidl_adapter/cmake)
[0.144s] -- Found rosidl_generator_cpp: 3.1.8 (/opt/ros/humble/share/rosidl_generator_cpp/cmake)
[0.144s] -- Using all available rosidl_typesupport_c: rosidl_typesupport_fastrtps_c;rosidl_typesupport_introspection_c
[0.144s] -- Using all available rosidl_typesupport_cpp: rosidl_typesupport_fastrtps_cpp;rosidl_typesupport_introspection_cpp
[0.144s] -- Found rosidl_default_generators: 1.2.1 (/opt/ros/humble/share/rosidl_default_generators/cmake)
[0.144s] -- Found rosidl_generator_dds_idl: 0.8.1 (/opt/ros/humble/share/rosidl_generator_dds_idl/cmake)
[0.282s] -- Found ament_cmake_ros: 0.10.0 (/opt/ros/humble/share/ament_cmake_ros/cmake)
[0.525s] -- Using all available rosidl_typesupport_c: rosidl_typesupport_fastrtps_c;rosidl_typesupport_introspection_c
[0.623s] -- Using all available rosidl_typesupport_cpp: rosidl_typesupport_fastrtps_cpp;rosidl_typesupport_introspection_cpp
[0.638s] -- Found python_cmake_module: 0.10.0 (/opt/ros/humble/share/python_cmake_module/cmake)
[0.652s] -- Using PYTHON_EXECUTABLE: /usr/bin/python3
[0.652s] -- Using PYTHON_INCLUDE_DIRS: /usr/include/python3.10
[0.652s] -- Using PYTHON_LIBRARIES: /usr/lib/x86_64-linux-gnu/libpython3.10.so
[0.722s] -- Found ament_lint_auto: 0.12.15 (/opt/ros/humble/share/ament_lint_auto/cmake)
[0.727s] -- Added test 'copyright' to check source files copyright and LICENSE
[0.728s] -- Added test 'lint_cmake' to check CMake code style
[0.728s] -- Added test 'xmllint' to check XML markup files
[0.729s] -- Configuring done
[0.758s] -- Generating done
[0.758s] [33mCMake Warning:
[0.758s]   Manually-specified variables were not used by the project:
[0.758s] 
[0.758s]     MUJOCO_DIR
[0.759s] 
[0.759s] [0m
[0.764s] -- Build files have been written to: /home/simonzhang/g1-mujoco-ros2-nav-sim-G1-MuJoCo-ROS2-/build/unitree_api
[0.774s] Invoked command in '/home/simonzhang/g1-mujoco-ros2-nav-sim-G1-MuJoCo-ROS2-/build/unitree_api' returned '0': CMAKE_PREFIX_PATH=/opt/ros/humble /usr/bin/cmake /home/simonzhang/g1-mujoco-ros2-nav-sim-G1-MuJoCo-ROS2-/src/unitree_ros2/cyclonedds_ws/src/unitree/unitree_api -DPython3_EXECUTABLE=/usr/bin/python3 -DMUJOCO_DIR=/home/simonzhang/.mujoco/mujoco-3.2.7 -DCMAKE_PREFIX_PATH=/home/simonzhang/.mujoco/mujoco-3.2.7 -DCMAKE_INSTALL_PREFIX=/home/simonzhang/g1-mujoco-ros2-nav-sim-G1-MuJoCo-ROS2-/install/unitree_api
[0.775s] Invoking command in '/home/simonzhang/g1-mujoco-ros2-nav-sim-G1-MuJoCo-ROS2-/build/unitree_api': CMAKE_PREFIX_PATH=/opt/ros/humble /usr/bin/cmake --build /home/simonzhang/g1-mujoco-ros2-nav-sim-G1-MuJoCo-ROS2-/build/unitree_api -- -j24 -l24
[0.799s] [35m[1mConsolidate compiler generated dependencies of target unitree_api__rosidl_generator_c[0m
[0.804s] [  1%] Built target unitree_api__dds_connext_idl
[0.805s] [  2%] Built target unitree_api__cpp
[0.805s] [ 13%] Built target unitree_api__rosidl_generator_c
[0.805s] [ 14%] Built target unitree_api__rs
[0.811s] [35m[1mConsolidate compiler generated dependencies of target unitree_api__rosidl_typesupport_introspection_c[0m
[0.814s] [35m[1mConsolidate compiler generated dependencies of target unitree_api__rosidl_typesupport_fastrtps_c[0m
[0.814s] [35m[1mConsolidate compiler generated dependencies of target unitree_api__rosidl_typesupport_cpp[0m
[0.814s] [35m[1mConsolidate compiler generated dependencies of target unitree_api__rosidl_typesupport_c[0m
[0.814s] [35m[1mConsolidate compiler generated dependencies of target unitree_api__rosidl_typesupport_introspection_cpp[0m
[0.815s] [ 14%] Built target ament_cmake_python_copy_unitree_api
[0.823s] [ 25%] Built target unitree_api__rosidl_typesupport_c
[0.823s] [ 37%] Built target unitree_api__rosidl_typesupport_introspection_c
[0.823s] [ 48%] Built target unitree_api__rosidl_typesupport_introspection_cpp
[0.823s] [ 59%] Built target unitree_api__rosidl_typesupport_fastrtps_c
[0.824s] [35m[1mConsolidate compiler generated dependencies of target unitree_api__rosidl_typesupport_fastrtps_cpp[0m
[0.825s] [ 70%] Built target unitree_api__rosidl_typesupport_cpp
[0.834s] [ 82%] Built target unitree_api__rosidl_typesupport_fastrtps_cpp
[0.850s] [ 82%] Built target unitree_api
[0.861s] [ 83%] Built target unitree_api__py
[0.867s] [35m[1mConsolidate compiler generated dependencies of target unitree_api__rosidl_generator_py[0m
[0.878s] [ 93%] Built target unitree_api__rosidl_generator_py
[0.884s] [35m[1mConsolidate compiler generated dependencies of target unitree_api__rosidl_typesupport_fastrtps_c__pyext[0m
[0.884s] [35m[1mConsolidate compiler generated dependencies of target unitree_api__rosidl_typesupport_introspection_c__pyext[0m
[0.884s] [35m[1mConsolidate compiler generated dependencies of target unitree_api__rosidl_typesupport_c__pyext[0m
[0.891s] [ 95%] Built target unitree_api__rosidl_typesupport_fastrtps_c__pyext
[0.892s] [ 97%] Built target unitree_api__rosidl_typesupport_introspection_c__pyext
[0.892s] [100%] Built target unitree_api__rosidl_typesupport_c__pyext
[0.920s] running egg_info
[0.920s] writing unitree_api.egg-info/PKG-INFO
[0.920s] writing dependency_links to unitree_api.egg-info/dependency_links.txt
[0.920s] writing top-level names to unitree_api.egg-info/top_level.txt
[0.921s] reading manifest file 'unitree_api.egg-info/SOURCES.txt'
[0.922s] writing manifest file 'unitree_api.egg-info/SOURCES.txt'
[0.940s] [100%] Built target ament_cmake_python_build_unitree_api_egg
[0.948s] Invoked command in '/home/simonzhang/g1-mujoco-ros2-nav-sim-G1-MuJoCo-ROS2-/build/unitree_api' returned '0': CMAKE_PREFIX_PATH=/opt/ros/humble /usr/bin/cmake --build /home/simonzhang/g1-mujoco-ros2-nav-sim-G1-MuJoCo-ROS2-/build/unitree_api -- -j24 -l24
[0.950s] Invoking command in '/home/simonzhang/g1-mujoco-ros2-nav-sim-G1-MuJoCo-ROS2-/build/unitree_api': CMAKE_PREFIX_PATH=/opt/ros/humble /usr/bin/cmake --install /home/simonzhang/g1-mujoco-ros2-nav-sim-G1-MuJoCo-ROS2-/build/unitree_api
[0.953s] -- Install configuration: ""
[0.953s] -- Up-to-date: /home/simonzhang/g1-mujoco-ros2-nav-sim-G1-MuJoCo-ROS2-/install/unitree_api/share/ament_index/resource_index/rosidl_interfaces/unitree_api
[0.953s] -- Up-to-date: /home/simonzhang/g1-mujoco-ros2-nav-sim-G1-MuJoCo-ROS2-/install/unitree_api/include/unitree_api/unitree_api
[0.953s] -- Up-to-date: /home/simonzhang/g1-mujoco-ros2-nav-sim-G1-MuJoCo-ROS2-/install/unitree_api/include/unitree_api/unitree_api/msg
[0.953s] -- Up-to-date: /home/simonzhang/g1-mujoco-ros2-nav-sim-G1-MuJoCo-ROS2-/install/unitree_api/include/unitree_api/unitree_api/msg/request_identity.h
[0.953s] -- Up-to-date: /home/simonzhang/g1-mujoco-ros2-nav-sim-G1-MuJoCo-ROS2-/install/unitree_api/include/unitree_api/unitree_api/msg/response_status.h
[0.953s] -- Up-to-date: /home/simonzhang/g1-mujoco-ros2-nav-sim-G1-MuJoCo-ROS2-/install/unitree_api/include/unitree_api/unitree_api/msg/rosidl_generator_c__visibility_control.h
[0.953s] -- Up-to-date: /home/simonzhang/g1-mujoco-ros2-nav-sim-G1-MuJoCo-ROS2-/install/unitree_api/include/unitree_api/unitree_api/msg/request_header.h
[0.953s] -- Up-to-date: /home/simonzhang/g1-mujoco-ros2-nav-sim-G1-MuJoCo-ROS2-/install/unitree_api/include/unitree_api/unitree_api/msg/detail
[0.954s] -- Up-to-date: /home/simonzhang/g1-mujoco-ros2-nav-sim-G1-MuJoCo-ROS2-/install/unitree_api/include/unitree_api/unitree_api/msg/detail/response_status__type_support.h
[0.954s] -- Up-to-date: /home/simonzhang/g1-mujoco-ros2-nav-sim-G1-MuJoCo-ROS2-/install/unitree_api/include/unitree_api/unitree_api/msg/detail/response_header__functions.h
[0.954s] -- Up-to-date: /home/simonzhang/g1-mujoco-ros2-nav-sim-G1-MuJoCo-ROS2-/install/unitree_api/include/unitree_api/unitree_api/msg/detail/request_policy__functions.h
[0.954s] -- Up-to-date: /home/simonzhang/g1-mujoco-ros2-nav-sim-G1-MuJoCo-ROS2-/install/unitree_api/include/unitree_api/unitree_api/msg/detail/response__functions.h
[0.954s] -- Up-to-date: /home/simonzhang/g1-mujoco-ros2-nav-sim-G1-MuJoCo-ROS2-/install/unitree_api/include/unitree_api/unitree_api/msg/detail/request_policy__type_support.h
[0.954s] -- Up-to-date: /home/simonzhang/g1-mujoco-ros2-nav-sim-G1-MuJoCo-ROS2-/install/unitree_api/include/unitree_api/unitree_api/msg/detail/request_lease__struct.h
[0.954s] -- Up-to-date: /home/simonzhang/g1-mujoco-ros2-nav-sim-G1-MuJoCo-ROS2-/install/unitree_api/include/unitree_api/unitree_api/msg/detail/response__type_support.h
[0.954s] -- Up-to-date: /home/simonzhang/g1-mujoco-ros2-nav-sim-G1-MuJoCo-ROS2-/install/unitree_api/include/unitree_api/unitree_api/msg/detail/request_header__type_support.h
[0.954s] -- Up-to-date: /home/simonzhang/g1-mujoco-ros2-nav-sim-G1-MuJoCo-ROS2-/install/unitree_api/include/unitree_api/unitree_api/msg/detail/request_policy__struct.h
[0.954s] -- Up-to-date: /home/simonzhang/g1-mujoco-ros2-nav-sim-G1-MuJoCo-ROS2-/install/unitree_api/include/unitree_api/unitree_api/msg/detail/request_policy__functions.c
[0.954s] -- Up-to-date: /home/simonzhang/g1-mujoco-ros2-nav-sim-G1-MuJoCo-ROS2-/install/unitree_api/include/unitree_api/unitree_api/msg/detail/request_lease__functions.c
[0.954s] -- Up-to-date: /home/simonzhang/g1-mujoco-ros2-nav-sim-G1-MuJoCo-ROS2-/install/unitree_api/include/unitree_api/unitree_api/msg/detail/response_header__struct.h
[0.954s] -- Up-to-date: /home/simonzhang/g1-mujoco-ros2-nav-sim-G1-MuJoCo-ROS2-/install/unitree_api/include/unitree_api/unitree_api/msg/detail/request__struct.h
[0.954s] -- Up-to-date: /home/simonzhang/g1-mujoco-ros2-nav-sim-G1-MuJoCo-ROS2-/install/unitree_api/include/unitree_api/unitree_api/msg/detail/response__functions.c
[0.954s] -- Up-to-date: /home/simonzhang/g1-mujoco-ros2-nav-sim-G1-MuJoCo-ROS2-/install/unitree_api/include/unitree_api/unitree_api/msg/detail/request_header__functions.c
[0.954s] -- Up-to-date: /home/simonzhang/g1-mujoco-ros2-nav-sim-G1-MuJoCo-ROS2-/install/unitree_api/include/unitree_api/unitree_api/msg/detail/request_lease__type_support.h
[0.954s] -- Up-to-date: /home/simonzhang/g1-mujoco-ros2-nav-sim-G1-MuJoCo-ROS2-/install/unitree_api/include/unitree_api/unitree_api/msg/detail/request__type_support.h
[0.954s] -- Up-to-date: /home/simonzhang/g1-mujoco-ros2-nav-sim-G1-MuJoCo-ROS2-/install/unitree_api/include/unitree_api/unitree_api/msg/detail/request_identity__struct.h
[0.954s] -- Up-to-date: /home/simonzhang/g1-mujoco-ros2-nav-sim-G1-MuJoCo-ROS2-/install/unitree_api/include/unitree_api/unitree_api/msg/detail/response_header__type_support.h
[0.954s] -- Up-to-date: /home/simonzhang/g1-mujoco-ros2-nav-sim-G1-MuJoCo-ROS2-/install/unitree_api/include/unitree_api/unitree_api/msg/detail/request_header__functions.h
[0.954s] -- Up-to-date: /home/simonzhang/g1-mujoco-ros2-nav-sim-G1-MuJoCo-ROS2-/install/unitree_api/include/unitree_api/unitree_api/msg/detail/response_status__functions.h
[0.954s] -- Up-to-date: /home/simonzhang/g1-mujoco-ros2-nav-sim-G1-MuJoCo-ROS2-/install/unitree_api/include/unitree_api/unitree_api/msg/detail/request_identity__functions.c
[0.954s] -- Up-to-date: /home/simonzhang/g1-mujoco-ros2-nav-sim-G1-MuJoCo-ROS2-/install/unitree_api/include/unitree_api/unitree_api/msg/detail/response__struct.h
[0.954s] -- Up-to-date: /home/simonzhang/g1-mujoco-ros2-nav-sim-G1-MuJoCo-ROS2-/install/unitree_api/include/unitree_api/unitree_api/msg/detail/request_identity__type_support.h
[0.954s] -- Up-to-date: /home/simonzhang/g1-mujoco-ros2-nav-sim-G1-MuJoCo-ROS2-/install/unitree_api/include/unitree_api/unitree_api/msg/detail/request_header__struct.h
[0.954s] -- Up-to-date: /home/simonzhang/g1-mujoco-ros2-nav-sim-G1-MuJoCo-ROS2-/install/unitree_api/include/unitree_api/unitree_api/msg/detail/response_status__struct.h
[0.954s] -- Up-to-date: /home/simonzhang/g1-mujoco-ros2-nav-sim-G1-MuJoCo-ROS2-/install/unitree_api/include/unitree_api/unitree_api/msg/detail/request__functions.h
[0.954s] -- Up-to-date: /home/simonzhang/g1-mujoco-ros2-nav-sim-G1-MuJoCo-ROS2-/install/unitree_api/include/unitree_api/unitree_api/msg/detail/request_lease__functions.h
[0.954s] -- Up-to-date: /home/simonzhang/g1-mujoco-ros2-nav-sim-G1-MuJoCo-ROS2-/install/unitree_api/include/unitree_api/unitree_api/msg/detail/request_identity__functions.h
[0.954s] -- Up-to-date: /home/simonzhang/g1-mujoco-ros2-nav-sim-G1-MuJoCo-ROS2-/install/unitree_api/include/unitree_api/unitree_api/msg/detail/response_header__functions.c
[0.955s] -- Up-to-date: /home/simonzhang/g1-mujoco-ros2-nav-sim-G1-MuJoCo-ROS2-/install/unitree_api/include/unitree_api/unitree_api/msg/detail/response_status__functions.c
[0.955s] -- Up-to-date: /home/simonzhang/g1-mujoco-ros2-nav-sim-G1-MuJoCo-ROS2-/install/unitree_api/include/unitree_api/unitree_api/msg/detail/request__functions.c
[0.955s] -- Up-to-date: /home/simonzhang/g1-mujoco-ros2-nav-sim-G1-MuJoCo-ROS2-/install/unitree_api/include/unitree_api/unitree_api/msg/request_policy.h
[0.955s] -- Up-to-date: /home/simonzhang/g1-mujoco-ros2-nav-sim-G1-MuJoCo-ROS2-/install/unitree_api/include/unitree_api/unitree_api/msg/response.h
[0.955s] -- Up-to-date: /home/simonzhang/g1-mujoco-ros2-nav-sim-G1-MuJoCo-ROS2-/install/unitree_api/include/unitree_api/unitree_api/msg/response_header.h
[0.955s] -- Up-to-date: /home/simonzhang/g1-mujoco-ros2-nav-sim-G1-MuJoCo-ROS2-/install/unitree_api/include/unitree_api/unitree_api/msg/request.h
[0.955s] -- Up-to-date: /home/simonzhang/g1-mujoco-ros2-nav-sim-G1-MuJoCo-ROS2-/install/unitree_api/include/unitree_api/unitree_api/msg/request_lease.h
[0.955s] -- Up-to-date: /home/simonzhang/g1-mujoco-ros2-nav-sim-G1-MuJoCo-ROS2-/install/unitree_api/share/unitree_api/environment/library_path.sh
[0.955s] -- Installing: /home/simonzhang/g1-mujoco-ros2-nav-sim-G1-MuJoCo-ROS2-/install/unitree_api/share/unitree_api/environment/library_path.dsv
[0.955s] -- Up-to-date: /home/simonzhang/g1-mujoco-ros2-nav-sim-G1-MuJoCo-ROS2-/install/unitree_api/lib/libunitree_api__rosidl_generator_c.so
[0.955s] -- Up-to-date: /home/simonzhang/g1-mujoco-ros2-nav-sim-G1-MuJoCo-ROS2-/install/unitree_api/include/unitree_api/unitree_api
[0.955s] -- Up-to-date: /home/simonzhang/g1-mujoco-ros2-nav-sim-G1-MuJoCo-ROS2-/install/unitree_api/include/unitree_api/unitree_api/msg
[0.955s] -- Up-to-date: /home/simonzhang/g1-mujoco-ros2-nav-sim-G1-MuJoCo-ROS2-/install/unitree_api/include/unitree_api/unitree_api/msg/rosidl_typesupport_fastrtps_c__visibility_control.h
[0.955s] -- Up-to-date: /home/simonzhang/g1-mujoco-ros2-nav-sim-G1-MuJoCo-ROS2-/install/unitree_api/include/unitree_api/unitree_api/msg/detail
[0.955s] -- Up-to-date: /home/simonzhang/g1-mujoco-ros2-nav-sim-G1-MuJoCo-ROS2-/install/unitree_api/include/unitree_api/unitree_api/msg/detail/request__rosidl_typesupport_fastrtps_c.h
[0.955s] -- Up-to-date: /home/simonzhang/g1-mujoco-ros2-nav-sim-G1-MuJoCo-ROS2-/install/unitree_api/include/unitree_api/unitree_api/msg/detail/request_header__rosidl_typesupport_fastrtps_c.h
[0.955s] -- Up-to-date: /home/simonzhang/g1-mujoco-ros2-nav-sim-G1-MuJoCo-ROS2-/install/unitree_api/include/unitree_api/unitree_api/msg/detail/request_identity__rosidl_typesupport_fastrtps_c.h
[0.955s] -- Up-to-date: /home/simonzhang/g1-mujoco-ros2-nav-sim-G1-MuJoCo-ROS2-/install/unitree_api/include/unitree_api/unitree_api/msg/detail/request_lease__rosidl_typesupport_fastrtps_c.h
[0.955s] -- Up-to-date: /home/simonzhang/g1-mujoco-ros2-nav-sim-G1-MuJoCo-ROS2-/install/unitree_api/include/unitree_api/unitree_api/msg/detail/response__rosidl_typesupport_fastrtps_c.h
[0.955s] -- Up-to-date: /home/simonzhang/g1-mujoco-ros2-nav-sim-G1-MuJoCo-ROS2-/install/unitree_api/include/unitree_api/unitree_api/msg/detail/request_policy__rosidl_typesupport_fastrtps_c.h
[0.955s] -- Up-to-date: /home/simonzhang/g1-mujoco-ros2-nav-sim-G1-MuJoCo-ROS2-/install/unitree_api/include/unitree_api/unitree_api/msg/detail/response_status__rosidl_typesupport_fastrtps_c.h
[0.955s] -- Up-to-date: /home/simonzhang/g1-mujoco-ros2-nav-sim-G1-MuJoCo-ROS2-/install/unitree_api/include/unitree_api/unitree_api/msg/detail/response_header__rosidl_typesupport_fastrtps_c.h
[0.955s] -- Up-to-date: /home/simonzhang/g1-mujoco-ros2-nav-sim-G1-MuJoCo-ROS2-/install/unitree_api/lib/libunitree_api__rosidl_typesupport_fastrtps_c.so
[0.955s] -- Up-to-date: /home/simonzhang/g1-mujoco-ros2-nav-sim-G1-MuJoCo-ROS2-/install/unitree_api/include/unitree_api/unitree_api
[0.955s] -- Up-to-date: /home/simonzhang/g1-mujoco-ros2-nav-sim-G1-MuJoCo-ROS2-/install/unitree_api/include/unitree_api/unitree_api/msg
[0.955s] -- Up-to-date: /home/simonzhang/g1-mujoco-ros2-nav-sim-G1-MuJoCo-ROS2-/install/unitree_api/include/unitree_api/unitree_api/msg/response_status.hpp
[0.955s] -- Up-to-date: /home/simonzhang/g1-mujoco-ros2-nav-sim-G1-MuJoCo-ROS2-/install/unitree_api/include/unitree_api/unitree_api/msg/detail
[0.955s] -- Up-to-date: /home/simonzhang/g1-mujoco-ros2-nav-sim-G1-MuJoCo-ROS2-/install/unitree_api/include/unitree_api/unitree_api/msg/detail/request_header__traits.hpp
[0.955s] -- Up-to-date: /home/simonzhang/g1-mujoco-ros2-nav-sim-G1-MuJoCo-ROS2-/install/unitree_api/include/unitree_api/unitree_api/msg/detail/response_header__struct.hpp
[0.955s] -- Up-to-date: /home/simonzhang/g1-mujoco-ros2-nav-sim-G1-MuJoCo-ROS2-/install/unitree_api/include/unitree_api/unitree_api/msg/detail/request_identity__traits.hpp
[0.955s] -- Up-to-date: /home/simonzhang/g1-mujoco-ros2-nav-sim-G1-MuJoCo-ROS2-/install/unitree_api/include/unitree_api/unitree_api/msg/detail/request_header__builder.hpp
[0.955s] -- Up-to-date: /home/simonzhang/g1-mujoco-ros2-nav-sim-G1-MuJoCo-ROS2-/install/unitree_api/include/unitree_api/unitree_api/msg/detail/request_policy__traits.hpp
[0.956s] -- Up-to-date: /home/simonzhang/g1-mujoco-ros2-nav-sim-G1-MuJoCo-ROS2-/install/unitree_api/include/unitree_api/unitree_api/msg/detail/request_header__struct.hpp
[0.956s] -- Up-to-date: /home/simonzhang/g1-mujoco-ros2-nav-sim-G1-MuJoCo-ROS2-/install/unitree_api/include/unitree_api/unitree_api/msg/detail/request_identity__builder.hpp
[0.956s] -- Up-to-date: /home/simonzhang/g1-mujoco-ros2-nav-sim-G1-MuJoCo-ROS2-/install/unitree_api/include/unitree_api/unitree_api/msg/detail/request_lease__traits.hpp
[0.956s] -- Up-to-date: /home/simonzhang/g1-mujoco-ros2-nav-sim-G1-MuJoCo-ROS2-/install/unitree_api/include/unitree_api/unitree_api/msg/detail/request_identity__struct.hpp
[0.956s] -- Up-to-date: /home/simonzhang/g1-mujoco-ros2-nav-sim-G1-MuJoCo-ROS2-/install/unitree_api/include/unitree_api/unitree_api/msg/detail/request_policy__struct.hpp
[0.956s] -- Up-to-date: /home/simonzhang/g1-mujoco-ros2-nav-sim-G1-MuJoCo-ROS2-/install/unitree_api/include/unitree_api/unitree_api/msg/detail/request__type_support.hpp
[0.956s] -- Up-to-date: /home/simonzhang/g1-mujoco-ros2-nav-sim-G1-MuJoCo-ROS2-/install/unitree_api/include/unitree_api/unitree_api/msg/detail/request__builder.hpp
[0.956s] -- Up-to-date: /home/simonzhang/g1-mujoco-ros2-nav-sim-G1-MuJoCo-ROS2-/install/unitree_api/include/unitree_api/unitree_api/msg/detail/request_policy__type_support.hpp
[0.956s] -- Up-to-date: /home/simonzhang/g1-mujoco-ros2-nav-sim-G1-MuJoCo-ROS2-/install/unitree_api/include/unitree_api/unitree_api/msg/detail/request_lease__builder.hpp
[0.956s] -- Up-to-date: /home/simonzhang/g1-mujoco-ros2-nav-sim-G1-MuJoCo-ROS2-/install/unitree_api/include/unitree_api/unitree_api/msg/detail/response_status__traits.hpp
[0.956s] -- Up-to-date: /home/simonzhang/g1-mujoco-ros2-nav-sim-G1-MuJoCo-ROS2-/install/unitree_api/include/unitree_api/unitree_api/msg/detail/request_header__type_support.hpp
[0.956s] -- Up-to-date: /home/simonzhang/g1-mujoco-ros2-nav-sim-G1-MuJoCo-ROS2-/install/unitree_api/include/unitree_api/unitree_api/msg/detail/response__type_support.hpp
[0.956s] -- Up-to-date: /home/simonzhang/g1-mujoco-ros2-nav-sim-G1-MuJoCo-ROS2-/install/unitree_api/include/unitree_api/unitree_api/msg/detail/request__traits.hpp
[0.956s] -- Up-to-date: /home/simonzhang/g1-mujoco-ros2-nav-sim-G1-MuJoCo-ROS2-/install/unitree_api/include/unitree_api/unitree_api/msg/detail/response_status__type_support.hpp
[0.956s] -- Up-to-date: /home/simonzhang/g1-mujoco-ros2-nav-sim-G1-MuJoCo-ROS2-/install/unitree_api/include/unitree_api/unitree_api/msg/detail/response_header__builder.hpp
[0.956s] -- Up-to-date: /home/simonzhang/g1-mujoco-ros2-nav-sim-G1-MuJoCo-ROS2-/install/unitree_api/include/unitree_api/unitree_api/msg/detail/request__struct.hpp
[0.956s] -- Up-to-date: /home/simonzhang/g1-mujoco-ros2-nav-sim-G1-MuJoCo-ROS2-/install/unitree_api/include/unitree_api/unitree_api/msg/detail/response_header__type_support.hpp
[0.956s] -- Up-to-date: /home/simonzhang/g1-mujoco-ros2-nav-sim-G1-MuJoCo-ROS2-/install/unitree_api/include/unitree_api/unitree_api/msg/detail/request_lease__type_support.hpp
[0.956s] -- Up-to-date: /home/simonzhang/g1-mujoco-ros2-nav-sim-G1-MuJoCo-ROS2-/install/unitree_api/include/unitree_api/unitree_api/msg/detail/request_lease__struct.hpp
[0.956s] -- Up-to-date: /home/simonzhang/g1-mujoco-ros2-nav-sim-G1-MuJoCo-ROS2-/install/unitree_api/include/unitree_api/unitree_api/msg/detail/response__builder.hpp
[0.956s] -- Up-to-date: /home/simonzhang/g1-mujoco-ros2-nav-sim-G1-MuJoCo-ROS2-/install/unitree_api/include/unitree_api/unitree_api/msg/detail/response__traits.hpp
[0.956s] -- Up-to-date: /home/simonzhang/g1-mujoco-ros2-nav-sim-G1-MuJoCo-ROS2-/install/unitree_api/include/unitree_api/unitree_api/msg/detail/response_status__builder.hpp
[0.956s] -- Up-to-date: /home/simonzhang/g1-mujoco-ros2-nav-sim-G1-MuJoCo-ROS2-/install/unitree_api/include/unitree_api/unitree_api/msg/detail/request_identity__type_support.hpp
[0.956s] -- Up-to-date: /home/simonzhang/g1-mujoco-ros2-nav-sim-G1-MuJoCo-ROS2-/install/unitree_api/include/unitree_api/unitree_api/msg/detail/response_header__traits.hpp
[0.956s] -- Up-to-date: /home/simonzhang/g1-mujoco-ros2-nav-sim-G1-MuJoCo-ROS2-/install/unitree_api/include/unitree_api/unitree_api/msg/detail/response_status__struct.hpp
[0.956s] -- Up-to-date: /home/simonzhang/g1-mujoco-ros2-nav-sim-G1-MuJoCo-ROS2-/install/unitree_api/include/unitree_api/unitree_api/msg/detail/response__struct.hpp
[0.956s] -- Up-to-date: /home/simonzhang/g1-mujoco-ros2-nav-sim-G1-MuJoCo-ROS2-/install/unitree_api/include/unitree_api/unitree_api/msg/detail/request_policy__builder.hpp
[0.956s] -- Up-to-date: /home/simonzhang/g1-mujoco-ros2-nav-sim-G1-MuJoCo-ROS2-/install/unitree_api/include/unitree_api/unitree_api/msg/request_policy.hpp
[0.956s] -- Up-to-date: /home/simonzhang/g1-mujoco-ros2-nav-sim-G1-MuJoCo-ROS2-/install/unitree_api/include/unitree_api/unitree_api/msg/request_lease.hpp
[0.956s] -- Up-to-date: /home/simonzhang/g1-mujoco-ros2-nav-sim-G1-MuJoCo-ROS2-/install/unitree_api/include/unitree_api/unitree_api/msg/rosidl_generator_cpp__visibility_control.hpp
[0.956s] -- Up-to-date: /home/simonzhang/g1-mujoco-ros2-nav-sim-G1-MuJoCo-ROS2-/install/unitree_api/include/unitree_api/unitree_api/msg/response_header.hpp
[0.956s] -- Up-to-date: /home/simonzhang/g1-mujoco-ros2-nav-sim-G1-MuJoCo-ROS2-/install/unitree_api/include/unitree_api/unitree_api/msg/response.hpp
[0.957s] -- Up-to-date: /home/simonzhang/g1-mujoco-ros2-nav-sim-G1-MuJoCo-ROS2-/install/unitree_api/include/unitree_api/unitree_api/msg/request_header.hpp
[0.957s] -- Up-to-date: /home/simonzhang/g1-mujoco-ros2-nav-sim-G1-MuJoCo-ROS2-/install/unitree_api/include/unitree_api/unitree_api/msg/request_identity.hpp
[0.957s] -- Up-to-date: /home/simonzhang/g1-mujoco-ros2-nav-sim-G1-MuJoCo-ROS2-/install/unitree_api/include/unitree_api/unitree_api/msg/request.hpp
[0.957s] -- Up-to-date: /home/simonzhang/g1-mujoco-ros2-nav-sim-G1-MuJoCo-ROS2-/install/unitree_api/include/unitree_api/unitree_api
[0.957s] -- Up-to-date: /home/simonzhang/g1-mujoco-ros2-nav-sim-G1-MuJoCo-ROS2-/install/unitree_api/include/unitree_api/unitree_api/msg
[0.957s] -- Up-to-date: /home/simonzhang/g1-mujoco-ros2-nav-sim-G1-MuJoCo-ROS2-/install/unitree_api/include/unitree_api/unitree_api/msg/rosidl_typesupport_fastrtps_cpp__visibility_control.h
[0.957s] -- Up-to-date: /home/simonzhang/g1-mujoco-ros2-nav-sim-G1-MuJoCo-ROS2-/install/unitree_api/include/unitree_api/unitree_api/msg/detail
[0.957s] -- Up-to-date: /home/simonzhang/g1-mujoco-ros2-nav-sim-G1-MuJoCo-ROS2-/install/unitree_api/include/unitree_api/unitree_api/msg/detail/request_policy__rosidl_typesupport_fastrtps_cpp.hpp
[0.957s] -- Up-to-date: /home/simonzhang/g1-mujoco-ros2-nav-sim-G1-MuJoCo-ROS2-/install/unitree_api/include/unitree_api/unitree_api/msg/detail/request_lease__rosidl_typesupport_fastrtps_cpp.hpp
[0.957s] -- Up-to-date: /home/simonzhang/g1-mujoco-ros2-nav-sim-G1-MuJoCo-ROS2-/install/unitree_api/include/unitree_api/unitree_api/msg/detail/request_identity__rosidl_typesupport_fastrtps_cpp.hpp
[0.957s] -- Up-to-date: /home/simonzhang/g1-mujoco-ros2-nav-sim-G1-MuJoCo-ROS2-/install/unitree_api/include/unitree_api/unitree_api/msg/detail/response_status__rosidl_typesupport_fastrtps_cpp.hpp
[0.957s] -- Up-to-date: /home/simonzhang/g1-mujoco-ros2-nav-sim-G1-MuJoCo-ROS2-/install/unitree_api/include/unitree_api/unitree_api/msg/detail/response_header__rosidl_typesupport_fastrtps_cpp.hpp
[0.957s] -- Up-to-date: /home/simonzhang/g1-mujoco-ros2-nav-sim-G1-MuJoCo-ROS2-/install/unitree_api/include/unitree_api/unitree_api/msg/detail/dds_fastrtps
[0.957s] -- Up-to-date: /home/simonzhang/g1-mujoco-ros2-nav-sim-G1-MuJoCo-ROS2-/install/unitree_api/include/unitree_api/unitree_api/msg/detail/request_header__rosidl_typesupport_fastrtps_cpp.hpp
[0.957s] -- Up-to-date: /home/simonzhang/g1-mujoco-ros2-nav-sim-G1-MuJoCo-ROS2-/install/unitree_api/include/unitree_api/unitree_api/msg/detail/request__rosidl_typesupport_fastrtps_cpp.hpp
[0.957s] -- Up-to-date: /home/simonzhang/g1-mujoco-ros2-nav-sim-G1-MuJoCo-ROS2-/install/unitree_api/include/unitree_api/unitree_api/msg/detail/response__rosidl_typesupport_fastrtps_cpp.hpp
[0.957s] -- Up-to-date: /home/simonzhang/g1-mujoco-ros2-nav-sim-G1-MuJoCo-ROS2-/install/unitree_api/lib/libunitree_api__rosidl_typesupport_fastrtps_cpp.so
[0.957s] -- Up-to-date: /home/simonzhang/g1-mujoco-ros2-nav-sim-G1-MuJoCo-ROS2-/install/unitree_api/include/unitree_api/unitree_api
[0.957s] -- Up-to-date: /home/simonzhang/g1-mujoco-ros2-nav-sim-G1-MuJoCo-ROS2-/install/unitree_api/include/unitree_api/unitree_api/msg
[0.957s] -- Up-to-date: /home/simonzhang/g1-mujoco-ros2-nav-sim-G1-MuJoCo-ROS2-/install/unitree_api/include/unitree_api/unitree_api/msg/rosidl_typesupport_introspection_c__visibility_control.h
[0.957s] -- Up-to-date: /home/simonzhang/g1-mujoco-ros2-nav-sim-G1-MuJoCo-ROS2-/install/unitree_api/include/unitree_api/unitree_api/msg/detail
[0.957s] -- Up-to-date: /home/simonzhang/g1-mujoco-ros2-nav-sim-G1-MuJoCo-ROS2-/install/unitree_api/include/unitree_api/unitree_api/msg/detail/request_policy__rosidl_typesupport_introspection_c.h
[0.957s] -- Up-to-date: /home/simonzhang/g1-mujoco-ros2-nav-sim-G1-MuJoCo-ROS2-/install/unitree_api/include/unitree_api/unitree_api/msg/detail/request_identity__rosidl_typesupport_introspection_c.h
[0.957s] -- Up-to-date: /home/simonzhang/g1-mujoco-ros2-nav-sim-G1-MuJoCo-ROS2-/install/unitree_api/include/unitree_api/unitree_api/msg/detail/request__type_support.c
[0.957s] -- Up-to-date: /home/simonzhang/g1-mujoco-ros2-nav-sim-G1-MuJoCo-ROS2-/install/unitree_api/include/unitree_api/unitree_api/msg/detail/request_identity__type_support.c
[0.957s] -- Up-to-date: /home/simonzhang/g1-mujoco-ros2-nav-sim-G1-MuJoCo-ROS2-/install/unitree_api/include/unitree_api/unitree_api/msg/detail/request__rosidl_typesupport_introspection_c.h
[0.957s] -- Up-to-date: /home/simonzhang/g1-mujoco-ros2-nav-sim-G1-MuJoCo-ROS2-/install/unitree_api/include/unitree_api/unitree_api/msg/detail/response__type_support.c
[0.957s] -- Up-to-date: /home/simonzhang/g1-mujoco-ros2-nav-sim-G1-MuJoCo-ROS2-/install/unitree_api/include/unitree_api/unitree_api/msg/detail/request_header__type_support.c
[0.957s] -- Up-to-date: /home/simonzhang/g1-mujoco-ros2-nav-sim-G1-MuJoCo-ROS2-/install/unitree_api/include/unitree_api/unitree_api/msg/detail/request_lease__type_support.c
[0.957s] -- Up-to-date: /home/simonzhang/g1-mujoco-ros2-nav-sim-G1-MuJoCo-ROS2-/install/unitree_api/include/unitree_api/unitree_api/msg/detail/request_lease__rosidl_typesupport_introspection_c.h
[0.958s] -- Up-to-date: /home/simonzhang/g1-mujoco-ros2-nav-sim-G1-MuJoCo-ROS2-/install/unitree_api/include/unitree_api/unitree_api/msg/detail/request_policy__type_support.c
[0.958s] -- Up-to-date: /home/simonzhang/g1-mujoco-ros2-nav-sim-G1-MuJoCo-ROS2-/install/unitree_api/include/unitree_api/unitree_api/msg/detail/response__rosidl_typesupport_introspection_c.h
[0.958s] -- Up-to-date: /home/simonzhang/g1-mujoco-ros2-nav-sim-G1-MuJoCo-ROS2-/install/unitree_api/include/unitree_api/unitree_api/msg/detail/request_header__rosidl_typesupport_introspection_c.h
[0.958s] -- Up-to-date: /home/simonzhang/g1-mujoco-ros2-nav-sim-G1-MuJoCo-ROS2-/install/unitree_api/include/unitree_api/unitree_api/msg/detail/response_status__rosidl_typesupport_introspection_c.h
[0.958s] -- Up-to-date: /home/simonzhang/g1-mujoco-ros2-nav-sim-G1-MuJoCo-ROS2-/install/unitree_api/include/unitree_api/unitree_api/msg/detail/response_status__type_support.c
[0.958s] -- Up-to-date: /home/simonzhang/g1-mujoco-ros2-nav-sim-G1-MuJoCo-ROS2-/install/unitree_api/include/unitree_api/unitree_api/msg/detail/response_header__rosidl_typesupport_introspection_c.h
[0.958s] -- Up-to-date: /home/simonzhang/g1-mujoco-ros2-nav-sim-G1-MuJoCo-ROS2-/install/unitree_api/include/unitree_api/unitree_api/msg/detail/response_header__type_support.c
[0.958s] -- Up-to-date: /home/simonzhang/g1-mujoco-ros2-nav-sim-G1-MuJoCo-ROS2-/install/unitree_api/lib/libunitree_api__rosidl_typesupport_introspection_c.so
[0.958s] -- Up-to-date: /home/simonzhang/g1-mujoco-ros2-nav-sim-G1-MuJoCo-ROS2-/install/unitree_api/lib/libunitree_api__rosidl_typesupport_c.so
[0.958s] -- Up-to-date: /home/simonzhang/g1-mujoco-ros2-nav-sim-G1-MuJoCo-ROS2-/install/unitree_api/include/unitree_api/unitree_api
[0.958s] -- Up-to-date: /home/simonzhang/g1-mujoco-ros2-nav-sim-G1-MuJoCo-ROS2-/install/unitree_api/include/unitree_api/unitree_api/msg
[0.958s] -- Up-to-date: /home/simonzhang/g1-mujoco-ros2-nav-sim-G1-MuJoCo-ROS2-/install/unitree_api/include/unitree_api/unitree_api/msg/detail
[0.958s] -- Up-to-date: /home/simonzhang/g1-mujoco-ros2-nav-sim-G1-MuJoCo-ROS2-/install/unitree_api/include/unitree_api/unitree_api/msg/detail/request__type_support.cpp
[0.958s] -- Up-to-date: /home/simonzhang/g1-mujoco-ros2-nav-sim-G1-MuJoCo-ROS2-/install/unitree_api/include/unitree_api/unitree_api/msg/detail/request_identity__rosidl_typesupport_introspection_cpp.hpp
[0.958s] -- Up-to-date: /home/simonzhang/g1-mujoco-ros2-nav-sim-G1-MuJoCo-ROS2-/install/unitree_api/include/unitree_api/unitree_api/msg/detail/request_lease__type_support.cpp
[0.958s] -- Up-to-date: /home/simonzhang/g1-mujoco-ros2-nav-sim-G1-MuJoCo-ROS2-/install/unitree_api/include/unitree_api/unitree_api/msg/detail/response__type_support.cpp
[0.958s] -- Up-to-date: /home/simonzhang/g1-mujoco-ros2-nav-sim-G1-MuJoCo-ROS2-/install/unitree_api/include/unitree_api/unitree_api/msg/detail/request_policy__rosidl_typesupport_introspection_cpp.hpp
[0.958s] -- Up-to-date: /home/simonzhang/g1-mujoco-ros2-nav-sim-G1-MuJoCo-ROS2-/install/unitree_api/include/unitree_api/unitree_api/msg/detail/response__rosidl_typesupport_introspection_cpp.hpp
[0.958s] -- Up-to-date: /home/simonzhang/g1-mujoco-ros2-nav-sim-G1-MuJoCo-ROS2-/install/unitree_api/include/unitree_api/unitree_api/msg/detail/request__rosidl_typesupport_introspection_cpp.hpp
[0.958s] -- Up-to-date: /home/simonzhang/g1-mujoco-ros2-nav-sim-G1-MuJoCo-ROS2-/install/unitree_api/include/unitree_api/unitree_api/msg/detail/request_header__rosidl_typesupport_introspection_cpp.hpp
[0.958s] -- Up-to-date: /home/simonzhang/g1-mujoco-ros2-nav-sim-G1-MuJoCo-ROS2-/install/unitree_api/include/unitree_api/unitree_api/msg/detail/response_header__rosidl_typesupport_introspection_cpp.hpp
[0.958s] -- Up-to-date: /home/simonzhang/g1-mujoco-ros2-nav-sim-G1-MuJoCo-ROS2-/install/unitree_api/include/unitree_api/unitree_api/msg/detail/request_identity__type_support.cpp
[0.958s] -- Up-to-date: /home/simonzhang/g1-mujoco-ros2-nav-sim-G1-MuJoCo-ROS2-/install/unitree_api/include/unitree_api/unitree_api/msg/detail/response_status__type_support.cpp
[0.958s] -- Up-to-date: /home/simonzhang/g1-mujoco-ros2-nav-sim-G1-MuJoCo-ROS2-/install/unitree_api/include/unitree_api/unitree_api/msg/detail/request_lease__rosidl_typesupport_introspection_cpp.hpp
[0.958s] -- Up-to-date: /home/simonzhang/g1-mujoco-ros2-nav-sim-G1-MuJoCo-ROS2-/install/unitree_api/include/unitree_api/unitree_api/msg/detail/request_header__type_support.cpp
[0.958s] -- Up-to-date: /home/simonzhang/g1-mujoco-ros2-nav-sim-G1-MuJoCo-ROS2-/install/unitree_api/include/unitree_api/unitree_api/msg/detail/response_status__rosidl_typesupport_introspection_cpp.hpp
[0.958s] -- Up-to-date: /home/simonzhang/g1-mujoco-ros2-nav-sim-G1-MuJoCo-ROS2-/install/unitree_api/include/unitree_api/unitree_api/msg/detail/request_policy__type_support.cpp
[0.958s] -- Up-to-date: /home/simonzhang/g1-mujoco-ros2-nav-sim-G1-MuJoCo-ROS2-/install/unitree_api/include/unitree_api/unitree_api/msg/detail/response_header__type_support.cpp
[0.958s] -- Up-to-date: /home/simonzhang/g1-mujoco-ros2-nav-sim-G1-MuJoCo-ROS2-/install/unitree_api/lib/libunitree_api__rosidl_typesupport_introspection_cpp.so
[0.958s] -- Up-to-date: /home/simonzhang/g1-mujoco-ros2-nav-sim-G1-MuJoCo-ROS2-/install/unitree_api/lib/libunitree_api__rosidl_typesupport_cpp.so
[0.959s] -- Up-to-date: /home/simonzhang/g1-mujoco-ros2-nav-sim-G1-MuJoCo-ROS2-/install/unitree_api/share/unitree_api/environment/pythonpath.sh
[0.959s] -- Installing: /home/simonzhang/g1-mujoco-ros2-nav-sim-G1-MuJoCo-ROS2-/install/unitree_api/share/unitree_api/environment/pythonpath.dsv
[0.959s] -- Up-to-date: /home/simonzhang/g1-mujoco-ros2-nav-sim-G1-MuJoCo-ROS2-/install/unitree_api/local/lib/python3.10/dist-packages/unitree_api-0.0.0-py3.10.egg-info
[0.959s] -- Installing: /home/simonzhang/g1-mujoco-ros2-nav-sim-G1-MuJoCo-ROS2-/install/unitree_api/local/lib/python3.10/dist-packages/unitree_api-0.0.0-py3.10.egg-info/top_level.txt
[0.959s] -- Installing: /home/simonzhang/g1-mujoco-ros2-nav-sim-G1-MuJoCo-ROS2-/install/unitree_api/local/lib/python3.10/dist-packages/unitree_api-0.0.0-py3.10.egg-info/dependency_links.txt
[0.959s] -- Installing: /home/simonzhang/g1-mujoco-ros2-nav-sim-G1-MuJoCo-ROS2-/install/unitree_api/local/lib/python3.10/dist-packages/unitree_api-0.0.0-py3.10.egg-info/PKG-INFO
[0.959s] -- Installing: /home/simonzhang/g1-mujoco-ros2-nav-sim-G1-MuJoCo-ROS2-/install/unitree_api/local/lib/python3.10/dist-packages/unitree_api-0.0.0-py3.10.egg-info/SOURCES.txt
[0.959s] -- Up-to-date: /home/simonzhang/g1-mujoco-ros2-nav-sim-G1-MuJoCo-ROS2-/install/unitree_api/local/lib/python3.10/dist-packages/unitree_api
[0.959s] -- Up-to-date: /home/simonzhang/g1-mujoco-ros2-nav-sim-G1-MuJoCo-ROS2-/install/unitree_api/local/lib/python3.10/dist-packages/unitree_api/libunitree_api__rosidl_generator_py.so
[0.959s] -- Up-to-date: /home/simonzhang/g1-mujoco-ros2-nav-sim-G1-MuJoCo-ROS2-/install/unitree_api/local/lib/python3.10/dist-packages/unitree_api/_unitree_api_s.ep.rosidl_typesupport_fastrtps_c.c
[0.959s] -- Up-to-date: /home/simonzhang/g1-mujoco-ros2-nav-sim-G1-MuJoCo-ROS2-/install/unitree_api/local/lib/python3.10/dist-packages/unitree_api/unitree_api_s__rosidl_typesupport_introspection_c.cpython-310-x86_64-linux-gnu.so
[0.959s] -- Up-to-date: /home/simonzhang/g1-mujoco-ros2-nav-sim-G1-MuJoCo-ROS2-/install/unitree_api/local/lib/python3.10/dist-packages/unitree_api/_unitree_api_s.ep.rosidl_typesupport_introspection_c.c
[0.959s] -- Up-to-date: /home/simonzhang/g1-mujoco-ros2-nav-sim-G1-MuJoCo-ROS2-/install/unitree_api/local/lib/python3.10/dist-packages/unitree_api/unitree_api_s__rosidl_typesupport_fastrtps_c.cpython-310-x86_64-linux-gnu.so
[0.959s] -- Up-to-date: /home/simonzhang/g1-mujoco-ros2-nav-sim-G1-MuJoCo-ROS2-/install/unitree_api/local/lib/python3.10/dist-packages/unitree_api/msg
[0.959s] -- Up-to-date: /home/simonzhang/g1-mujoco-ros2-nav-sim-G1-MuJoCo-ROS2-/install/unitree_api/local/lib/python3.10/dist-packages/unitree_api/msg/_request_s.c
[0.959s] -- Up-to-date: /home/simonzhang/g1-mujoco-ros2-nav-sim-G1-MuJoCo-ROS2-/install/unitree_api/local/lib/python3.10/dist-packages/unitree_api/msg/_request_lease.py
[0.959s] -- Up-to-date: /home/simonzhang/g1-mujoco-ros2-nav-sim-G1-MuJoCo-ROS2-/install/unitree_api/local/lib/python3.10/dist-packages/unitree_api/msg/_response_s.c
[0.959s] -- Up-to-date: /home/simonzhang/g1-mujoco-ros2-nav-sim-G1-MuJoCo-ROS2-/install/unitree_api/local/lib/python3.10/dist-packages/unitree_api/msg/_request_header_s.c
[0.959s] -- Up-to-date: /home/simonzhang/g1-mujoco-ros2-nav-sim-G1-MuJoCo-ROS2-/install/unitree_api/local/lib/python3.10/dist-packages/unitree_api/msg/_response_status_s.c
[0.959s] -- Up-to-date: /home/simonzhang/g1-mujoco-ros2-nav-sim-G1-MuJoCo-ROS2-/install/unitree_api/local/lib/python3.10/dist-packages/unitree_api/msg/_response_header_s.c
[0.959s] -- Up-to-date: /home/simonzhang/g1-mujoco-ros2-nav-sim-G1-MuJoCo-ROS2-/install/unitree_api/local/lib/python3.10/dist-packages/unitree_api/msg/_response_status.py
[0.959s] -- Up-to-date: /home/simonzhang/g1-mujoco-ros2-nav-sim-G1-MuJoCo-ROS2-/install/unitree_api/local/lib/python3.10/dist-packages/unitree_api/msg/_request_lease_s.c
[0.959s] -- Up-to-date: /home/simonzhang/g1-mujoco-ros2-nav-sim-G1-MuJoCo-ROS2-/install/unitree_api/local/lib/python3.10/dist-packages/unitree_api/msg/_request_policy.py
[0.959s] -- Up-to-date: /home/simonzhang/g1-mujoco-ros2-nav-sim-G1-MuJoCo-ROS2-/install/unitree_api/local/lib/python3.10/dist-packages/unitree_api/msg/_request.py
[0.959s] -- Up-to-date: /home/simonzhang/g1-mujoco-ros2-nav-sim-G1-MuJoCo-ROS2-/install/unitree_api/local/lib/python3.10/dist-packages/unitree_api/msg/_request_header.py
[0.959s] -- Up-to-date: /home/simonzhang/g1-mujoco-ros2-nav-sim-G1-MuJoCo-ROS2-/install/unitree_api/local/lib/python3.10/dist-packages/unitree_api/msg/_request_policy_s.c
[0.959s] -- Up-to-date: /home/simonzhang/g1-mujoco-ros2-nav-sim-G1-MuJoCo-ROS2-/install/unitree_api/local/lib/python3.10/dist-packages/unitree_api/msg/_response_header.py
[0.959s] -- Up-to-date: /home/simonzhang/g1-mujoco-ros2-nav-sim-G1-MuJoCo-ROS2-/install/unitree_api/local/lib/python3.10/dist-packages/unitree_api/msg/_request_identity_s.c
[0.959s] -- Up-to-date: /home/simonzhang/g1-mujoco-ros2-nav-sim-G1-MuJoCo-ROS2-/install/unitree_api/local/lib/python3.10/dist-packages/unitree_api/msg/_response.py
[0.959s] -- Up-to-date: /home/simonzhang/g1-mujoco-ros2-nav-sim-G1-MuJoCo-ROS2-/install/unitree_api/local/lib/python3.10/dist-packages/unitree_api/msg/_request_identity.py
[0.959s] -- Up-to-date: /home/simonzhang/g1-mujoco-ros2-nav-sim-G1-MuJoCo-ROS2-/install/unitree_api/local/lib/python3.10/dist-packages/unitree_api/msg/__init__.py
[0.959s] -- Installing: /home/simonzhang/g1-mujoco-ros2-nav-sim-G1-MuJoCo-ROS2-/install/unitree_api/local/lib/python3.10/dist-packages/unitree_api/__init__.py
[0.959s] -- Up-to-date: /home/simonzhang/g1-mujoco-ros2-nav-sim-G1-MuJoCo-ROS2-/install/unitree_api/local/lib/python3.10/dist-packages/unitree_api/unitree_api_s__rosidl_typesupport_c.cpython-310-x86_64-linux-gnu.so
[0.959s] -- Up-to-date: /home/simonzhang/g1-mujoco-ros2-nav-sim-G1-MuJoCo-ROS2-/install/unitree_api/local/lib/python3.10/dist-packages/unitree_api/_unitree_api_s.ep.rosidl_typesupport_c.c
[0.974s] Listing '/home/simonzhang/g1-mujoco-ros2-nav-sim-G1-MuJoCo-ROS2-/install/unitree_api/local/lib/python3.10/dist-packages/unitree_api'...
[0.974s] Compiling '/home/simonzhang/g1-mujoco-ros2-nav-sim-G1-MuJoCo-ROS2-/install/unitree_api/local/lib/python3.10/dist-packages/unitree_api/__init__.py'...
[0.974s] Listing '/home/simonzhang/g1-mujoco-ros2-nav-sim-G1-MuJoCo-ROS2-/install/unitree_api/local/lib/python3.10/dist-packages/unitree_api/msg'...
[0.976s] -- Up-to-date: /home/simonzhang/g1-mujoco-ros2-nav-sim-G1-MuJoCo-ROS2-/install/unitree_api/local/lib/python3.10/dist-packages/unitree_api/unitree_api_s__rosidl_typesupport_fastrtps_c.cpython-310-x86_64-linux-gnu.so
[0.976s] -- Up-to-date: /home/simonzhang/g1-mujoco-ros2-nav-sim-G1-MuJoCo-ROS2-/install/unitree_api/local/lib/python3.10/dist-packages/unitree_api/unitree_api_s__rosidl_typesupport_introspection_c.cpython-310-x86_64-linux-gnu.so
[0.976s] -- Up-to-date: /home/simonzhang/g1-mujoco-ros2-nav-sim-G1-MuJoCo-ROS2-/install/unitree_api/local/lib/python3.10/dist-packages/unitree_api/unitree_api_s__rosidl_typesupport_c.cpython-310-x86_64-linux-gnu.so
[0.976s] -- Up-to-date: /home/simonzhang/g1-mujoco-ros2-nav-sim-G1-MuJoCo-ROS2-/install/unitree_api/lib/libunitree_api__rosidl_generator_py.so
[0.977s] -- Up-to-date: /home/simonzhang/g1-mujoco-ros2-nav-sim-G1-MuJoCo-ROS2-/install/unitree_api/share/ament_index/resource_index/rust_packages/unitree_api
[0.977s] -- Up-to-date: /home/simonzhang/g1-mujoco-ros2-nav-sim-G1-MuJoCo-ROS2-/install/unitree_api/share/unitree_api/rust
[0.977s] -- Up-to-date: /home/simonzhang/g1-mujoco-ros2-nav-sim-G1-MuJoCo-ROS2-/install/unitree_api/share/unitree_api/rust/Cargo.toml
[0.977s] -- Up-to-date: /home/simonzhang/g1-mujoco-ros2-nav-sim-G1-MuJoCo-ROS2-/install/unitree_api/share/unitree_api/rust/build.rs
[0.977s] -- Up-to-date: /home/simonzhang/g1-mujoco-ros2-nav-sim-G1-MuJoCo-ROS2-/install/unitree_api/share/unitree_api/rust/src
[0.977s] -- Up-to-date: /home/simonzhang/g1-mujoco-ros2-nav-sim-G1-MuJoCo-ROS2-/install/unitree_api/share/unitree_api/rust/src/lib.rs
[0.977s] -- Up-to-date: /home/simonzhang/g1-mujoco-ros2-nav-sim-G1-MuJoCo-ROS2-/install/unitree_api/share/unitree_api/rust/src/msg.rs
[0.977s] -- Up-to-date: /home/simonzhang/g1-mujoco-ros2-nav-sim-G1-MuJoCo-ROS2-/install/unitree_api/share/unitree_api/rust/src/msg
[0.977s] -- Up-to-date: /home/simonzhang/g1-mujoco-ros2-nav-sim-G1-MuJoCo-ROS2-/install/unitree_api/share/unitree_api/rust/src/msg/rmw.rs
[0.977s] -- Up-to-date: /home/simonzhang/g1-mujoco-ros2-nav-sim-G1-MuJoCo-ROS2-/install/unitree_api/share/unitree_api/msg/Request.idl
[0.977s] -- Up-to-date: /home/simonzhang/g1-mujoco-ros2-nav-sim-G1-MuJoCo-ROS2-/install/unitree_api/share/unitree_api/msg/RequestHeader.idl
[0.977s] -- Up-to-date: /home/simonzhang/g1-mujoco-ros2-nav-sim-G1-MuJoCo-ROS2-/install/unitree_api/share/unitree_api/msg/RequestIdentity.idl
[0.977s] -- Up-to-date: /home/simonzhang/g1-mujoco-ros2-nav-sim-G1-MuJoCo-ROS2-/install/unitree_api/share/unitree_api/msg/RequestLease.idl
[0.977s] -- Up-to-date: /home/simonzhang/g1-mujoco-ros2-nav-sim-G1-MuJoCo-ROS2-/install/unitree_api/share/unitree_api/msg/RequestPolicy.idl
[0.977s] -- Up-to-date: /home/simonzhang/g1-mujoco-ros2-nav-sim-G1-MuJoCo-ROS2-/install/unitree_api/share/unitree_api/msg/Response.idl
[0.977s] -- Up-to-date: /home/simonzhang/g1-mujoco-ros2-nav-sim-G1-MuJoCo-ROS2-/install/unitree_api/share/unitree_api/msg/ResponseHeader.idl
[0.977s] -- Up-to-date: /home/simonzhang/g1-mujoco-ros2-nav-sim-G1-MuJoCo-ROS2-/install/unitree_api/share/unitree_api/msg/ResponseStatus.idl
[0.977s] -- Up-to-date: /home/simonzhang/g1-mujoco-ros2-nav-sim-G1-MuJoCo-ROS2-/install/unitree_api/share/unitree_api/msg/Request.msg
[0.978s] -- Up-to-date: /home/simonzhang/g1-mujoco-ros2-nav-sim-G1-MuJoCo-ROS2-/install/unitree_api/share/unitree_api/msg/RequestHeader.msg
[0.978s] -- Up-to-date: /home/simonzhang/g1-mujoco-ros2-nav-sim-G1-MuJoCo-ROS2-/install/unitree_api/share/unitree_api/msg/RequestIdentity.msg
[0.978s] -- Up-to-date: /home/simonzhang/g1-mujoco-ros2-nav-sim-G1-MuJoCo-ROS2-/install/unitree_api/share/unitree_api/msg/RequestLease.msg
[0.978s] -- Up-to-date: /home/simonzhang/g1-mujoco-ros2-nav-sim-G1-MuJoCo-ROS2-/install/unitree_api/share/unitree_api/msg/RequestPolicy.msg
[0.978s] -- Up-to-date: /home/simonzhang/g1-mujoco-ros2-nav-sim-G1-MuJoCo-ROS2-/install/unitree_api/share/unitree_api/msg/Response.msg
[0.978s] -- Up-to-date: /home/simonzhang/g1-mujoco-ros2-nav-sim-G1-MuJoCo-ROS2-/install/unitree_api/share/unitree_api/msg/ResponseHeader.msg
[0.978s] -- Up-to-date: /home/simonzhang/g1-mujoco-ros2-nav-sim-G1-MuJoCo-ROS2-/install/unitree_api/share/unitree_api/msg/ResponseStatus.msg
[0.978s] -- Up-to-date: /home/simonzhang/g1-mujoco-ros2-nav-sim-G1-MuJoCo-ROS2-/install/unitree_api/share/unitree_api/msg/dds_connext
[0.978s] -- Up-to-date: /home/simonzhang/g1-mujoco-ros2-nav-sim-G1-MuJoCo-ROS2-/install/unitree_api/share/unitree_api/msg/dds_connext/Response_.idl
[0.978s] -- Up-to-date: /home/simonzhang/g1-mujoco-ros2-nav-sim-G1-MuJoCo-ROS2-/install/unitree_api/share/unitree_api/msg/dds_connext/RequestPolicy_.idl
[0.978s] -- Up-to-date: /home/simonzhang/g1-mujoco-ros2-nav-sim-G1-MuJoCo-ROS2-/install/unitree_api/share/unitree_api/msg/dds_connext/RequestIdentity_.idl
[0.978s] -- Up-to-date: /home/simonzhang/g1-mujoco-ros2-nav-sim-G1-MuJoCo-ROS2-/install/unitree_api/share/unitree_api/msg/dds_connext/RequestLease_.idl
[0.978s] -- Up-to-date: /home/simonzhang/g1-mujoco-ros2-nav-sim-G1-MuJoCo-ROS2-/install/unitree_api/share/unitree_api/msg/dds_connext/ResponseHeader_.idl
[0.978s] -- Up-to-date: /home/simonzhang/g1-mujoco-ros2-nav-sim-G1-MuJoCo-ROS2-/install/unitree_api/share/unitree_api/msg/dds_connext/ResponseStatus_.idl
[0.978s] -- Up-to-date: /home/simonzhang/g1-mujoco-ros2-nav-sim-G1-MuJoCo-ROS2-/install/unitree_api/share/unitree_api/msg/dds_connext/RequestHeader_.idl
[0.978s] -- Up-to-date: /home/simonzhang/g1-mujoco-ros2-nav-sim-G1-MuJoCo-ROS2-/install/unitree_api/share/unitree_api/msg/dds_connext/Request_.idl
[0.978s] -- Up-to-date: /home/simonzhang/g1-mujoco-ros2-nav-sim-G1-MuJoCo-ROS2-/install/unitree_api/share/ament_index/resource_index/package_run_dependencies/unitree_api
[0.978s] -- Up-to-date: /home/simonzhang/g1-mujoco-ros2-nav-sim-G1-MuJoCo-ROS2-/install/unitree_api/share/ament_index/resource_index/parent_prefix_path/unitree_api
[0.978s] -- Up-to-date: /home/simonzhang/g1-mujoco-ros2-nav-sim-G1-MuJoCo-ROS2-/install/unitree_api/share/unitree_api/environment/ament_prefix_path.sh
[0.978s] -- Installing: /home/simonzhang/g1-mujoco-ros2-nav-sim-G1-MuJoCo-ROS2-/install/unitree_api/share/unitree_api/environment/ament_prefix_path.dsv
[0.978s] -- Up-to-date: /home/simonzhang/g1-mujoco-ros2-nav-sim-G1-MuJoCo-ROS2-/install/unitree_api/share/unitree_api/environment/path.sh
[0.978s] -- Installing: /home/simonzhang/g1-mujoco-ros2-nav-sim-G1-MuJoCo-ROS2-/install/unitree_api/share/unitree_api/environment/path.dsv
[0.978s] -- Up-to-date: /home/simonzhang/g1-mujoco-ros2-nav-sim-G1-MuJoCo-ROS2-/install/unitree_api/share/unitree_api/local_setup.bash
[0.978s] -- Up-to-date: /home/simonzhang/g1-mujoco-ros2-nav-sim-G1-MuJoCo-ROS2-/install/unitree_api/share/unitree_api/local_setup.sh
[0.978s] -- Up-to-date: /home/simonzhang/g1-mujoco-ros2-nav-sim-G1-MuJoCo-ROS2-/install/unitree_api/share/unitree_api/local_setup.zsh
[0.978s] -- Installing: /home/simonzhang/g1-mujoco-ros2-nav-sim-G1-MuJoCo-ROS2-/install/unitree_api/share/unitree_api/local_setup.dsv
[0.978s] -- Installing: /home/simonzhang/g1-mujoco-ros2-nav-sim-G1-MuJoCo-ROS2-/install/unitree_api/share/unitree_api/package.dsv
[0.978s] -- Up-to-date: /home/simonzhang/g1-mujoco-ros2-nav-sim-G1-MuJoCo-ROS2-/install/unitree_api/share/ament_index/resource_index/packages/unitree_api
[0.978s] -- Up-to-date: /home/simonzhang/g1-mujoco-ros2-nav-sim-G1-MuJoCo-ROS2-/install/unitree_api/share/unitree_api/cmake/export_unitree_api__rosidl_generator_cExport.cmake
[0.978s] -- Up-to-date: /home/simonzhang/g1-mujoco-ros2-nav-sim-G1-MuJoCo-ROS2-/install/unitree_api/share/unitree_api/cmake/export_unitree_api__rosidl_generator_cExport-noconfig.cmake
[0.978s] -- Up-to-date: /home/simonzhang/g1-mujoco-ros2-nav-sim-G1-MuJoCo-ROS2-/install/unitree_api/share/unitree_api/cmake/export_unitree_api__rosidl_typesupport_fastrtps_cExport.cmake
[0.978s] -- Up-to-date: /home/simonzhang/g1-mujoco-ros2-nav-sim-G1-MuJoCo-ROS2-/install/unitree_api/share/unitree_api/cmake/export_unitree_api__rosidl_typesupport_fastrtps_cExport-noconfig.cmake
[0.978s] -- Up-to-date: /home/simonzhang/g1-mujoco-ros2-nav-sim-G1-MuJoCo-ROS2-/install/unitree_api/share/unitree_api/cmake/export_unitree_api__rosidl_generator_cppExport.cmake
[0.978s] -- Up-to-date: /home/simonzhang/g1-mujoco-ros2-nav-sim-G1-MuJoCo-ROS2-/install/unitree_api/share/unitree_api/cmake/export_unitree_api__rosidl_typesupport_fastrtps_cppExport.cmake
[0.978s] -- Up-to-date: /home/simonzhang/g1-mujoco-ros2-nav-sim-G1-MuJoCo-ROS2-/install/unitree_api/share/unitree_api/cmake/export_unitree_api__rosidl_typesupport_fastrtps_cppExport-noconfig.cmake
[0.979s] -- Up-to-date: /home/simonzhang/g1-mujoco-ros2-nav-sim-G1-MuJoCo-ROS2-/install/unitree_api/share/unitree_api/cmake/unitree_api__rosidl_typesupport_introspection_cExport.cmake
[0.979s] -- Up-to-date: /home/simonzhang/g1-mujoco-ros2-nav-sim-G1-MuJoCo-ROS2-/install/unitree_api/share/unitree_api/cmake/unitree_api__rosidl_typesupport_introspection_cExport-noconfig.cmake
[0.979s] -- Up-to-date: /home/simonzhang/g1-mujoco-ros2-nav-sim-G1-MuJoCo-ROS2-/install/unitree_api/share/unitree_api/cmake/unitree_api__rosidl_typesupport_cExport.cmake
[0.979s] -- Up-to-date: /home/simonzhang/g1-mujoco-ros2-nav-sim-G1-MuJoCo-ROS2-/install/unitree_api/share/unitree_api/cmake/unitree_api__rosidl_typesupport_cExport-noconfig.cmake
[0.979s] -- Up-to-date: /home/simonzhang/g1-mujoco-ros2-nav-sim-G1-MuJoCo-ROS2-/install/unitree_api/share/unitree_api/cmake/unitree_api__rosidl_typesupport_introspection_cppExport.cmake
[0.979s] -- Up-to-date: /home/simonzhang/g1-mujoco-ros2-nav-sim-G1-MuJoCo-ROS2-/install/unitree_api/share/unitree_api/cmake/unitree_api__rosidl_typesupport_introspection_cppExport-noconfig.cmake
[0.979s] -- Up-to-date: /home/simonzhang/g1-mujoco-ros2-nav-sim-G1-MuJoCo-ROS2-/install/unitree_api/share/unitree_api/cmake/unitree_api__rosidl_typesupport_cppExport.cmake
[0.979s] -- Up-to-date: /home/simonzhang/g1-mujoco-ros2-nav-sim-G1-MuJoCo-ROS2-/install/unitree_api/share/unitree_api/cmake/unitree_api__rosidl_typesupport_cppExport-noconfig.cmake
[0.979s] -- Up-to-date: /home/simonzhang/g1-mujoco-ros2-nav-sim-G1-MuJoCo-ROS2-/install/unitree_api/share/unitree_api/cmake/export_unitree_api__rosidl_generator_pyExport.cmake
[0.979s] -- Up-to-date: /home/simonzhang/g1-mujoco-ros2-nav-sim-G1-MuJoCo-ROS2-/install/unitree_api/share/unitree_api/cmake/export_unitree_api__rosidl_generator_pyExport-noconfig.cmake
[0.979s] -- Up-to-date: /home/simonzhang/g1-mujoco-ros2-nav-sim-G1-MuJoCo-ROS2-/install/unitree_api/share/unitree_api/cmake/rosidl_cmake-extras.cmake
[0.979s] -- Up-to-date: /home/simonzhang/g1-mujoco-ros2-nav-sim-G1-MuJoCo-ROS2-/install/unitree_api/share/unitree_api/cmake/ament_cmake_export_dependencies-extras.cmake
[0.979s] -- Up-to-date: /home/simonzhang/g1-mujoco-ros2-nav-sim-G1-MuJoCo-ROS2-/install/unitree_api/share/unitree_api/cmake/ament_cmake_export_include_directories-extras.cmake
[0.979s] -- Up-to-date: /home/simonzhang/g1-mujoco-ros2-nav-sim-G1-MuJoCo-ROS2-/install/unitree_api/share/unitree_api/cmake/ament_cmake_export_libraries-extras.cmake
[0.979s] -- Up-to-date: /home/simonzhang/g1-mujoco-ros2-nav-sim-G1-MuJoCo-ROS2-/install/unitree_api/share/unitree_api/cmake/ament_cmake_export_targets-extras.cmake
[0.979s] -- Up-to-date: /home/simonzhang/g1-mujoco-ros2-nav-sim-G1-MuJoCo-ROS2-/install/unitree_api/share/unitree_api/cmake/rosidl_cmake_export_typesupport_targets-extras.cmake
[0.979s] -- Up-to-date: /home/simonzhang/g1-mujoco-ros2-nav-sim-G1-MuJoCo-ROS2-/install/unitree_api/share/unitree_api/cmake/rosidl_cmake_export_typesupport_libraries-extras.cmake
[0.979s] -- Up-to-date: /home/simonzhang/g1-mujoco-ros2-nav-sim-G1-MuJoCo-ROS2-/install/unitree_api/share/unitree_api/cmake/unitree_apiConfig.cmake
[0.979s] -- Up-to-date: /home/simonzhang/g1-mujoco-ros2-nav-sim-G1-MuJoCo-ROS2-/install/unitree_api/share/unitree_api/cmake/unitree_apiConfig-version.cmake
[0.979s] -- Up-to-date: /home/simonzhang/g1-mujoco-ros2-nav-sim-G1-MuJoCo-ROS2-/install/unitree_api/share/unitree_api/package.xml
[0.980s] Invoked command in '/home/simonzhang/g1-mujoco-ros2-nav-sim-G1-MuJoCo-ROS2-/build/unitree_api' returned '0': CMAKE_PREFIX_PATH=/opt/ros/humble /usr/bin/cmake --install /home/simonzhang/g1-mujoco-ros2-nav-sim-G1-MuJoCo-ROS2-/build/unitree_api
