[0.017s] Invoking command in '/home/simonzhang/g1-mujoco-ros2-nav-sim-G1-MuJoCo-ROS2-/build/livox_ros_driver2': CMAKE_PREFIX_PATH=/opt/ros/humble /usr/bin/cmake /home/simonzhang/g1-mujoco-ros2-nav-sim-G1-MuJoCo-ROS2-/src/livox_ros_driver2 -DPython3_EXECUTABLE=/usr/bin/python3 -DMUJOCO_DIR=/home/simonzhang/.mujoco/mujoco-3.2.7 -DCMAKE_PREFIX_PATH=/home/simonzhang/.mujoco/mujoco-3.2.7 -DCMAKE_INSTALL_PREFIX=/home/simonzhang/g1-mujoco-ros2-nav-sim-G1-MuJoCo-ROS2-/install/livox_ros_driver2
[0.141s] -- livox_ros_driver2 version: 1.2.6
[0.142s] -- Found ament_cmake_auto: 1.3.14 (/opt/ros/humble/share/ament_cmake_auto/cmake)
[0.142s] -- Using all available rosidl_typesupport_c: rosidl_typesupport_fastrtps_c;rosidl_typesupport_introspection_c
[0.142s] -- Found rosidl_adapter: 3.1.8 (/opt/ros/humble/share/rosidl_adapter/cmake)
[0.143s] -- Using all available rosidl_typesupport_cpp: rosidl_typesupport_fastrtps_cpp;rosidl_typesupport_introspection_cpp
[0.157s] -- Found rmw_implementation_cmake: 6.1.2 (/opt/ros/humble/share/rmw_implementation_cmake/cmake)
[0.157s] -- Found rmw_fastrtps_cpp: 6.2.10 (/opt/ros/humble/share/rmw_fastrtps_cpp/cmake)
[0.207s] -- Using RMW implementation 'rmw_fastrtps_cpp' as default
[0.265s] -- Eigen found (include: /usr/include/eigen3, version: 3.4.0)
[0.281s] -- FLANN found (include: /usr/include, lib: /usr/lib/x86_64-linux-gnu/libflann_cpp.so)
[0.442s] -- OpenNI found (version: 1.5.4.0, include: /usr/include/ni, lib: /usr/lib/libOpenNI.so;libusb::libusb)
[0.446s] -- OpenNI2 found (version: 2.2.0.33, include: /usr/include/openni2, lib: /usr/lib/x86_64-linux-gnu/libOpenNI2.so;libusb::libusb)
[0.523s] -- Eigen found (include: /usr/include/eigen3, version: 3.4.0)
[0.529s] -- OpenNI found (version: 1.5.4.0, include: /usr/include/ni, lib: /usr/lib/libOpenNI.so;libusb::libusb)
[0.532s] -- OpenNI2 found (version: 2.2.0.33, include: /usr/include/openni2, lib: /usr/lib/x86_64-linux-gnu/libOpenNI2.so;libusb::libusb)
[0.606s] -- Found Qhull version 8.0.2
[0.700s] -- OpenNI found (version: 1.5.4.0, include: /usr/include/ni, lib: /usr/lib/libOpenNI.so;libusb::libusb)
[0.796s] -- Checking for module 'apr-1'
[0.800s] --   No package 'apr-1' found
[0.934s] -- Found ament_cmake_ros: 0.10.0 (/opt/ros/humble/share/ament_cmake_ros/cmake)
[1.047s] -- Using all available rosidl_typesupport_c: rosidl_typesupport_fastrtps_c;rosidl_typesupport_introspection_c
[1.196s] -- Using all available rosidl_typesupport_cpp: rosidl_typesupport_fastrtps_cpp;rosidl_typesupport_introspection_cpp
[1.209s] -- Found python_cmake_module: 0.10.0 (/opt/ros/humble/share/python_cmake_module/cmake)
[1.221s] -- Using PYTHON_EXECUTABLE: /usr/bin/python3
[1.221s] -- Using PYTHON_INCLUDE_DIRS: /usr/include/python3.10
[1.221s] -- Using PYTHON_LIBRARIES: /usr/lib/x86_64-linux-gnu/libpython3.10.so
[1.278s] -- Found ament_lint_auto: 0.12.15 (/opt/ros/humble/share/ament_lint_auto/cmake)
[1.283s] -- Added test 'copyright' to check source files copyright and LICENSE
[1.284s] -- Added test 'cppcheck' to perform static code analysis on C / C++ code
[1.285s] -- Configured cppcheck include dirs: /home/simonzhang/g1-mujoco-ros2-nav-sim-G1-MuJoCo-ROS2-/src/livox_ros_driver2/3rdparty;/home/simonzhang/g1-mujoco-ros2-nav-sim-G1-MuJoCo-ROS2-/src/livox_ros_driver2/src
[1.285s] -- Configured cppcheck exclude dirs and/or files: 
[1.286s] -- Added test 'cpplint' to check C / C++ code against the Google style
[1.286s] -- Configured cpplint exclude dirs and/or files: 
[1.286s] -- Added test 'flake8' to check Python code syntax and style conventions
[1.287s] -- Added test 'lint_cmake' to check CMake code style
[1.287s] -- Added test 'pep257' to check Python code against some of the docstring style conventions in PEP 257
[1.288s] -- Added test 'uncrustify' to check C / C++ code style
[1.288s] -- Configured uncrustify additional arguments: 
[1.289s] -- Added test 'xmllint' to check XML markup files
[1.289s] -- Configuring done
[1.292s] [0mCMake Error: The following variables are used in this project, but they are set to NOTFOUND.
[1.292s] Please set them or make sure they are set and tested correctly in the CMake files:
[1.292s] /home/simonzhang/g1-mujoco-ros2-nav-sim-G1-MuJoCo-ROS2-/src/livox_ros_driver2/LIVOX_INTERFACES_INCLUDE_DIRECTORIES
[1.292s]    used as include directory in directory /home/simonzhang/g1-mujoco-ros2-nav-sim-G1-MuJoCo-ROS2-/src/livox_ros_driver2
[1.292s] [0m
[1.317s] -- Generating done
[1.319s] [33mCMake Warning:
[1.319s]   Manually-specified variables were not used by the project:
[1.319s] 
[1.319s]     MUJOCO_DIR
[1.319s] 
[1.319s] [0m
[1.319s] [0mCMake Generate step failed.  Build files cannot be regenerated correctly.[0m
[1.333s] Invoked command in '/home/simonzhang/g1-mujoco-ros2-nav-sim-G1-MuJoCo-ROS2-/build/livox_ros_driver2' returned '1': CMAKE_PREFIX_PATH=/opt/ros/humble /usr/bin/cmake /home/simonzhang/g1-mujoco-ros2-nav-sim-G1-MuJoCo-ROS2-/src/livox_ros_driver2 -DPython3_EXECUTABLE=/usr/bin/python3 -DMUJOCO_DIR=/home/simonzhang/.mujoco/mujoco-3.2.7 -DCMAKE_PREFIX_PATH=/home/simonzhang/.mujoco/mujoco-3.2.7 -DCMAKE_INSTALL_PREFIX=/home/simonzhang/g1-mujoco-ros2-nav-sim-G1-MuJoCo-ROS2-/install/livox_ros_driver2
