[  1%] [32mBuilding CXX object CMakeFiles/read_motion_state.dir/src/read_motion_state.cpp.o[0m
[  3%] [32mBuilding CXX object CMakeFiles/go2_robot_state_client.dir/src/go2/go2_robot_state_client.cpp.o[0m
[  4%] [32mBuilding CXX object CMakeFiles/go2_sport_client.dir/src/go2/go2_sport_client.cpp.o[0m
[  6%] [32mBuilding CXX object CMakeFiles/g1_dex3_example.dir/src/g1/dex3/g1_dex3_example.cpp.o[0m
[  9%] [32mBuilding CXX object CMakeFiles/low_level_ctrl.dir/src/low_level_ctrl.cpp.o[0m
[  9%] [32mBuilding CXX object CMakeFiles/low_level_ctrl_hg.dir/src/h1-2/lowlevel/low_level_ctrl_hg.cpp.o[0m
[ 12%] [32mBuilding CXX object CMakeFiles/g1_arm_action_example.dir/src/g1/high_level/g1_arm_action_example.cpp.o[0m
[ 14%] [32mBuilding CXX object CMakeFiles/read_low_state_hg.dir/src/read_low_state_hg.cpp.o[0m
[ 14%] [32mBuilding CXX object CMakeFiles/read_low_state.dir/src/read_low_state.cpp.o[0m
[ 15%] [32mBuilding CXX object CMakeFiles/g1_low_level_example.dir/src/g1/lowlevel/g1_low_level_example.cpp.o[0m
[ 20%] [32mBuilding CXX object CMakeFiles/read_wireless_controller.dir/src/read_wireless_controller.cpp.o[0m
[ 20%] [32mBuilding CXX object CMakeFiles/g1_low_level_example.dir/src/common/motor_crc_hg.cpp.o[0m
[ 22%] [32mBuilding CXX object CMakeFiles/g1_loco_client_example.dir/src/g1/high_level/loco_client_example.cpp.o[0m
[ 23%] [32mBuilding CXX object CMakeFiles/g1_ankle_swing_example.dir/src/g1/lowlevel/g1_ankle_swing_example.cpp.o[0m
[ 17%] [32mBuilding CXX object CMakeFiles/go2_stand_example.dir/src/go2/go2_stand_example.cpp.o[0m
[ 25%] [32mBuilding CXX object CMakeFiles/b2_stand_example.dir/src/b2/b2_stand_example.cpp.o[0m
[ 26%] [32mBuilding CXX object CMakeFiles/b2w_sport_client.dir/src/b2w/b2w_sport_client.cpp.o[0m
[ 28%] [32mBuilding CXX object CMakeFiles/g1_audio_client_example.dir/src/g1/audio_client/g1_audio_client_example.cpp.o[0m
[ 30%] [32mBuilding CXX object CMakeFiles/g1_arm_sdk_dds_example.dir/src/g1/high_level/g1_arm_sdk_dds_example.cpp.o[0m
[ 31%] [32mBuilding CXX object CMakeFiles/b2w_stand_example.dir/src/b2w/b2w_stand_example.cpp.o[0m
[ 33%] [32mBuilding CXX object CMakeFiles/b2_sport_client.dir/src/b2/b2_sport_client.cpp.o[0m
[ 34%] [32mBuilding CXX object CMakeFiles/g1_dual_arm_example.dir/src/g1/lowlevel/g1_dual_arm_example.cpp.o[0m
[ 36%] [32mBuilding CXX object CMakeFiles/h2_ankle_swing_example.dir/src/h2/low_level/h2_ankle_swing_example.cpp.o[0m
[ 38%] [32mBuilding CXX object CMakeFiles/h2_loco_client.dir/src/h2/high_level/h2_loco_client.cpp.o[0m
[ 39%] [32mBuilding CXX object CMakeFiles/g1_arm_sdk_dds_example.dir/src/common/motor_crc.cpp.o[0m
[ 41%] [32mBuilding CXX object CMakeFiles/go2_stand_example.dir/src/common/motor_crc.cpp.o[0m
[ 42%] [32m[1mLinking CXX executable read_low_state_hg[0m
[ 44%] [32mBuilding CXX object CMakeFiles/low_level_ctrl.dir/src/common/motor_crc.cpp.o[0m
[ 46%] [32mBuilding CXX object CMakeFiles/b2_sport_client.dir/src/common/ros2_b2_sport_client.cpp.o[0m
[ 46%] Built target read_low_state_hg
[ 47%] [32mBuilding CXX object CMakeFiles/low_level_ctrl_hg.dir/src/common/motor_crc_hg.cpp.o[0m
[ 49%] [32mBuilding CXX object CMakeFiles/b2w_sport_client.dir/src/common/ros2_b2_sport_client.cpp.o[0m
[ 50%] [32m[1mLinking CXX executable read_low_state[0m
[ 52%] [32m[1mLinking CXX executable read_motion_state[0m
[ 53%] [32mBuilding CXX object CMakeFiles/b2_stand_example.dir/src/common/motor_crc.cpp.o[0m
[ 55%] [32m[1mLinking CXX executable g1_low_level_example[0m
[ 55%] Built target read_low_state
[ 57%] [32mBuilding CXX object CMakeFiles/g1_loco_client_example.dir/src/common/motor_crc.cpp.o[0m
[ 57%] Built target read_motion_state
[ 58%] [32mBuilding CXX object CMakeFiles/g1_arm_action_example.dir/src/common/motor_crc.cpp.o[0m
[ 58%] Built target g1_low_level_example
[ 60%] [32mBuilding CXX object CMakeFiles/b2w_stand_example.dir/src/common/motor_crc.cpp.o[0m
[ 61%] [32m[1mLinking CXX executable read_wireless_controller[0m
[ 63%] [32m[1mLinking CXX executable low_level_ctrl[0m
[ 65%] [32mBuilding CXX object CMakeFiles/go2_robot_state_client.dir/src/common/motor_crc.cpp.o[0m
[ 66%] [32mBuilding CXX object CMakeFiles/h2_ankle_swing_example.dir/src/common/motor_crc_hg.cpp.o[0m
[ 66%] Built target low_level_ctrl
[ 68%] [32mBuilding CXX object CMakeFiles/g1_dual_arm_example.dir/src/common/motor_crc_hg.cpp.o[0m
[ 68%] Built target read_wireless_controller
[ 69%] [32mBuilding CXX object CMakeFiles/g1_dex3_example.dir/src/common/motor_crc.cpp.o[0m
[ 71%] [32mBuilding CXX object CMakeFiles/go2_sport_client.dir/src/common/ros2_sport_client.cpp.o[0m
[ 73%] [32m[1mLinking CXX executable go2_stand_example[0m
[ 74%] [32m[1mLinking CXX executable g1_arm_sdk_dds_example[0m
[ 76%] [32mBuilding CXX object CMakeFiles/g1_ankle_swing_example.dir/src/common/motor_crc_hg.cpp.o[0m
[ 77%] [32m[1mLinking CXX executable g1_audio_client_example[0m
[ 77%] Built target go2_stand_example
[ 77%] Built target g1_arm_sdk_dds_example
[ 79%] [32m[1mLinking CXX executable low_level_ctrl_hg[0m
[ 79%] Built target g1_audio_client_example
[ 79%] Built target low_level_ctrl_hg
[ 80%] [32m[1mLinking CXX executable g1_loco_client_example[0m
[ 82%] [32m[1mLinking CXX executable g1_arm_action_example[0m
[ 84%] [32m[1mLinking CXX executable go2_robot_state_client[0m
[ 84%] Built target g1_loco_client_example
[ 84%] Built target g1_arm_action_example
[ 84%] Built target go2_robot_state_client
[ 85%] [32m[1mLinking CXX executable h2_ankle_swing_example[0m
[ 85%] Built target h2_ankle_swing_example
[ 87%] [32m[1mLinking CXX executable b2w_stand_example[0m
[ 90%] [32m[1mLinking CXX executable b2w_sport_client[0m
[ 90%] [32m[1mLinking CXX executable b2_stand_example[0m
[ 92%] [32m[1mLinking CXX executable g1_dex3_example[0m
[ 93%] [32m[1mLinking CXX executable h2_loco_client[0m
[ 95%] [32m[1mLinking CXX executable b2_sport_client[0m
[ 95%] Built target b2w_sport_client
[ 95%] Built target b2_sport_client
[ 95%] Built target b2w_stand_example
[ 95%] Built target g1_dex3_example
[ 95%] Built target h2_loco_client
[ 95%] Built target b2_stand_example
[ 96%] [32m[1mLinking CXX executable g1_ankle_swing_example[0m
[ 96%] Built target g1_ankle_swing_example
[ 98%] [32m[1mLinking CXX executable g1_dual_arm_example[0m
[ 98%] Built target g1_dual_arm_example
[100%] [32m[1mLinking CXX executable go2_sport_client[0m
[100%] Built target go2_sport_client
