[0.008s] Invoking command in '/home/simonzhang/g1-mujoco-ros2-nav-sim-G1-MuJoCo-ROS2-/build/unitree_ros2_example': AMENT_PREFIX_PATH=/home/simonzhang/g1-mujoco-ros2-nav-sim-G1-MuJoCo-ROS2-/install/unitree_hg:/home/simonzhang/g1-mujoco-ros2-nav-sim-G1-MuJoCo-ROS2-/install/unitree_go:/home/simonzhang/g1-mujoco-ros2-nav-sim-G1-MuJoCo-ROS2-/install/unitree_api:${AMENT_PREFIX_PATH} CMAKE_PREFIX_PATH=/home/simonzhang/g1-mujoco-ros2-nav-sim-G1-MuJoCo-ROS2-/install/unitree_hg:/home/simonzhang/g1-mujoco-ros2-nav-sim-G1-MuJoCo-ROS2-/install/unitree_go:/home/simonzhang/g1-mujoco-ros2-nav-sim-G1-MuJoCo-ROS2-/install/unitree_api:/opt/ros/humble LD_LIBRARY_PATH=/home/simonzhang/g1-mujoco-ros2-nav-sim-G1-MuJoCo-ROS2-/install/unitree_hg/lib:/home/simonzhang/g1-mujoco-ros2-nav-sim-G1-MuJoCo-ROS2-/install/unitree_go/lib:/home/simonzhang/g1-mujoco-ros2-nav-sim-G1-MuJoCo-ROS2-/install/unitree_api/lib:${LD_LIBRARY_PATH} PYTHONPATH=/home/simonzhang/g1-mujoco-ros2-nav-sim-G1-MuJoCo-ROS2-/install/unitree_hg/local/lib/python3.10/dist-packages:/home/simonzhang/g1-mujoco-ros2-nav-sim-G1-MuJoCo-ROS2-/install/unitree_go/local/lib/python3.10/dist-packages:/home/simonzhang/g1-mujoco-ros2-nav-sim-G1-MuJoCo-ROS2-/install/unitree_api/local/lib/python3.10/dist-packages:${PYTHONPATH} /usr/bin/cmake --build /home/simonzhang/g1-mujoco-ros2-nav-sim-G1-MuJoCo-ROS2-/build/unitree_ros2_example -- -j24 -l24
[0.039s] [  1%] [32mBuilding CXX object CMakeFiles/read_motion_state.dir/src/read_motion_state.cpp.o[0m
[0.039s] [  3%] [32mBuilding CXX object CMakeFiles/go2_robot_state_client.dir/src/go2/go2_robot_state_client.cpp.o[0m
[0.039s] [  4%] [32mBuilding CXX object CMakeFiles/go2_sport_client.dir/src/go2/go2_sport_client.cpp.o[0m
[0.040s] [  6%] [32mBuilding CXX object CMakeFiles/g1_dex3_example.dir/src/g1/dex3/g1_dex3_example.cpp.o[0m
[0.041s] [  9%] [32mBuilding CXX object CMakeFiles/low_level_ctrl.dir/src/low_level_ctrl.cpp.o[0m
[0.041s] [  9%] [32mBuilding CXX object CMakeFiles/low_level_ctrl_hg.dir/src/h1-2/lowlevel/low_level_ctrl_hg.cpp.o[0m
[0.041s] [ 12%] [32mBuilding CXX object CMakeFiles/g1_arm_action_example.dir/src/g1/high_level/g1_arm_action_example.cpp.o[0m
[0.041s] [ 14%] [32mBuilding CXX object CMakeFiles/read_low_state_hg.dir/src/read_low_state_hg.cpp.o[0m
[0.041s] [ 14%] [32mBuilding CXX object CMakeFiles/read_low_state.dir/src/read_low_state.cpp.o[0m
[0.042s] [ 15%] [32mBuilding CXX object CMakeFiles/g1_low_level_example.dir/src/g1/lowlevel/g1_low_level_example.cpp.o[0m
[0.042s] [ 20%] [32mBuilding CXX object CMakeFiles/read_wireless_controller.dir/src/read_wireless_controller.cpp.o[0m
[0.043s] [ 20%] [32mBuilding CXX object CMakeFiles/g1_low_level_example.dir/src/common/motor_crc_hg.cpp.o[0m
[0.043s] [ 22%] [32mBuilding CXX object CMakeFiles/g1_loco_client_example.dir/src/g1/high_level/loco_client_example.cpp.o[0m
[0.043s] [ 23%] [32mBuilding CXX object CMakeFiles/g1_ankle_swing_example.dir/src/g1/lowlevel/g1_ankle_swing_example.cpp.o[0m
[0.043s] [ 17%] [32mBuilding CXX object CMakeFiles/go2_stand_example.dir/src/go2/go2_stand_example.cpp.o[0m
[0.048s] [ 25%] [32mBuilding CXX object CMakeFiles/b2_stand_example.dir/src/b2/b2_stand_example.cpp.o[0m
[0.048s] [ 26%] [32mBuilding CXX object CMakeFiles/b2w_sport_client.dir/src/b2w/b2w_sport_client.cpp.o[0m
[0.048s] [ 28%] [32mBuilding CXX object CMakeFiles/g1_audio_client_example.dir/src/g1/audio_client/g1_audio_client_example.cpp.o[0m
[0.049s] [ 30%] [32mBuilding CXX object CMakeFiles/g1_arm_sdk_dds_example.dir/src/g1/high_level/g1_arm_sdk_dds_example.cpp.o[0m
[0.049s] [ 31%] [32mBuilding CXX object CMakeFiles/b2w_stand_example.dir/src/b2w/b2w_stand_example.cpp.o[0m
[0.049s] [ 33%] [32mBuilding CXX object CMakeFiles/b2_sport_client.dir/src/b2/b2_sport_client.cpp.o[0m
[0.051s] [ 34%] [32mBuilding CXX object CMakeFiles/g1_dual_arm_example.dir/src/g1/lowlevel/g1_dual_arm_example.cpp.o[0m
[0.051s] [ 36%] [32mBuilding CXX object CMakeFiles/h2_ankle_swing_example.dir/src/h2/low_level/h2_ankle_swing_example.cpp.o[0m
[0.052s] [ 38%] [32mBuilding CXX object CMakeFiles/h2_loco_client.dir/src/h2/high_level/h2_loco_client.cpp.o[0m
[0.110s] In file included from [01m[K/home/simonzhang/g1-mujoco-ros2-nav-sim-G1-MuJoCo-ROS2-/src/unitree_ros2/example/src/src/g1/high_level/g1_arm_action_example.cpp:11[m[K:
[0.110s] [01m[K/home/simonzhang/g1-mujoco-ros2-nav-sim-G1-MuJoCo-ROS2-/src/unitree_ros2/example/src/include/common/ut_errror.hpp:13:59:[m[K [01;35m[Kwarning: [m[Kbackslash-newline at end of file
[0.110s]    13 | #define UT_PRINT_ERR(code, error)                         \
[0.110s]       |                                                            
[0.230s] In file included from [01m[K/home/simonzhang/g1-mujoco-ros2-nav-sim-G1-MuJoCo-ROS2-/src/unitree_ros2/example/src/include/common/base_client.hpp:11[m[K,
[0.230s]                  from [01m[K/home/simonzhang/g1-mujoco-ros2-nav-sim-G1-MuJoCo-ROS2-/src/unitree_ros2/example/src/include/g1/g1_audio_client.hpp:6[m[K,
[0.230s]                  from [01m[K/home/simonzhang/g1-mujoco-ros2-nav-sim-G1-MuJoCo-ROS2-/src/unitree_ros2/example/src/src/g1/audio_client/g1_audio_client_example.cpp:11[m[K:
[0.230s] [01m[K/home/simonzhang/g1-mujoco-ros2-nav-sim-G1-MuJoCo-ROS2-/src/unitree_ros2/example/src/include/common/ut_errror.hpp:13:59:[m[K [01;35m[Kwarning: [m[Kbackslash-newline at end of file
[0.230s]    13 | #define UT_PRINT_ERR(code, error)                         \
[0.230s]       |                                                            
[0.236s] In file included from [01m[K/home/simonzhang/g1-mujoco-ros2-nav-sim-G1-MuJoCo-ROS2-/src/unitree_ros2/example/src/include/common/b2_base_client.hpp:16[m[K,
[0.237s]                  from [01m[K/home/simonzhang/g1-mujoco-ros2-nav-sim-G1-MuJoCo-ROS2-/src/unitree_ros2/example/src/include/b2/b2_motion_switch_client.hpp:11[m[K,
[0.237s]                  from [01m[K/home/simonzhang/g1-mujoco-ros2-nav-sim-G1-MuJoCo-ROS2-/src/unitree_ros2/example/src/src/b2w/b2w_stand_example.cpp:11[m[K:
[0.237s] [01m[K/home/simonzhang/g1-mujoco-ros2-nav-sim-G1-MuJoCo-ROS2-/src/unitree_ros2/example/src/include/common/ut_errror.hpp:13:59:[m[K [01;35m[Kwarning: [m[Kbackslash-newline at end of file
[0.237s]    13 | #define UT_PRINT_ERR(code, error)                         \
[0.237s]       |                                                            
[0.251s] In file included from [01m[K/home/simonzhang/g1-mujoco-ros2-nav-sim-G1-MuJoCo-ROS2-/src/unitree_ros2/example/src/include/common/b2_base_client.hpp:16[m[K,
[0.251s]                  from [01m[K/home/simonzhang/g1-mujoco-ros2-nav-sim-G1-MuJoCo-ROS2-/src/unitree_ros2/example/src/include/b2/b2_motion_switch_client.hpp:11[m[K,
[0.251s]                  from [01m[K/home/simonzhang/g1-mujoco-ros2-nav-sim-G1-MuJoCo-ROS2-/src/unitree_ros2/example/src/src/b2/b2_stand_example.cpp:11[m[K:
[0.251s] [01m[K/home/simonzhang/g1-mujoco-ros2-nav-sim-G1-MuJoCo-ROS2-/src/unitree_ros2/example/src/include/common/ut_errror.hpp:13:59:[m[K [01;35m[Kwarning: [m[Kbackslash-newline at end of file
[0.251s]    13 | #define UT_PRINT_ERR(code, error)                         \
[0.251s]       |                                                            
[0.355s] In file included from [01m[K/home/simonzhang/g1-mujoco-ros2-nav-sim-G1-MuJoCo-ROS2-/src/unitree_ros2/example/src/include/common/base_client.hpp:11[m[K,
[0.356s]                  from [01m[K/home/simonzhang/g1-mujoco-ros2-nav-sim-G1-MuJoCo-ROS2-/src/unitree_ros2/example/src/include/g1/g1_loco_client.hpp:10[m[K,
[0.356s]                  from [01m[K/home/simonzhang/g1-mujoco-ros2-nav-sim-G1-MuJoCo-ROS2-/src/unitree_ros2/example/src/src/g1/high_level/loco_client_example.cpp:3[m[K:
[0.356s] [01m[K/home/simonzhang/g1-mujoco-ros2-nav-sim-G1-MuJoCo-ROS2-/src/unitree_ros2/example/src/include/common/ut_errror.hpp:13:59:[m[K [01;35m[Kwarning: [m[Kbackslash-newline at end of file
[0.356s]    13 | #define UT_PRINT_ERR(code, error)                         \
[0.356s]       |                                                            
[0.396s] In file included from [01m[K/home/simonzhang/g1-mujoco-ros2-nav-sim-G1-MuJoCo-ROS2-/src/unitree_ros2/example/src/include/common/b2_base_client.hpp:16[m[K,
[0.396s]                  from [01m[K/home/simonzhang/g1-mujoco-ros2-nav-sim-G1-MuJoCo-ROS2-/src/unitree_ros2/example/src/include/h2/h2_loco_client.hpp:11[m[K,
[0.396s]                  from [01m[K/home/simonzhang/g1-mujoco-ros2-nav-sim-G1-MuJoCo-ROS2-/src/unitree_ros2/example/src/src/h2/high_level/h2_loco_client.cpp:9[m[K:
[0.396s] [01m[K/home/simonzhang/g1-mujoco-ros2-nav-sim-G1-MuJoCo-ROS2-/src/unitree_ros2/example/src/include/common/ut_errror.hpp:13:59:[m[K [01;35m[Kwarning: [m[Kbackslash-newline at end of file
[0.396s]    13 | #define UT_PRINT_ERR(code, error)                         \
[0.396s]       |                                                            
[0.456s] In file included from [01m[K/home/simonzhang/g1-mujoco-ros2-nav-sim-G1-MuJoCo-ROS2-/src/unitree_ros2/example/src/include/common/base_client.hpp:11[m[K,
[0.457s]                  from [01m[K/home/simonzhang/g1-mujoco-ros2-nav-sim-G1-MuJoCo-ROS2-/src/unitree_ros2/example/src/include/g1/g1_motion_switch_client.hpp:11[m[K,
[0.457s]                  from [01m[K/home/simonzhang/g1-mujoco-ros2-nav-sim-G1-MuJoCo-ROS2-/src/unitree_ros2/example/src/src/g1/lowlevel/g1_dual_arm_example.cpp:18[m[K:
[0.457s] [01m[K/home/simonzhang/g1-mujoco-ros2-nav-sim-G1-MuJoCo-ROS2-/src/unitree_ros2/example/src/include/common/ut_errror.hpp:13:59:[m[K [01;35m[Kwarning: [m[Kbackslash-newline at end of file
[0.457s]    13 | #define UT_PRINT_ERR(code, error)                         \
[0.457s]       |                                                            
[2.418s] [ 39%] [32mBuilding CXX object CMakeFiles/g1_arm_sdk_dds_example.dir/src/common/motor_crc.cpp.o[0m
[4.261s] [ 41%] [32mBuilding CXX object CMakeFiles/go2_stand_example.dir/src/common/motor_crc.cpp.o[0m
[5.128s] [ 42%] [32m[1mLinking CXX executable read_low_state_hg[0m
[5.246s] [ 44%] [32mBuilding CXX object CMakeFiles/low_level_ctrl.dir/src/common/motor_crc.cpp.o[0m
[5.340s] [ 46%] [32mBuilding CXX object CMakeFiles/b2_sport_client.dir/src/common/ros2_b2_sport_client.cpp.o[0m
[5.453s] [ 46%] Built target read_low_state_hg
[5.461s] [ 47%] [32mBuilding CXX object CMakeFiles/low_level_ctrl_hg.dir/src/common/motor_crc_hg.cpp.o[0m
[5.499s] [ 49%] [32mBuilding CXX object CMakeFiles/b2w_sport_client.dir/src/common/ros2_b2_sport_client.cpp.o[0m
[5.618s] [ 50%] [32m[1mLinking CXX executable read_low_state[0m
[5.761s] [ 52%] [32m[1mLinking CXX executable read_motion_state[0m
[5.826s] [ 53%] [32mBuilding CXX object CMakeFiles/b2_stand_example.dir/src/common/motor_crc.cpp.o[0m
[5.883s] [ 55%] [32m[1mLinking CXX executable g1_low_level_example[0m
[5.965s] [ 55%] Built target read_low_state
[5.972s] [ 57%] [32mBuilding CXX object CMakeFiles/g1_loco_client_example.dir/src/common/motor_crc.cpp.o[0m
[5.982s] [ 57%] Built target read_motion_state
[5.988s] [ 58%] [32mBuilding CXX object CMakeFiles/g1_arm_action_example.dir/src/common/motor_crc.cpp.o[0m
[6.231s] [ 58%] Built target g1_low_level_example
[6.239s] [ 60%] [32mBuilding CXX object CMakeFiles/b2w_stand_example.dir/src/common/motor_crc.cpp.o[0m
[6.800s] [ 61%] [32m[1mLinking CXX executable read_wireless_controller[0m
[6.963s] [ 63%] [32m[1mLinking CXX executable low_level_ctrl[0m
[6.998s] [ 65%] [32mBuilding CXX object CMakeFiles/go2_robot_state_client.dir/src/common/motor_crc.cpp.o[0m
[7.002s] [ 66%] [32mBuilding CXX object CMakeFiles/h2_ankle_swing_example.dir/src/common/motor_crc_hg.cpp.o[0m
[7.092s] [ 66%] Built target low_level_ctrl
[7.095s] [ 68%] [32mBuilding CXX object CMakeFiles/g1_dual_arm_example.dir/src/common/motor_crc_hg.cpp.o[0m
[7.097s] [ 68%] Built target read_wireless_controller
[7.110s] [ 69%] [32mBuilding CXX object CMakeFiles/g1_dex3_example.dir/src/common/motor_crc.cpp.o[0m
[7.133s] [ 71%] [32mBuilding CXX object CMakeFiles/go2_sport_client.dir/src/common/ros2_sport_client.cpp.o[0m
[7.223s] [ 73%] [32m[1mLinking CXX executable go2_stand_example[0m
[7.303s] [ 74%] [32m[1mLinking CXX executable g1_arm_sdk_dds_example[0m
[7.336s] [ 76%] [32mBuilding CXX object CMakeFiles/g1_ankle_swing_example.dir/src/common/motor_crc_hg.cpp.o[0m
[7.442s] [ 77%] [32m[1mLinking CXX executable g1_audio_client_example[0m
[7.542s] [ 77%] Built target go2_stand_example
[7.630s] [ 77%] Built target g1_arm_sdk_dds_example
[7.773s] [ 79%] [32m[1mLinking CXX executable low_level_ctrl_hg[0m
[7.819s] [ 79%] Built target g1_audio_client_example
[8.083s] [ 79%] Built target low_level_ctrl_hg
[8.434s] [ 80%] [32m[1mLinking CXX executable g1_loco_client_example[0m
[8.599s] [ 82%] [32m[1mLinking CXX executable g1_arm_action_example[0m
[8.723s] [ 84%] [32m[1mLinking CXX executable go2_robot_state_client[0m
[8.765s] [ 84%] Built target g1_loco_client_example
[8.861s] [ 84%] Built target g1_arm_action_example
[8.975s] [ 84%] Built target go2_robot_state_client
[8.999s] [ 85%] [32m[1mLinking CXX executable h2_ankle_swing_example[0m
[9.213s] [ 85%] Built target h2_ankle_swing_example
[9.268s] [ 87%] [32m[1mLinking CXX executable b2w_stand_example[0m
[9.321s] [ 90%] [32m[1mLinking CXX executable b2w_sport_client[0m
[9.321s] [ 90%] [32m[1mLinking CXX executable b2_stand_example[0m
[9.392s] [ 92%] [32m[1mLinking CXX executable g1_dex3_example[0m
[9.393s] [ 93%] [32m[1mLinking CXX executable h2_loco_client[0m
[9.436s] [ 95%] [32m[1mLinking CXX executable b2_sport_client[0m
[9.442s] [ 95%] Built target b2w_sport_client
[9.558s] [ 95%] Built target b2_sport_client
[9.597s] [ 95%] Built target b2w_stand_example
[9.626s] [ 95%] Built target g1_dex3_example
[9.650s] [ 95%] Built target h2_loco_client
[9.688s] [ 95%] Built target b2_stand_example
[9.707s] [ 96%] [32m[1mLinking CXX executable g1_ankle_swing_example[0m
[9.976s] [ 96%] Built target g1_ankle_swing_example
[11.371s] [ 98%] [32m[1mLinking CXX executable g1_dual_arm_example[0m
[11.674s] [ 98%] Built target g1_dual_arm_example
[12.602s] [100%] [32m[1mLinking CXX executable go2_sport_client[0m
[12.915s] [100%] Built target go2_sport_client
