[0.347s] Invoking command in '/home/simonzhang/g1-mujoco-ros2-nav-sim-G1-MuJoCo-ROS2-/src/mujuco_sim': PYTHONPATH=/home/simonzhang/g1-mujoco-ros2-nav-sim-G1-MuJoCo-ROS2-/build/mujuco_sim/prefix_override:/usr/lib/python3/dist-packages/colcon_core/task/python/colcon_distutils_commands:/home/simonzhang/g1-mujoco-ros2-nav-sim-G1-MuJoCo-ROS2-/install/mujuco_sim/lib/python3.10/site-packages:${PYTHONPATH} /usr/bin/python3 -W ignore:setup.py install is deprecated -W ignore:easy_install command is deprecated setup.py egg_info --egg-base ../../build/mujuco_sim build --build-base /home/simonzhang/g1-mujoco-ros2-nav-sim-G1-MuJoCo-ROS2-/build/mujuco_sim/build install --record /home/simonzhang/g1-mujoco-ros2-nav-sim-G1-MuJoCo-ROS2-/build/mujuco_sim/install.log --single-version-externally-managed install_data
[0.441s] running egg_info
[0.441s] writing ../../build/mujuco_sim/mujuco_sim.egg-info/PKG-INFO
[0.441s] writing dependency_links to ../../build/mujuco_sim/mujuco_sim.egg-info/dependency_links.txt
[0.441s] writing entry points to ../../build/mujuco_sim/mujuco_sim.egg-info/entry_points.txt
[0.442s] writing requirements to ../../build/mujuco_sim/mujuco_sim.egg-info/requires.txt
[0.442s] writing top-level names to ../../build/mujuco_sim/mujuco_sim.egg-info/top_level.txt
[0.442s] reading manifest file '../../build/mujuco_sim/mujuco_sim.egg-info/SOURCES.txt'
[0.442s] writing manifest file '../../build/mujuco_sim/mujuco_sim.egg-info/SOURCES.txt'
[0.442s] running build
[0.442s] running build_py
[0.442s] running install
[0.442s] running install_lib
[0.443s] running install_data
[0.443s] copying launch/map.launch.py -> /home/simonzhang/g1-mujoco-ros2-nav-sim-G1-MuJoCo-ROS2-/install/mujuco_sim/share/mujuco_sim/launch
[0.443s] copying launch/nav.launch.py -> /home/simonzhang/g1-mujoco-ros2-nav-sim-G1-MuJoCo-ROS2-/install/mujuco_sim/share/mujuco_sim/launch
[0.443s] copying launch/g1_nav_sim.launch.py -> /home/simonzhang/g1-mujoco-ros2-nav-sim-G1-MuJoCo-ROS2-/install/mujuco_sim/share/mujuco_sim/launch
[0.443s] running install_egg_info
[0.444s] removing '/home/simonzhang/g1-mujoco-ros2-nav-sim-G1-MuJoCo-ROS2-/install/mujuco_sim/lib/python3.10/site-packages/mujuco_sim-0.0.1-py3.10.egg-info' (and everything under it)
[0.444s] Copying ../../build/mujuco_sim/mujuco_sim.egg-info to /home/simonzhang/g1-mujoco-ros2-nav-sim-G1-MuJoCo-ROS2-/install/mujuco_sim/lib/python3.10/site-packages/mujuco_sim-0.0.1-py3.10.egg-info
[0.444s] running install_scripts
[0.454s] Installing fastlio_tf_bridge script to /home/simonzhang/g1-mujoco-ros2-nav-sim-G1-MuJoCo-ROS2-/install/mujuco_sim/lib/mujuco_sim
[0.454s] Installing mujoco_camera_bridge script to /home/simonzhang/g1-mujoco-ros2-nav-sim-G1-MuJoCo-ROS2-/install/mujuco_sim/lib/mujuco_sim
[0.454s] Installing unitree_mujoco_shm_bridge script to /home/simonzhang/g1-mujoco-ros2-nav-sim-G1-MuJoCo-ROS2-/install/mujuco_sim/lib/mujuco_sim
[0.454s] writing list of installed files to '/home/simonzhang/g1-mujoco-ros2-nav-sim-G1-MuJoCo-ROS2-/build/mujuco_sim/install.log'
[0.466s] Invoked command in '/home/simonzhang/g1-mujoco-ros2-nav-sim-G1-MuJoCo-ROS2-/src/mujuco_sim' returned '0': PYTHONPATH=/home/simonzhang/g1-mujoco-ros2-nav-sim-G1-MuJoCo-ROS2-/build/mujuco_sim/prefix_override:/usr/lib/python3/dist-packages/colcon_core/task/python/colcon_distutils_commands:/home/simonzhang/g1-mujoco-ros2-nav-sim-G1-MuJoCo-ROS2-/install/mujuco_sim/lib/python3.10/site-packages:${PYTHONPATH} /usr/bin/python3 -W ignore:setup.py install is deprecated -W ignore:easy_install command is deprecated setup.py egg_info --egg-base ../../build/mujuco_sim build --build-base /home/simonzhang/g1-mujoco-ros2-nav-sim-G1-MuJoCo-ROS2-/build/mujuco_sim/build install --record /home/simonzhang/g1-mujoco-ros2-nav-sim-G1-MuJoCo-ROS2-/build/mujuco_sim/install.log --single-version-externally-managed install_data
