[0.008s] Invoking command in '/home/simonzhang/g1-mujoco-ros2-nav-sim-G1-MuJoCo-ROS2-/build/unitree_ros2_example': AMENT_PREFIX_PATH=/home/simonzhang/g1-mujoco-ros2-nav-sim-G1-MuJoCo-ROS2-/install/unitree_hg:/home/simonzhang/g1-mujoco-ros2-nav-sim-G1-MuJoCo-ROS2-/install/unitree_go:/home/simonzhang/g1-mujoco-ros2-nav-sim-G1-MuJoCo-ROS2-/install/unitree_api:${AMENT_PREFIX_PATH} CMAKE_PREFIX_PATH=/home/simonzhang/g1-mujoco-ros2-nav-sim-G1-MuJoCo-ROS2-/install/unitree_hg:/home/simonzhang/g1-mujoco-ros2-nav-sim-G1-MuJoCo-ROS2-/install/unitree_go:/home/simonzhang/g1-mujoco-ros2-nav-sim-G1-MuJoCo-ROS2-/install/unitree_api:/opt/ros/humble LD_LIBRARY_PATH=/home/simonzhang/g1-mujoco-ros2-nav-sim-G1-MuJoCo-ROS2-/install/unitree_hg/lib:/home/simonzhang/g1-mujoco-ros2-nav-sim-G1-MuJoCo-ROS2-/install/unitree_go/lib:/home/simonzhang/g1-mujoco-ros2-nav-sim-G1-MuJoCo-ROS2-/install/unitree_api/lib:${LD_LIBRARY_PATH} PYTHONPATH=/home/simonzhang/g1-mujoco-ros2-nav-sim-G1-MuJoCo-ROS2-/install/unitree_hg/local/lib/python3.10/dist-packages:/home/simonzhang/g1-mujoco-ros2-nav-sim-G1-MuJoCo-ROS2-/install/unitree_go/local/lib/python3.10/dist-packages:/home/simonzhang/g1-mujoco-ros2-nav-sim-G1-MuJoCo-ROS2-/install/unitree_api/local/lib/python3.10/dist-packages:${PYTHONPATH} /usr/bin/cmake /home/simonzhang/g1-mujoco-ros2-nav-sim-G1-MuJoCo-ROS2-/src/unitree_ros2/example/src -DPython3_EXECUTABLE=/usr/bin/python3 -DCMAKE_INSTALL_PREFIX=/home/simonzhang/g1-mujoco-ros2-nav-sim-G1-MuJoCo-ROS2-/install/unitree_ros2_example
[0.041s] -- The C compiler identification is GNU 11.4.0
[0.073s] -- The CXX compiler identification is GNU 11.4.0
[0.077s] -- Detecting C compiler ABI info
[0.120s] -- Detecting C compiler ABI info - done
[0.124s] -- Check for working C compiler: /usr/bin/cc - skipped
[0.124s] -- Detecting C compile features
[0.124s] -- Detecting C compile features - done
[0.126s] -- Detecting CXX compiler ABI info
[0.172s] -- Detecting CXX compiler ABI info - done
[0.177s] -- Check for working CXX compiler: /usr/bin/c++ - skipped
[0.177s] -- Detecting CXX compile features
[0.177s] -- Detecting CXX compile features - done
[0.177s] -- Found ament_cmake: 1.3.14 (/opt/ros/humble/share/ament_cmake/cmake)
[0.263s] -- Found Python3: /usr/bin/python3 (found version "3.10.12") found components: Interpreter 
[0.309s] -- Found unitree_go: 0.0.0 (/home/simonzhang/g1-mujoco-ros2-nav-sim-G1-MuJoCo-ROS2-/install/unitree_go/share/unitree_go/cmake)
[0.326s] -- Found rosidl_generator_c: 3.1.8 (/opt/ros/humble/share/rosidl_generator_c/cmake)
[0.328s] -- Found rosidl_adapter: 3.1.8 (/opt/ros/humble/share/rosidl_adapter/cmake)
[0.332s] -- Found rosidl_generator_cpp: 3.1.8 (/opt/ros/humble/share/rosidl_generator_cpp/cmake)
[0.337s] -- Using all available rosidl_typesupport_c: rosidl_typesupport_fastrtps_c;rosidl_typesupport_introspection_c
[0.344s] -- Using all available rosidl_typesupport_cpp: rosidl_typesupport_fastrtps_cpp;rosidl_typesupport_introspection_cpp
[0.366s] -- Found unitree_hg: 0.0.0 (/home/simonzhang/g1-mujoco-ros2-nav-sim-G1-MuJoCo-ROS2-/install/unitree_hg/share/unitree_hg/cmake)
[0.371s] -- Found unitree_api: 0.0.0 (/home/simonzhang/g1-mujoco-ros2-nav-sim-G1-MuJoCo-ROS2-/install/unitree_api/share/unitree_api/cmake)
[0.377s] -- Found rclcpp: 16.0.19 (/opt/ros/humble/share/rclcpp/cmake)
[0.393s] -- Found rmw_implementation_cmake: 6.1.2 (/opt/ros/humble/share/rmw_implementation_cmake/cmake)
[0.395s] -- Found rmw_fastrtps_cpp: 6.2.10 (/opt/ros/humble/share/rmw_fastrtps_cpp/cmake)
[0.440s] -- Found OpenSSL: /usr/lib/x86_64-linux-gnu/libcrypto.so (found version "3.0.2")  
[0.455s] -- Found FastRTPS: /opt/ros/humble/include  
[0.477s] -- Using RMW implementation 'rmw_fastrtps_cpp' as default
[0.481s] -- Looking for pthread.h
[0.525s] -- Looking for pthread.h - found
[0.525s] -- Performing Test CMAKE_HAVE_LIBC_PTHREAD
[0.566s] -- Performing Test CMAKE_HAVE_LIBC_PTHREAD - Success
[0.566s] -- Found Threads: TRUE  
[0.587s] -- Found rosbag2_cpp: 0.15.16 (/opt/ros/humble/share/rosbag2_cpp/cmake)
[0.635s] -- Found yaml-cpp version 0.7.0
[0.637s] -- Found ament_lint_auto: 0.12.15 (/opt/ros/humble/share/ament_lint_auto/cmake)
[0.675s] -- Added test 'copyright' to check source files copyright and LICENSE
[0.677s] -- Added test 'cppcheck' to perform static code analysis on C / C++ code
[0.678s] -- Configured cppcheck include dirs: /home/simonzhang/g1-mujoco-ros2-nav-sim-G1-MuJoCo-ROS2-/src/unitree_ros2/example/src/include;/home/simonzhang/g1-mujoco-ros2-nav-sim-G1-MuJoCo-ROS2-/src/unitree_ros2/example/src/include/common;/home/simonzhang/g1-mujoco-ros2-nav-sim-G1-MuJoCo-ROS2-/src/unitree_ros2/example/src/include/nlohmann
[0.678s] -- Configured cppcheck exclude dirs and/or files: 
[0.680s] -- Added test 'cpplint' to check C / C++ code against the Google style
[0.680s] -- Configured cpplint exclude dirs and/or files: 
[0.680s] -- Added test 'lint_cmake' to check CMake code style
[0.682s] -- Added test 'uncrustify' to check C / C++ code style
[0.682s] -- Configured uncrustify additional arguments: 
[0.683s] -- Added test 'xmllint' to check XML markup files
[0.683s] -- Configuring done
[0.727s] -- Generating done
[0.744s] -- Build files have been written to: /home/simonzhang/g1-mujoco-ros2-nav-sim-G1-MuJoCo-ROS2-/build/unitree_ros2_example
