[0.282s] Invoking command in '/home/simonzhang/g1-mujoco-ros2-nav-sim-G1-MuJoCo-ROS2-/src/mujuco_sim': PYTHONPATH=/home/simonzhang/g1-mujoco-ros2-nav-sim-G1-MuJoCo-ROS2-/build/mujuco_sim/prefix_override:/usr/lib/python3/dist-packages/colcon_core/task/python/colcon_distutils_commands:/home/simonzhang/g1-mujoco-ros2-nav-sim-G1-MuJoCo-ROS2-/install/mujuco_sim/lib/python3.10/site-packages:${PYTHONPATH} /usr/bin/python3 -W ignore:setup.py install is deprecated -W ignore:easy_install command is deprecated setup.py egg_info --egg-base ../../build/mujuco_sim build --build-base /home/simonzhang/g1-mujoco-ros2-nav-sim-G1-MuJoCo-ROS2-/build/mujuco_sim/build install --record /home/simonzhang/g1-mujoco-ros2-nav-sim-G1-MuJoCo-ROS2-/build/mujuco_sim/install.log --single-version-externally-managed install_data
[0.412s] running egg_info
[0.412s] writing ../../build/mujuco_sim/mujuco_sim.egg-info/PKG-INFO
[0.413s] writing dependency_links to ../../build/mujuco_sim/mujuco_sim.egg-info/dependency_links.txt
[0.413s] writing entry points to ../../build/mujuco_sim/mujuco_sim.egg-info/entry_points.txt
[0.413s] writing requirements to ../../build/mujuco_sim/mujuco_sim.egg-info/requires.txt
[0.413s] writing top-level names to ../../build/mujuco_sim/mujuco_sim.egg-info/top_level.txt
[0.414s] reading manifest file '../../build/mujuco_sim/mujuco_sim.egg-info/SOURCES.txt'
[0.415s] writing manifest file '../../build/mujuco_sim/mujuco_sim.egg-info/SOURCES.txt'
[0.416s] running build
[0.416s] running build_py
[0.416s] running install
[0.416s] running install_lib
[0.416s] running install_data
[0.416s] copying launch/g1_joint_mpc.launch.py -> /home/simonzhang/g1-mujoco-ros2-nav-sim-G1-MuJoCo-ROS2-/install/mujuco_sim/share/mujuco_sim/launch
[0.417s] copying config/g1_joint_mpc_nav2_params.yaml -> /home/simonzhang/g1-mujoco-ros2-nav-sim-G1-MuJoCo-ROS2-/install/mujuco_sim/share/mujuco_sim/config
[0.417s] copying map.rviz -> /home/simonzhang/g1-mujoco-ros2-nav-sim-G1-MuJoCo-ROS2-/install/mujuco_sim/share/mujuco_sim/rviz
[0.417s] running install_egg_info
[0.418s] removing '/home/simonzhang/g1-mujoco-ros2-nav-sim-G1-MuJoCo-ROS2-/install/mujuco_sim/lib/python3.10/site-packages/mujuco_sim-0.0.1-py3.10.egg-info' (and everything under it)
[0.419s] Copying ../../build/mujuco_sim/mujuco_sim.egg-info to /home/simonzhang/g1-mujoco-ros2-nav-sim-G1-MuJoCo-ROS2-/install/mujuco_sim/lib/python3.10/site-packages/mujuco_sim-0.0.1-py3.10.egg-info
[0.419s] running install_scripts
[0.432s] Installing fastlio_tf_bridge script to /home/simonzhang/g1-mujoco-ros2-nav-sim-G1-MuJoCo-ROS2-/install/mujuco_sim/lib/mujuco_sim
[0.432s] Installing mpc_path_tracker script to /home/simonzhang/g1-mujoco-ros2-nav-sim-G1-MuJoCo-ROS2-/install/mujuco_sim/lib/mujuco_sim
[0.432s] Installing mujoco_camera_bridge script to /home/simonzhang/g1-mujoco-ros2-nav-sim-G1-MuJoCo-ROS2-/install/mujuco_sim/lib/mujuco_sim
[0.432s] Installing unitree_mujoco_shm_bridge script to /home/simonzhang/g1-mujoco-ros2-nav-sim-G1-MuJoCo-ROS2-/install/mujuco_sim/lib/mujuco_sim
[0.432s] Installing virtual_follower_odom script to /home/simonzhang/g1-mujoco-ros2-nav-sim-G1-MuJoCo-ROS2-/install/mujuco_sim/lib/mujuco_sim
[0.432s] writing list of installed files to '/home/simonzhang/g1-mujoco-ros2-nav-sim-G1-MuJoCo-ROS2-/build/mujuco_sim/install.log'
[0.453s] Invoked command in '/home/simonzhang/g1-mujoco-ros2-nav-sim-G1-MuJoCo-ROS2-/src/mujuco_sim' returned '0': PYTHONPATH=/home/simonzhang/g1-mujoco-ros2-nav-sim-G1-MuJoCo-ROS2-/build/mujuco_sim/prefix_override:/usr/lib/python3/dist-packages/colcon_core/task/python/colcon_distutils_commands:/home/simonzhang/g1-mujoco-ros2-nav-sim-G1-MuJoCo-ROS2-/install/mujuco_sim/lib/python3.10/site-packages:${PYTHONPATH} /usr/bin/python3 -W ignore:setup.py install is deprecated -W ignore:easy_install command is deprecated setup.py egg_info --egg-base ../../build/mujuco_sim build --build-base /home/simonzhang/g1-mujoco-ros2-nav-sim-G1-MuJoCo-ROS2-/build/mujuco_sim/build install --record /home/simonzhang/g1-mujoco-ros2-nav-sim-G1-MuJoCo-ROS2-/build/mujuco_sim/install.log --single-version-externally-managed install_data
