[0.019s] Invoking command in '/home/simonzhang/g1-mujoco-ros2-nav-sim-G1-MuJoCo-ROS2-/build/livox_ros_driver2': CMAKE_PREFIX_PATH=/opt/ros/humble /usr/bin/cmake /home/simonzhang/g1-mujoco-ros2-nav-sim-G1-MuJoCo-ROS2-/src/livox_ros_driver2 -DPython3_EXECUTABLE=/usr/bin/python3 -DCMAKE_INSTALL_PREFIX=/home/simonzhang/g1-mujoco-ros2-nav-sim-G1-MuJoCo-ROS2-/install/livox_ros_driver2
[0.169s] -- livox_ros_driver2 version: 1.2.6
[0.169s] -- Found ament_cmake_auto: 1.3.14 (/opt/ros/humble/share/ament_cmake_auto/cmake)
[0.169s] -- Using all available rosidl_typesupport_c: rosidl_typesupport_fastrtps_c;rosidl_typesupport_introspection_c
[0.169s] -- Found rosidl_adapter: 3.1.8 (/opt/ros/humble/share/rosidl_adapter/cmake)
[0.169s] -- Using all available rosidl_typesupport_cpp: rosidl_typesupport_fastrtps_cpp;rosidl_typesupport_introspection_cpp
[0.184s] -- Found rmw_implementation_cmake: 6.1.2 (/opt/ros/humble/share/rmw_implementation_cmake/cmake)
[0.184s] -- Found rmw_fastrtps_cpp: 6.2.10 (/opt/ros/humble/share/rmw_fastrtps_cpp/cmake)
[0.230s] -- Using RMW implementation 'rmw_fastrtps_cpp' as default
[0.302s] -- Eigen found (include: /usr/include/eigen3, version: 3.4.0)
[0.331s] -- FLANN found (include: /usr/include, lib: /usr/lib/x86_64-linux-gnu/libflann_cpp.so)
[0.460s] -- OpenNI found (version: 1.5.4.0, include: /usr/include/ni, lib: /usr/lib/libOpenNI.so;libusb::libusb)
[0.461s] -- OpenNI2 found (version: 2.2.0.33, include: /usr/include/openni2, lib: /usr/lib/x86_64-linux-gnu/libOpenNI2.so;libusb::libusb)
[0.527s] -- Eigen found (include: /usr/include/eigen3, version: 3.4.0)
[0.530s] -- OpenNI found (version: 1.5.4.0, include: /usr/include/ni, lib: /usr/lib/libOpenNI.so;libusb::libusb)
[0.534s] -- OpenNI2 found (version: 2.2.0.33, include: /usr/include/openni2, lib: /usr/lib/x86_64-linux-gnu/libOpenNI2.so;libusb::libusb)
[0.601s] -- Found Qhull version 8.0.2
[0.672s] -- OpenNI found (version: 1.5.4.0, include: /usr/include/ni, lib: /usr/lib/libOpenNI.so;libusb::libusb)
[0.760s] -- Checking for module 'apr-1'
[0.762s] --   No package 'apr-1' found
[0.869s] -- Found ament_cmake_ros: 0.10.0 (/opt/ros/humble/share/ament_cmake_ros/cmake)
[0.970s] -- Using all available rosidl_typesupport_c: rosidl_typesupport_fastrtps_c;rosidl_typesupport_introspection_c
[1.109s] -- Using all available rosidl_typesupport_cpp: rosidl_typesupport_fastrtps_cpp;rosidl_typesupport_introspection_cpp
[1.121s] -- Found python_cmake_module: 0.10.0 (/opt/ros/humble/share/python_cmake_module/cmake)
[1.134s] -- Using PYTHON_EXECUTABLE: /usr/bin/python3
[1.134s] -- Using PYTHON_INCLUDE_DIRS: /usr/include/python3.10
[1.134s] -- Using PYTHON_LIBRARIES: /usr/lib/x86_64-linux-gnu/libpython3.10.so
[1.189s] -- Found ament_lint_auto: 0.12.15 (/opt/ros/humble/share/ament_lint_auto/cmake)
[1.195s] -- Added test 'copyright' to check source files copyright and LICENSE
[1.197s] -- Added test 'cppcheck' to perform static code analysis on C / C++ code
[1.197s] -- Configured cppcheck include dirs: /home/simonzhang/g1-mujoco-ros2-nav-sim-G1-MuJoCo-ROS2-/src/livox_ros_driver2/3rdparty;/home/simonzhang/g1-mujoco-ros2-nav-sim-G1-MuJoCo-ROS2-/src/livox_ros_driver2/src
[1.197s] -- Configured cppcheck exclude dirs and/or files: 
[1.199s] -- Added test 'cpplint' to check C / C++ code against the Google style
[1.199s] -- Configured cpplint exclude dirs and/or files: 
[1.199s] -- Added test 'flake8' to check Python code syntax and style conventions
[1.200s] -- Added test 'lint_cmake' to check CMake code style
[1.200s] -- Added test 'pep257' to check Python code against some of the docstring style conventions in PEP 257
[1.202s] -- Added test 'uncrustify' to check C / C++ code style
[1.202s] -- Configured uncrustify additional arguments: 
[1.202s] -- Added test 'xmllint' to check XML markup files
[1.203s] -- Configuring done
[1.205s] [0mCMake Error: The following variables are used in this project, but they are set to NOTFOUND.
[1.205s] Please set them or make sure they are set and tested correctly in the CMake files:
[1.205s] /home/simonzhang/g1-mujoco-ros2-nav-sim-G1-MuJoCo-ROS2-/src/livox_ros_driver2/LIVOX_INTERFACES_INCLUDE_DIRECTORIES
[1.205s]    used as include directory in directory /home/simonzhang/g1-mujoco-ros2-nav-sim-G1-MuJoCo-ROS2-/src/livox_ros_driver2
[1.205s] [0m
[1.233s] -- Generating done
[1.235s] [0mCMake Generate step failed.  Build files cannot be regenerated correctly.[0m
