[0.015s] Invoking command in '/home/simonzhang/g1-mujoco-ros2-nav-sim-G1-MuJoCo-ROS2-/build/livox_ros_driver2': CMAKE_PREFIX_PATH=/opt/ros/humble /usr/bin/cmake /home/simonzhang/g1-mujoco-ros2-nav-sim-G1-MuJoCo-ROS2-/src/livox_ros_driver2 -DPython3_EXECUTABLE=/usr/bin/python3 -DCMAKE_INSTALL_PREFIX=/home/simonzhang/g1-mujoco-ros2-nav-sim-G1-MuJoCo-ROS2-/install/livox_ros_driver2
[0.198s] -- livox_ros_driver2 version: 1.2.6
[0.198s] -- Found ament_cmake_auto: 1.3.14 (/opt/ros/humble/share/ament_cmake_auto/cmake)
[0.203s] -- Using all available rosidl_typesupport_c: rosidl_typesupport_fastrtps_c;rosidl_typesupport_introspection_c
[0.207s] -- Found rosidl_adapter: 3.1.8 (/opt/ros/humble/share/rosidl_adapter/cmake)
[0.229s] -- Using all available rosidl_typesupport_cpp: rosidl_typesupport_fastrtps_cpp;rosidl_typesupport_introspection_cpp
[0.288s] -- Found rmw_implementation_cmake: 6.1.2 (/opt/ros/humble/share/rmw_implementation_cmake/cmake)
[0.290s] -- Found rmw_fastrtps_cpp: 6.2.10 (/opt/ros/humble/share/rmw_fastrtps_cpp/cmake)
[0.345s] -- Found OpenSSL: /usr/lib/x86_64-linux-gnu/libcrypto.so (found version "3.0.2")  
[0.369s] -- Found FastRTPS: /opt/ros/humble/include  
[0.404s] -- Using RMW implementation 'rmw_fastrtps_cpp' as default
[0.574s] -- Eigen found (include: /usr/include/eigen3, version: 3.4.0)
[0.600s] -- FLANN found (include: /usr/include, lib: /usr/lib/x86_64-linux-gnu/libflann_cpp.so)
[0.979s] -- OpenNI found (version: 1.5.4.0, include: /usr/include/ni, lib: /usr/lib/libOpenNI.so;libusb::libusb)
[0.989s] -- OpenNI2 found (version: 2.2.0.33, include: /usr/include/openni2, lib: /usr/lib/x86_64-linux-gnu/libOpenNI2.so;libusb::libusb)
[1.245s] -- Eigen found (include: /usr/include/eigen3, version: 3.4.0)
[1.251s] -- OpenNI found (version: 1.5.4.0, include: /usr/include/ni, lib: /usr/lib/libOpenNI.so;libusb::libusb)
[1.263s] -- OpenNI2 found (version: 2.2.0.33, include: /usr/include/openni2, lib: /usr/lib/x86_64-linux-gnu/libOpenNI2.so;libusb::libusb)
[1.490s] -- Found Qhull version 8.0.2
[1.670s] -- OpenNI found (version: 1.5.4.0, include: /usr/include/ni, lib: /usr/lib/libOpenNI.so;libusb::libusb)
[1.811s] -- Checking for module 'apr-1'
[1.812s] --   No package 'apr-1' found
[1.920s] -- Found ament_cmake_ros: 0.10.0 (/opt/ros/humble/share/ament_cmake_ros/cmake)
[2.040s] -- Using all available rosidl_typesupport_c: rosidl_typesupport_fastrtps_c;rosidl_typesupport_introspection_c
[2.225s] -- Using all available rosidl_typesupport_cpp: rosidl_typesupport_fastrtps_cpp;rosidl_typesupport_introspection_cpp
[2.257s] -- Found PythonInterp: /usr/bin/python3 (found suitable version "3.10.12", minimum required is "3.6") 
[2.258s] -- Found python_cmake_module: 0.10.0 (/opt/ros/humble/share/python_cmake_module/cmake)
[2.295s] -- Found PythonLibs: /usr/lib/x86_64-linux-gnu/libpython3.10.so (found suitable version "3.10.12", minimum required is "3.5") 
[2.295s] -- Using PYTHON_EXECUTABLE: /usr/bin/python3
[2.295s] -- Using PYTHON_INCLUDE_DIRS: /usr/include/python3.10
[2.295s] -- Using PYTHON_LIBRARIES: /usr/lib/x86_64-linux-gnu/libpython3.10.so
[2.313s] -- Found PythonExtra: .so  
[2.468s] [31mCMake Error at CMakeLists.txt:249 (find_library):
[2.468s]   Could not find LIVOX_LIDAR_SDK_LIBRARY using the following names:
[2.468s]   liblivox_lidar_sdk_shared.so, /usr/local/lib
[2.468s] 
[2.469s] [0m
[2.469s] -- Configuring incomplete, errors occurred!
[2.469s] See also "/home/simonzhang/g1-mujoco-ros2-nav-sim-G1-MuJoCo-ROS2-/build/livox_ros_driver2/CMakeFiles/CMakeOutput.log".
