[0.018s] Invoking command in '/home/simonzhang/g1-mujoco-ros2-nav-sim-G1-MuJoCo-ROS2-/build/livox_sdk2': /usr/bin/cmake --build /home/simonzhang/g1-mujoco-ros2-nav-sim-G1-MuJoCo-ROS2-/build/livox_sdk2 -- -j24 -l24
[0.208s] [35m[1mConsolidate compiler generated dependencies of target livox_lidar_sdk_static[0m
[0.208s] [35m[1mConsolidate compiler generated dependencies of target livox_lidar_sdk_shared[0m
[0.209s] [ 42%] Built target livox_lidar_sdk_shared
[0.209s] [ 84%] Built target livox_lidar_sdk_static
[0.209s] [35m[1mConsolidate compiler generated dependencies of target lidar_cmd_observer[0m
[0.209s] [35m[1mConsolidate compiler generated dependencies of target livox_lidar_quick_start[0m
[0.209s] [35m[1mConsolidate compiler generated dependencies of target debug_point_cloud[0m
[0.209s] [35m[1mConsolidate compiler generated dependencies of target multi_lidars_upgrade[0m
[0.209s] [35m[1mConsolidate compiler generated dependencies of target logger[0m
[0.209s] [35m[1mConsolidate compiler generated dependencies of target livox_lidar_rmc_time_sync[0m
[0.209s] [ 87%] Built target livox_lidar_quick_start
[0.209s] [ 89%] Built target multi_lidars_upgrade
[0.209s] [ 91%] Built target debug_point_cloud
[0.209s] [ 94%] Built target logger
[0.209s] [ 98%] Built target lidar_cmd_observer
[0.209s] [100%] Built target livox_lidar_rmc_time_sync
[0.601s] Invoked command in '/home/simonzhang/g1-mujoco-ros2-nav-sim-G1-MuJoCo-ROS2-/build/livox_sdk2' returned '0': /usr/bin/cmake --build /home/simonzhang/g1-mujoco-ros2-nav-sim-G1-MuJoCo-ROS2-/build/livox_sdk2 -- -j24 -l24
[0.614s] Invoking command in '/home/simonzhang/g1-mujoco-ros2-nav-sim-G1-MuJoCo-ROS2-/build/livox_sdk2': /usr/bin/cmake --install /home/simonzhang/g1-mujoco-ros2-nav-sim-G1-MuJoCo-ROS2-/build/livox_sdk2
[0.641s] -- Install configuration: ""
[0.641s] -- Installing: /home/simonzhang/g1-mujoco-ros2-nav-sim-G1-MuJoCo-ROS2-/install/livox_sdk2/lib/liblivox_lidar_sdk_static.a
[0.678s] -- Installing: /home/simonzhang/g1-mujoco-ros2-nav-sim-G1-MuJoCo-ROS2-/install/livox_sdk2/include/livox_lidar_def.h
[0.678s] -- Installing: /home/simonzhang/g1-mujoco-ros2-nav-sim-G1-MuJoCo-ROS2-/install/livox_sdk2/include/livox_lidar_api.h
[0.678s] -- Installing: /home/simonzhang/g1-mujoco-ros2-nav-sim-G1-MuJoCo-ROS2-/install/livox_sdk2/include/livox_lidar_cfg.h
[0.678s] -- Installing: /home/simonzhang/g1-mujoco-ros2-nav-sim-G1-MuJoCo-ROS2-/install/livox_sdk2/lib/liblivox_lidar_sdk_shared.so
[0.691s] Invoked command in '/home/simonzhang/g1-mujoco-ros2-nav-sim-G1-MuJoCo-ROS2-/build/livox_sdk2' returned '0': /usr/bin/cmake --install /home/simonzhang/g1-mujoco-ros2-nav-sim-G1-MuJoCo-ROS2-/build/livox_sdk2
